Archive member included to satisfy reference by file (symbol)

c:/st/stm32cubeide_1.1.0/stm32cubeide/plugins/com.st.stm32cube.ide.mcu.externaltools.gnu-tools-for-stm32.7-2018-q2-update.win32_1.0.0.201904181610/tools/bin/../lib/gcc/arm-none-eabi/7.3.1/../../../../arm-none-eabi/lib/thumb/v7e-m/fpv4-sp/hard\libc_nano.a(lib_a-errno.o)
                              Core/Src/syscalls.o (__errno)
c:/st/stm32cubeide_1.1.0/stm32cubeide/plugins/com.st.stm32cube.ide.mcu.externaltools.gnu-tools-for-stm32.7-2018-q2-update.win32_1.0.0.201904181610/tools/bin/../lib/gcc/arm-none-eabi/7.3.1/../../../../arm-none-eabi/lib/thumb/v7e-m/fpv4-sp/hard\libc_nano.a(lib_a-exit.o)
                              c:/st/stm32cubeide_1.1.0/stm32cubeide/plugins/com.st.stm32cube.ide.mcu.externaltools.gnu-tools-for-stm32.7-2018-q2-update.win32_1.0.0.201904181610/tools/bin/../lib/gcc/arm-none-eabi/7.3.1/../../../../arm-none-eabi/lib/thumb/v7e-m/fpv4-sp/hard/crt0.o (exit)
c:/st/stm32cubeide_1.1.0/stm32cubeide/plugins/com.st.stm32cube.ide.mcu.externaltools.gnu-tools-for-stm32.7-2018-q2-update.win32_1.0.0.201904181610/tools/bin/../lib/gcc/arm-none-eabi/7.3.1/../../../../arm-none-eabi/lib/thumb/v7e-m/fpv4-sp/hard\libc_nano.a(lib_a-impure.o)
                              c:/st/stm32cubeide_1.1.0/stm32cubeide/plugins/com.st.stm32cube.ide.mcu.externaltools.gnu-tools-for-stm32.7-2018-q2-update.win32_1.0.0.201904181610/tools/bin/../lib/gcc/arm-none-eabi/7.3.1/../../../../arm-none-eabi/lib/thumb/v7e-m/fpv4-sp/hard\libc_nano.a(lib_a-exit.o) (_global_impure_ptr)
c:/st/stm32cubeide_1.1.0/stm32cubeide/plugins/com.st.stm32cube.ide.mcu.externaltools.gnu-tools-for-stm32.7-2018-q2-update.win32_1.0.0.201904181610/tools/bin/../lib/gcc/arm-none-eabi/7.3.1/../../../../arm-none-eabi/lib/thumb/v7e-m/fpv4-sp/hard\libc_nano.a(lib_a-init.o)
                              c:/st/stm32cubeide_1.1.0/stm32cubeide/plugins/com.st.stm32cube.ide.mcu.externaltools.gnu-tools-for-stm32.7-2018-q2-update.win32_1.0.0.201904181610/tools/bin/../lib/gcc/arm-none-eabi/7.3.1/../../../../arm-none-eabi/lib/thumb/v7e-m/fpv4-sp/hard/crt0.o (__libc_init_array)
c:/st/stm32cubeide_1.1.0/stm32cubeide/plugins/com.st.stm32cube.ide.mcu.externaltools.gnu-tools-for-stm32.7-2018-q2-update.win32_1.0.0.201904181610/tools/bin/../lib/gcc/arm-none-eabi/7.3.1/../../../../arm-none-eabi/lib/thumb/v7e-m/fpv4-sp/hard\libc_nano.a(lib_a-memset.o)
                              c:/st/stm32cubeide_1.1.0/stm32cubeide/plugins/com.st.stm32cube.ide.mcu.externaltools.gnu-tools-for-stm32.7-2018-q2-update.win32_1.0.0.201904181610/tools/bin/../lib/gcc/arm-none-eabi/7.3.1/../../../../arm-none-eabi/lib/thumb/v7e-m/fpv4-sp/hard/crt0.o (memset)

Allocating common symbols
Common symbol       size              file

hi2c3               0x4c              Core/Src/main.o
hpcd_USB_OTG_FS     0x408             Core/Src/main.o
uwTick              0x4               Drivers/STM32L4xx_HAL_Driver/Src/stm32l4xx_hal.o
htim3               0x40              Core/Src/main.o
htim1               0x40              Core/Src/main.o
g_timer_int_active  0x1               Core/Src/main.o
htim2               0x40              Core/Src/main.o
g_port_active       0x1               Core/Src/main.o
g_ports             0x2f0             Core/Src/main.o
g_IdleIdx           0x1               Core/Src/main.o

Discarded input sections

 .text          0x0000000000000000        0x0 c:/st/stm32cubeide_1.1.0/stm32cubeide/plugins/com.st.stm32cube.ide.mcu.externaltools.gnu-tools-for-stm32.7-2018-q2-update.win32_1.0.0.201904181610/tools/bin/../lib/gcc/arm-none-eabi/7.3.1/thumb/v7e-m/fpv4-sp/hard/crti.o
 .data          0x0000000000000000        0x0 c:/st/stm32cubeide_1.1.0/stm32cubeide/plugins/com.st.stm32cube.ide.mcu.externaltools.gnu-tools-for-stm32.7-2018-q2-update.win32_1.0.0.201904181610/tools/bin/../lib/gcc/arm-none-eabi/7.3.1/thumb/v7e-m/fpv4-sp/hard/crti.o
 .bss           0x0000000000000000        0x0 c:/st/stm32cubeide_1.1.0/stm32cubeide/plugins/com.st.stm32cube.ide.mcu.externaltools.gnu-tools-for-stm32.7-2018-q2-update.win32_1.0.0.201904181610/tools/bin/../lib/gcc/arm-none-eabi/7.3.1/thumb/v7e-m/fpv4-sp/hard/crti.o
 .data          0x0000000000000000        0x4 c:/st/stm32cubeide_1.1.0/stm32cubeide/plugins/com.st.stm32cube.ide.mcu.externaltools.gnu-tools-for-stm32.7-2018-q2-update.win32_1.0.0.201904181610/tools/bin/../lib/gcc/arm-none-eabi/7.3.1/thumb/v7e-m/fpv4-sp/hard/crtbegin.o
 .text          0x0000000000000000       0x74 c:/st/stm32cubeide_1.1.0/stm32cubeide/plugins/com.st.stm32cube.ide.mcu.externaltools.gnu-tools-for-stm32.7-2018-q2-update.win32_1.0.0.201904181610/tools/bin/../lib/gcc/arm-none-eabi/7.3.1/../../../../arm-none-eabi/lib/thumb/v7e-m/fpv4-sp/hard/crt0.o
[...]
Memory Configuration

Name             Origin             Length             Attributes
RAM              0x0000000020000000 0x0000000000018000 xrw
RAM2             0x0000000010000000 0x0000000000008000 xrw
FLASH            0x0000000008000000 0x0000000000100000 xr
*default*        0x0000000000000000 0xffffffffffffffff

Linker script and memory map

LOAD c:/st/stm32cubeide_1.1.0/stm32cubeide/plugins/com.st.stm32cube.ide.mcu.externaltools.gnu-tools-for-stm32.7-2018-q2-update.win32_1.0.0.201904181610/tools/bin/../lib/gcc/arm-none-eabi/7.3.1/thumb/v7e-m/fpv4-sp/hard/crti.o
LOAD c:/st/stm32cubeide_1.1.0/stm32cubeide/plugins/com.st.stm32cube.ide.mcu.externaltools.gnu-tools-for-stm32.7-2018-q2-update.win32_1.0.0.201904181610/tools/bin/../lib/gcc/arm-none-eabi/7.3.1/thumb/v7e-m/fpv4-sp/hard/crtbegin.o
LOAD c:/st/stm32cubeide_1.1.0/stm32cubeide/plugins/com.st.stm32cube.ide.mcu.externaltools.gnu-tools-for-stm32.7-2018-q2-update.win32_1.0.0.201904181610/tools/bin/../lib/gcc/arm-none-eabi/7.3.1/../../../../arm-none-eabi/lib/thumb/v7e-m/fpv4-sp/hard/crt0.o
LOAD Core/Src/main.o
LOAD Core/Src/platform.o
LOAD Core/Src/stm32l4xx_hal_msp.o
LOAD Core/Src/stm32l4xx_it.o
LOAD Core/Src/syscalls.o
LOAD Core/Src/sysmem.o
LOAD Core/Src/system_stm32l4xx.o
LOAD Core/Startup/startup_stm32l476mgyx.o
LOAD Drivers/STM32L4xx_HAL_Driver/Src/stm32l4xx_hal.o
LOAD Drivers/STM32L4xx_HAL_Driver/Src/stm32l4xx_hal_cortex.o
LOAD Drivers/STM32L4xx_HAL_Driver/Src/stm32l4xx_hal_dma.o
LOAD Drivers/STM32L4xx_HAL_Driver/Src/stm32l4xx_hal_dma_ex.o
LOAD Drivers/STM32L4xx_HAL_Driver/Src/stm32l4xx_hal_exti.o
LOAD Drivers/STM32L4xx_HAL_Driver/Src/stm32l4xx_hal_flash.o
LOAD Drivers/STM32L4xx_HAL_Driver/Src/stm32l4xx_hal_flash_ex.o
LOAD Drivers/STM32L4xx_HAL_Driver/Src/stm32l4xx_hal_flash_ramfunc.o
LOAD Drivers/STM32L4xx_HAL_Driver/Src/stm32l4xx_hal_gpio.o
LOAD Drivers/STM32L4xx_HAL_Driver/Src/stm32l4xx_hal_i2c.o
LOAD Drivers/STM32L4xx_HAL_Driver/Src/stm32l4xx_hal_i2c_ex.o
LOAD Drivers/STM32L4xx_HAL_Driver/Src/stm32l4xx_hal_pcd.o
LOAD Drivers/STM32L4xx_HAL_Driver/Src/stm32l4xx_hal_pcd_ex.o
LOAD Drivers/STM32L4xx_HAL_Driver/Src/stm32l4xx_hal_pwr.o
LOAD Drivers/STM32L4xx_HAL_Driver/Src/stm32l4xx_hal_pwr_ex.o
LOAD Drivers/STM32L4xx_HAL_Driver/Src/stm32l4xx_hal_rcc.o
LOAD Drivers/STM32L4xx_HAL_Driver/Src/stm32l4xx_hal_rcc_ex.o
LOAD Drivers/STM32L4xx_HAL_Driver/Src/stm32l4xx_hal_tim.o
LOAD Drivers/STM32L4xx_HAL_Driver/Src/stm32l4xx_hal_tim_ex.o
LOAD Drivers/STM32L4xx_HAL_Driver/Src/stm32l4xx_ll_usb.o
LOAD Fusb307b/Src/core.o
LOAD Fusb307b/Src/display_port.o
LOAD Fusb307b/Src/dpm.o
LOAD Fusb307b/Src/hostcomm.o
LOAD Fusb307b/Src/log.o
LOAD Fusb307b/Src/observer.o
LOAD Fusb307b/Src/policy.o
LOAD Fusb307b/Src/port.o
LOAD Fusb307b/Src/protocol.o
LOAD Fusb307b/Src/registers.o
LOAD Fusb307b/Src/systempolicy.o
LOAD Fusb307b/Src/timer.o
LOAD Fusb307b/Src/typec.o
LOAD Fusb307b/Src/vdm.o
LOAD Fusb307b/Src/vendor_info.o
START GROUP
LOAD c:/st/stm32cubeide_1.1.0/stm32cubeide/plugins/com.st.stm32cube.ide.mcu.externaltools.gnu-tools-for-stm32.7-2018-q2-update.win32_1.0.0.201904181610/tools/bin/../lib/gcc/arm-none-eabi/7.3.1/../../../../arm-none-eabi/lib/thumb/v7e-m/fpv4-sp/hard\libc_nano.a
LOAD c:/st/stm32cubeide_1.1.0/stm32cubeide/plugins/com.st.stm32cube.ide.mcu.externaltools.gnu-tools-for-stm32.7-2018-q2-update.win32_1.0.0.201904181610/tools/bin/../lib/gcc/arm-none-eabi/7.3.1/../../../../arm-none-eabi/lib/thumb/v7e-m/fpv4-sp/hard\libm.a
END GROUP
START GROUP
LOAD c:/st/stm32cubeide_1.1.0/stm32cubeide/plugins/com.st.stm32cube.ide.mcu.externaltools.gnu-tools-for-stm32.7-2018-q2-update.win32_1.0.0.201904181610/tools/bin/../lib/gcc/arm-none-eabi/7.3.1/thumb/v7e-m/fpv4-sp/hard\libgcc.a
LOAD c:/st/stm32cubeide_1.1.0/stm32cubeide/plugins/com.st.stm32cube.ide.mcu.externaltools.gnu-tools-for-stm32.7-2018-q2-update.win32_1.0.0.201904181610/tools/bin/../lib/gcc/arm-none-eabi/7.3.1/../../../../arm-none-eabi/lib/thumb/v7e-m/fpv4-sp/hard\libc_nano.a
END GROUP
START GROUP
LOAD c:/st/stm32cubeide_1.1.0/stm32cubeide/plugins/com.st.stm32cube.ide.mcu.externaltools.gnu-tools-for-stm32.7-2018-q2-update.win32_1.0.0.201904181610/tools/bin/../lib/gcc/arm-none-eabi/7.3.1/thumb/v7e-m/fpv4-sp/hard\libgcc.a
LOAD c:/st/stm32cubeide_1.1.0/stm32cubeide/plugins/com.st.stm32cube.ide.mcu.externaltools.gnu-tools-for-stm32.7-2018-q2-update.win32_1.0.0.201904181610/tools/bin/../lib/gcc/arm-none-eabi/7.3.1/../../../../arm-none-eabi/lib/thumb/v7e-m/fpv4-sp/hard\libc_nano.a
LOAD c:/st/stm32cubeide_1.1.0/stm32cubeide/plugins/com.st.stm32cube.ide.mcu.externaltools.gnu-tools-for-stm32.7-2018-q2-update.win32_1.0.0.201904181610/tools/bin/../lib/gcc/arm-none-eabi/7.3.1/../../../../arm-none-eabi/lib/thumb/v7e-m/fpv4-sp/hard\libnosys.a
END GROUP
START GROUP
LOAD c:/st/stm32cubeide_1.1.0/stm32cubeide/plugins/com.st.stm32cube.ide.mcu.externaltools.gnu-tools-for-stm32.7-2018-q2-update.win32_1.0.0.201904181610/tools/bin/../lib/gcc/arm-none-eabi/7.3.1/thumb/v7e-m/fpv4-sp/hard\libgcc.a
LOAD c:/st/stm32cubeide_1.1.0/stm32cubeide/plugins/com.st.stm32cube.ide.mcu.externaltools.gnu-tools-for-stm32.7-2018-q2-update.win32_1.0.0.201904181610/tools/bin/../lib/gcc/arm-none-eabi/7.3.1/../../../../arm-none-eabi/lib/thumb/v7e-m/fpv4-sp/hard\libc_nano.a
LOAD c:/st/stm32cubeide_1.1.0/stm32cubeide/plugins/com.st.stm32cube.ide.mcu.externaltools.gnu-tools-for-stm32.7-2018-q2-update.win32_1.0.0.201904181610/tools/bin/../lib/gcc/arm-none-eabi/7.3.1/../../../../arm-none-eabi/lib/thumb/v7e-m/fpv4-sp/hard\libnosys.a
END GROUP
LOAD c:/st/stm32cubeide_1.1.0/stm32cubeide/plugins/com.st.stm32cube.ide.mcu.externaltools.gnu-tools-for-stm32.7-2018-q2-update.win32_1.0.0.201904181610/tools/bin/../lib/gcc/arm-none-eabi/7.3.1/thumb/v7e-m/fpv4-sp/hard/crtend.o
LOAD c:/st/stm32cubeide_1.1.0/stm32cubeide/plugins/com.st.stm32cube.ide.mcu.externaltools.gnu-tools-for-stm32.7-2018-q2-update.win32_1.0.0.201904181610/tools/bin/../lib/gcc/arm-none-eabi/7.3.1/thumb/v7e-m/fpv4-sp/hard/crtn.o
                0x0000000020018000                _estack = (ORIGIN (RAM) + LENGTH (RAM))
                0x0000000000000200                _Min_Heap_Size = 0x200
                0x0000000000000400                _Min_Stack_Size = 0x400

.isr_vector     0x0000000008000000      0x188
                0x0000000008000000                . = ALIGN (0x4)
 *(.isr_vector)
 .isr_vector    0x0000000008000000      0x188 Core/Startup/startup_stm32l476mgyx.o
                0x0000000008000000                g_pfnVectors
                0x0000000008000188                . = ALIGN (0x4)

.text           0x0000000008000188     0xdb54
                0x0000000008000188                . = ALIGN (0x4)
 *(.text)
 .text          0x0000000008000188       0x40 c:/st/stm32cubeide_1.1.0/stm32cubeide/plugins/com.st.stm32cube.ide.mcu.externaltools.gnu-tools-for-stm32.7-2018-q2-update.win32_1.0.0.201904181610/tools/bin/../lib/gcc/arm-none-eabi/7.3.1/thumb/v7e-m/fpv4-sp/hard/crtbegin.o
 *(.text*)
 .text.WakeOnTimer
                0x00000000080001c8       0xa8 Core/Src/main.o
                0x00000000080001c8                WakeOnTimer
 .text.main     0x0000000008000270      0x1a0 Core/Src/main.o
                0x0000000008000270                main
 .text.SystemClock_Config
                0x0000000008000410      0x10a Core/Src/main.o
                0x0000000008000410                SystemClock_Config
 *fill*         0x000000000800051a        0x2 
 .text.MX_I2C3_Init
                0x000000000800051c       0x80 Core/Src/main.o
 .text.MX_TIM1_Init
                0x000000000800059c       0xa8 Core/Src/main.o
 .text.MX_TIM2_Init
                0x0000000008000644       0x9c Core/Src/main.o
 .text.MX_TIM3_Init
                0x00000000080006e0       0x9c Core/Src/main.o
 .text.MX_USB_OTG_FS_PCD_Init
                0x000000000800077c       0x5c Core/Src/main.o
 .text.MX_GPIO_Init
                0x00000000080007d8       0xc4 Core/Src/main.o
 .text.Error_Handler
                0x000000000800089c        0xe Core/Src/main.o
                0x000000000800089c                Error_Handler
 .text.PlatformInitialize
                0x00000000080008aa       0x1e Core/Src/platform.o
                0x00000000080008aa                PlatformInitialize
 .text.InitializePeripheralClocks
                0x00000000080008c8        0xe Core/Src/platform.o
                0x00000000080008c8                InitializePeripheralClocks
 *fill*         0x00000000080008d6        0x2 
 .text.SystemClockConfig
                0x00000000080008d8       0x5c Core/Src/platform.o
                0x00000000080008d8                SystemClockConfig
 .text.platform_i2c_read
                0x0000000008000934       0x74 Core/Src/platform.o
                0x0000000008000934                platform_i2c_read
 .text.platform_i2c_write
                0x00000000080009a8       0x74 Core/Src/platform.o
                0x00000000080009a8                platform_i2c_write
 .text.platform_get_device_irq_state
                0x0000000008000a1c       0x66 Core/Src/platform.o
                0x0000000008000a1c                platform_get_device_irq_state
 .text.platform_SetDebugPin
                0x0000000008000a82       0x2a Core/Src/platform.o
                0x0000000008000a82                platform_SetDebugPin
 .text.platform_setHVSwitch
                0x0000000008000aac       0x30 Core/Src/platform.o
                0x0000000008000aac                platform_setHVSwitch
 .text.platform_setPPSVoltage
                0x0000000008000adc       0x18 Core/Src/platform.o
                0x0000000008000adc                platform_setPPSVoltage
 .text.InitializeTickTimer
                0x0000000008000af4       0x4a Core/Src/platform.o
                0x0000000008000af4                InitializeTickTimer
 .text.EnableTickTimer
                0x0000000008000b3e       0x3e Core/Src/platform.o
                0x0000000008000b3e                EnableTickTimer
 .text.platform_current_time
                0x0000000008000b7c       0x14 Core/Src/platform.o
                0x0000000008000b7c                platform_current_time
 .text.platform_delay
                0x0000000008000b90       0x2e Core/Src/platform.o
                0x0000000008000b90                platform_delay
 *fill*         0x0000000008000bbe        0x2 
 .text.SetTimeInterrupt
                0x0000000008000bc0       0x48 Core/Src/platform.o
                0x0000000008000bc0                SetTimeInterrupt
 .text.ClearTimeInterrupt
                0x0000000008000c08       0x1e Core/Src/platform.o
                0x0000000008000c08                ClearTimeInterrupt
 *fill*         0x0000000008000c26        0x2 
 .text.InitializeTSTimer
                0x0000000008000c28       0x64 Core/Src/platform.o
                0x0000000008000c28                InitializeTSTimer
 .text.platform_printf
                0x0000000008000c8c       0x1a Core/Src/platform.o
                0x0000000008000c8c                platform_printf
 .text.platform_dp_enable_pins
                0x0000000008000ca6       0x1a Core/Src/platform.o
                0x0000000008000ca6                platform_dp_enable_pins
 .text.platform_dp_status_update
                0x0000000008000cc0       0x14 Core/Src/platform.o
                0x0000000008000cc0                platform_dp_status_update
 .text.HAL_MspInit
                0x0000000008000cd4       0x48 Core/Src/stm32l4xx_hal_msp.o
                0x0000000008000cd4                HAL_MspInit
 .text.HAL_I2C_MspInit
                0x0000000008000d1c       0x88 Core/Src/stm32l4xx_hal_msp.o
                0x0000000008000d1c                HAL_I2C_MspInit
 .text.HAL_TIM_Base_MspInit
                0x0000000008000da4       0x98 Core/Src/stm32l4xx_hal_msp.o
                0x0000000008000da4                HAL_TIM_Base_MspInit
 .text.HAL_PCD_MspInit
                0x0000000008000e3c       0xbc Core/Src/stm32l4xx_hal_msp.o
                0x0000000008000e3c                HAL_PCD_MspInit
 .text.NMI_Handler
                0x0000000008000ef8        0xe Core/Src/stm32l4xx_it.o
                0x0000000008000ef8                NMI_Handler
 .text.HardFault_Handler
                0x0000000008000f06        0x6 Core/Src/stm32l4xx_it.o
                0x0000000008000f06                HardFault_Handler
 .text.MemManage_Handler
                0x0000000008000f0c        0x6 Core/Src/stm32l4xx_it.o
                0x0000000008000f0c                MemManage_Handler
 .text.BusFault_Handler
                0x0000000008000f12        0x6 Core/Src/stm32l4xx_it.o
                0x0000000008000f12                BusFault_Handler
 .text.UsageFault_Handler
                0x0000000008000f18        0x6 Core/Src/stm32l4xx_it.o
                0x0000000008000f18                UsageFault_Handler
 .text.SVC_Handler
                0x0000000008000f1e        0xe Core/Src/stm32l4xx_it.o
                0x0000000008000f1e                SVC_Handler
 .text.DebugMon_Handler
                0x0000000008000f2c        0xe Core/Src/stm32l4xx_it.o
                0x0000000008000f2c                DebugMon_Handler
 .text.PendSV_Handler
                0x0000000008000f3a        0xe Core/Src/stm32l4xx_it.o
                0x0000000008000f3a                PendSV_Handler
 .text.SysTick_Handler
                0x0000000008000f48        0xc Core/Src/stm32l4xx_it.o
                0x0000000008000f48                SysTick_Handler
 .text.EXTI9_5_IRQHandler
                0x0000000008000f54        0xe Core/Src/stm32l4xx_it.o
                0x0000000008000f54                EXTI9_5_IRQHandler
 *fill*         0x0000000008000f62        0x2 
 .text.TIM2_IRQHandler
                0x0000000008000f64       0x14 Core/Src/stm32l4xx_it.o
                0x0000000008000f64                TIM2_IRQHandler
 .text.SystemInit
                0x0000000008000f78       0x6c Core/Src/system_stm32l4xx.o
                0x0000000008000f78                SystemInit
 .text.Reset_Handler
                0x0000000008000fe4       0x50 Core/Startup/startup_stm32l476mgyx.o
                0x0000000008000fe4                Reset_Handler
 .text.Default_Handler
                0x0000000008001034        0x2 Core/Startup/startup_stm32l476mgyx.o
                0x0000000008001034                RTC_Alarm_IRQHandler
                0x0000000008001034                EXTI2_IRQHandler
                0x0000000008001034                TIM8_TRG_COM_IRQHandler
                0x0000000008001034                TIM8_CC_IRQHandler
                0x0000000008001034                TIM1_CC_IRQHandler
                0x0000000008001034                TSC_IRQHandler
                0x0000000008001034                TAMP_STAMP_IRQHandler
                0x0000000008001034                EXTI3_IRQHandler
                0x0000000008001034                LPTIM2_IRQHandler
                0x0000000008001034                DFSDM1_FLT1_IRQHandler
                0x0000000008001034                I2C3_ER_IRQHandler
                0x0000000008001034                DFSDM1_FLT2_IRQHandler
                0x0000000008001034                EXTI0_IRQHandler
                0x0000000008001034                I2C2_EV_IRQHandler
                0x0000000008001034                CAN1_RX0_IRQHandler
                0x0000000008001034                FPU_IRQHandler
                0x0000000008001034                TIM1_UP_TIM16_IRQHandler
                0x0000000008001034                ADC1_2_IRQHandler
                0x0000000008001034                SPI1_IRQHandler
                0x0000000008001034                TIM6_DAC_IRQHandler
                0x0000000008001034                TIM8_UP_IRQHandler
                0x0000000008001034                DMA2_Channel2_IRQHandler
                0x0000000008001034                DMA1_Channel4_IRQHandler
                0x0000000008001034                SAI2_IRQHandler
                0x0000000008001034                DFSDM1_FLT3_IRQHandler
                0x0000000008001034                USART3_IRQHandler
                0x0000000008001034                DMA1_Channel7_IRQHandler
                0x0000000008001034                CAN1_RX1_IRQHandler
                0x0000000008001034                LCD_IRQHandler
                0x0000000008001034                UART5_IRQHandler
                0x0000000008001034                ADC3_IRQHandler
                0x0000000008001034                TIM4_IRQHandler
                0x0000000008001034                DMA2_Channel1_IRQHandler
                0x0000000008001034                QUADSPI_IRQHandler
                0x0000000008001034                I2C1_EV_IRQHandler
                0x0000000008001034                DMA1_Channel6_IRQHandler
                0x0000000008001034                UART4_IRQHandler
                0x0000000008001034                DMA2_Channel4_IRQHandler
                0x0000000008001034                TIM3_IRQHandler
                0x0000000008001034                RCC_IRQHandler
                0x0000000008001034                DMA1_Channel1_IRQHandler
                0x0000000008001034                Default_Handler
                0x0000000008001034                DMA2_Channel7_IRQHandler
                0x0000000008001034                EXTI15_10_IRQHandler
                0x0000000008001034                TIM7_IRQHandler
                0x0000000008001034                SDMMC1_IRQHandler
                0x0000000008001034                TIM5_IRQHandler
                0x0000000008001034                I2C3_EV_IRQHandler
                0x0000000008001034                RTC_WKUP_IRQHandler
                0x0000000008001034                PVD_PVM_IRQHandler
                0x0000000008001034                SPI2_IRQHandler
                0x0000000008001034                CAN1_TX_IRQHandler
                0x0000000008001034                DMA2_Channel5_IRQHandler
                0x0000000008001034                DMA1_Channel5_IRQHandler
                0x0000000008001034                EXTI4_IRQHandler
                0x0000000008001034                RNG_IRQHandler
                0x0000000008001034                TIM1_TRG_COM_TIM17_IRQHandler
                0x0000000008001034                DMA1_Channel3_IRQHandler
                0x0000000008001034                COMP_IRQHandler
                0x0000000008001034                WWDG_IRQHandler
                0x0000000008001034                LPUART1_IRQHandler
                0x0000000008001034                DMA2_Channel6_IRQHandler
                0x0000000008001034                EXTI1_IRQHandler
                0x0000000008001034                USART2_IRQHandler
                0x0000000008001034                DFSDM1_FLT0_IRQHandler
                0x0000000008001034                I2C2_ER_IRQHandler
                0x0000000008001034                DMA1_Channel2_IRQHandler
                0x0000000008001034                TIM8_BRK_IRQHandler
                0x0000000008001034                CAN1_SCE_IRQHandler
                0x0000000008001034                FLASH_IRQHandler
                0x0000000008001034                USART1_IRQHandler
                0x0000000008001034                OTG_FS_IRQHandler
                0x0000000008001034                SPI3_IRQHandler
                0x0000000008001034                I2C1_ER_IRQHandler
                0x0000000008001034                FMC_IRQHandler
                0x0000000008001034                SWPMI1_IRQHandler
                0x0000000008001034                LPTIM1_IRQHandler
                0x0000000008001034                SAI1_IRQHandler
                0x0000000008001034                DMA2_Channel3_IRQHandler
                0x0000000008001034                TIM1_BRK_TIM15_IRQHandler
 .text.HAL_Init
                0x0000000008001036       0x30 Drivers/STM32L4xx_HAL_Driver/Src/stm32l4xx_hal.o
                0x0000000008001036                HAL_Init
 *fill*         0x0000000008001066        0x2 
 .text.HAL_InitTick
                0x0000000008001068       0x74 Drivers/STM32L4xx_HAL_Driver/Src/stm32l4xx_hal.o
                0x0000000008001068                HAL_InitTick
 .text.HAL_IncTick
                0x00000000080010dc       0x24 Drivers/STM32L4xx_HAL_Driver/Src/stm32l4xx_hal.o
                0x00000000080010dc                HAL_IncTick
 .text.HAL_GetTick
                0x0000000008001100       0x18 Drivers/STM32L4xx_HAL_Driver/Src/stm32l4xx_hal.o
                0x0000000008001100                HAL_GetTick
 .text.HAL_Delay
                0x0000000008001118       0x44 Drivers/STM32L4xx_HAL_Driver/Src/stm32l4xx_hal.o
                0x0000000008001118                HAL_Delay
 .text.__NVIC_SetPriorityGrouping
                0x000000000800115c       0x48 Drivers/STM32L4xx_HAL_Driver/Src/stm32l4xx_hal_cortex.o
 .text.__NVIC_GetPriorityGrouping
                0x00000000080011a4       0x1c Drivers/STM32L4xx_HAL_Driver/Src/stm32l4xx_hal_cortex.o
 .text.__NVIC_EnableIRQ
                0x00000000080011c0       0x3c Drivers/STM32L4xx_HAL_Driver/Src/stm32l4xx_hal_cortex.o
 .text.__NVIC_SetPriority
                0x00000000080011fc       0x54 Drivers/STM32L4xx_HAL_Driver/Src/stm32l4xx_hal_cortex.o
 .text.NVIC_EncodePriority
                0x0000000008001250       0x66 Drivers/STM32L4xx_HAL_Driver/Src/stm32l4xx_hal_cortex.o
 *fill*         0x00000000080012b6        0x2 
 .text.SysTick_Config
                0x00000000080012b8       0x44 Drivers/STM32L4xx_HAL_Driver/Src/stm32l4xx_hal_cortex.o
 .text.HAL_NVIC_SetPriorityGrouping
                0x00000000080012fc       0x16 Drivers/STM32L4xx_HAL_Driver/Src/stm32l4xx_hal_cortex.o
                0x00000000080012fc                HAL_NVIC_SetPriorityGrouping
 .text.HAL_NVIC_SetPriority
                0x0000000008001312       0x38 Drivers/STM32L4xx_HAL_Driver/Src/stm32l4xx_hal_cortex.o
                0x0000000008001312                HAL_NVIC_SetPriority
 .text.HAL_NVIC_EnableIRQ
                0x000000000800134a       0x1c Drivers/STM32L4xx_HAL_Driver/Src/stm32l4xx_hal_cortex.o
                0x000000000800134a                HAL_NVIC_EnableIRQ
 .text.HAL_SYSTICK_Config
                0x0000000008001366       0x18 Drivers/STM32L4xx_HAL_Driver/Src/stm32l4xx_hal_cortex.o
                0x0000000008001366                HAL_SYSTICK_Config
 *fill*         0x000000000800137e        0x2 
 .text.HAL_GPIO_Init
                0x0000000008001380      0x350 Drivers/STM32L4xx_HAL_Driver/Src/stm32l4xx_hal_gpio.o
                0x0000000008001380                HAL_GPIO_Init
 .text.HAL_GPIO_ReadPin
                0x00000000080016d0       0x30 Drivers/STM32L4xx_HAL_Driver/Src/stm32l4xx_hal_gpio.o
                0x00000000080016d0                HAL_GPIO_ReadPin
 .text.HAL_GPIO_WritePin
                0x0000000008001700       0x30 Drivers/STM32L4xx_HAL_Driver/Src/stm32l4xx_hal_gpio.o
                0x0000000008001700                HAL_GPIO_WritePin
 .text.HAL_GPIO_EXTI_IRQHandler
                0x0000000008001730       0x30 Drivers/STM32L4xx_HAL_Driver/Src/stm32l4xx_hal_gpio.o
                0x0000000008001730                HAL_GPIO_EXTI_IRQHandler
 .text.HAL_GPIO_EXTI_Callback
                0x0000000008001760       0x16 Drivers/STM32L4xx_HAL_Driver/Src/stm32l4xx_hal_gpio.o
                0x0000000008001760                HAL_GPIO_EXTI_Callback
 .text.HAL_I2C_Init
                0x0000000008001776      0x11e Drivers/STM32L4xx_HAL_Driver/Src/stm32l4xx_hal_i2c.o
                0x0000000008001776                HAL_I2C_Init
 .text.HAL_I2C_Mem_Write
                0x0000000008001894      0x228 Drivers/STM32L4xx_HAL_Driver/Src/stm32l4xx_hal_i2c.o
                0x0000000008001894                HAL_I2C_Mem_Write
 .text.HAL_I2C_Mem_Read
                0x0000000008001abc      0x234 Drivers/STM32L4xx_HAL_Driver/Src/stm32l4xx_hal_i2c.o
                0x0000000008001abc                HAL_I2C_Mem_Read
 .text.I2C_RequestMemoryWrite
                0x0000000008001cf0       0xa8 Drivers/STM32L4xx_HAL_Driver/Src/stm32l4xx_hal_i2c.o
 .text.I2C_RequestMemoryRead
                0x0000000008001d98       0xa8 Drivers/STM32L4xx_HAL_Driver/Src/stm32l4xx_hal_i2c.o
 .text.I2C_Flush_TXDR
                0x0000000008001e40       0x48 Drivers/STM32L4xx_HAL_Driver/Src/stm32l4xx_hal_i2c.o
 .text.I2C_WaitOnFlagUntilTimeout
                0x0000000008001e88       0x80 Drivers/STM32L4xx_HAL_Driver/Src/stm32l4xx_hal_i2c.o
 .text.I2C_WaitOnTXISFlagUntilTimeout
                0x0000000008001f08       0x80 Drivers/STM32L4xx_HAL_Driver/Src/stm32l4xx_hal_i2c.o
 .text.I2C_WaitOnSTOPFlagUntilTimeout
                0x0000000008001f88       0x78 Drivers/STM32L4xx_HAL_Driver/Src/stm32l4xx_hal_i2c.o
 .text.I2C_IsAcknowledgeFailed
                0x0000000008002000       0xcc Drivers/STM32L4xx_HAL_Driver/Src/stm32l4xx_hal_i2c.o
 .text.I2C_TransferConfig
                0x00000000080020cc       0x5c Drivers/STM32L4xx_HAL_Driver/Src/stm32l4xx_hal_i2c.o
 .text.HAL_I2CEx_ConfigAnalogFilter
                0x0000000008002128       0x96 Drivers/STM32L4xx_HAL_Driver/Src/stm32l4xx_hal_i2c_ex.o
                0x0000000008002128                HAL_I2CEx_ConfigAnalogFilter
 .text.HAL_I2CEx_ConfigDigitalFilter
                0x00000000080021be       0x98 Drivers/STM32L4xx_HAL_Driver/Src/stm32l4xx_hal_i2c_ex.o
                0x00000000080021be                HAL_I2CEx_ConfigDigitalFilter
 .text.HAL_PCD_Init
                0x0000000008002256      0x248 Drivers/STM32L4xx_HAL_Driver/Src/stm32l4xx_hal_pcd.o
                0x0000000008002256                HAL_PCD_Init
 .text.HAL_PCDEx_ActivateLPM
                0x000000000800249e       0x48 Drivers/STM32L4xx_HAL_Driver/Src/stm32l4xx_hal_pcd_ex.o
                0x000000000800249e                HAL_PCDEx_ActivateLPM
 *fill*         0x00000000080024e6        0x2 
 .text.HAL_PWREx_GetVoltageRange
                0x00000000080024e8       0x1c Drivers/STM32L4xx_HAL_Driver/Src/stm32l4xx_hal_pwr_ex.o
                0x00000000080024e8                HAL_PWREx_GetVoltageRange
 .text.HAL_PWREx_ControlVoltageScaling
                0x0000000008002504       0xac Drivers/STM32L4xx_HAL_Driver/Src/stm32l4xx_hal_pwr_ex.o
                0x0000000008002504                HAL_PWREx_ControlVoltageScaling
 .text.HAL_PWREx_EnableVddUSB
                0x00000000080025b0       0x20 Drivers/STM32L4xx_HAL_Driver/Src/stm32l4xx_hal_pwr_ex.o
                0x00000000080025b0                HAL_PWREx_EnableVddUSB
 .text.HAL_RCC_OscConfig
                0x00000000080025d0      0x760 Drivers/STM32L4xx_HAL_Driver/Src/stm32l4xx_hal_rcc.o
                0x00000000080025d0                HAL_RCC_OscConfig
 .text.HAL_RCC_ClockConfig
                0x0000000008002d30      0x1c4 Drivers/STM32L4xx_HAL_Driver/Src/stm32l4xx_hal_rcc.o
                0x0000000008002d30                HAL_RCC_ClockConfig
 .text.HAL_RCC_GetSysClockFreq
                0x0000000008002ef4      0x114 Drivers/STM32L4xx_HAL_Driver/Src/stm32l4xx_hal_rcc.o
                0x0000000008002ef4                HAL_RCC_GetSysClockFreq
 .text.RCC_SetFlashLatencyFromMSIRange
                0x0000000008003008       0xc0 Drivers/STM32L4xx_HAL_Driver/Src/stm32l4xx_hal_rcc.o
 .text.HAL_RCCEx_PeriphCLKConfig
                0x00000000080030c8      0x5cc Drivers/STM32L4xx_HAL_Driver/Src/stm32l4xx_hal_rcc_ex.o
                0x00000000080030c8                HAL_RCCEx_PeriphCLKConfig
 .text.RCCEx_PLLSAI1_Config
                0x0000000008003694      0x1e0 Drivers/STM32L4xx_HAL_Driver/Src/stm32l4xx_hal_rcc_ex.o
 .text.RCCEx_PLLSAI2_Config
                0x0000000008003874      0x1b4 Drivers/STM32L4xx_HAL_Driver/Src/stm32l4xx_hal_rcc_ex.o
 .text.HAL_TIM_Base_Init
                0x0000000008003a28       0x56 Drivers/STM32L4xx_HAL_Driver/Src/stm32l4xx_hal_tim.o
                0x0000000008003a28                HAL_TIM_Base_Init
 .text.HAL_TIM_IRQHandler
                0x0000000008003a7e      0x23e Drivers/STM32L4xx_HAL_Driver/Src/stm32l4xx_hal_tim.o
                0x0000000008003a7e                HAL_TIM_IRQHandler
 .text.HAL_TIM_ConfigClockSource
                0x0000000008003cbc      0x172 Drivers/STM32L4xx_HAL_Driver/Src/stm32l4xx_hal_tim.o
                0x0000000008003cbc                HAL_TIM_ConfigClockSource
 .text.HAL_TIM_PeriodElapsedCallback
                0x0000000008003e2e       0x14 Drivers/STM32L4xx_HAL_Driver/Src/stm32l4xx_hal_tim.o
                0x0000000008003e2e                HAL_TIM_PeriodElapsedCallback
 .text.HAL_TIM_OC_DelayElapsedCallback
                0x0000000008003e42       0x14 Drivers/STM32L4xx_HAL_Driver/Src/stm32l4xx_hal_tim.o
                0x0000000008003e42                HAL_TIM_OC_DelayElapsedCallback
 .text.HAL_TIM_IC_CaptureCallback
                0x0000000008003e56       0x14 Drivers/STM32L4xx_HAL_Driver/Src/stm32l4xx_hal_tim.o
                0x0000000008003e56                HAL_TIM_IC_CaptureCallback
 .text.HAL_TIM_PWM_PulseFinishedCallback
                0x0000000008003e6a       0x14 Drivers/STM32L4xx_HAL_Driver/Src/stm32l4xx_hal_tim.o
                0x0000000008003e6a                HAL_TIM_PWM_PulseFinishedCallback
 .text.HAL_TIM_TriggerCallback
                0x0000000008003e7e       0x14 Drivers/STM32L4xx_HAL_Driver/Src/stm32l4xx_hal_tim.o
                0x0000000008003e7e                HAL_TIM_TriggerCallback
 *fill*         0x0000000008003e92        0x2 
 .text.TIM_Base_SetConfig
                0x0000000008003e94      0x134 Drivers/STM32L4xx_HAL_Driver/Src/stm32l4xx_hal_tim.o
                0x0000000008003e94                TIM_Base_SetConfig
 .text.TIM_TI1_ConfigInputStage
                0x0000000008003fc8       0x5e Drivers/STM32L4xx_HAL_Driver/Src/stm32l4xx_hal_tim.o
 .text.TIM_TI2_ConfigInputStage
                0x0000000008004026       0x60 Drivers/STM32L4xx_HAL_Driver/Src/stm32l4xx_hal_tim.o
 .text.TIM_ITRx_SetConfig
                0x0000000008004086       0x36 Drivers/STM32L4xx_HAL_Driver/Src/stm32l4xx_hal_tim.o
 .text.TIM_ETR_SetConfig
                0x00000000080040bc       0x40 Drivers/STM32L4xx_HAL_Driver/Src/stm32l4xx_hal_tim.o
                0x00000000080040bc                TIM_ETR_SetConfig
 .text.HAL_TIMEx_MasterConfigSynchronization
                0x00000000080040fc       0xb8 Drivers/STM32L4xx_HAL_Driver/Src/stm32l4xx_hal_tim_ex.o
                0x00000000080040fc                HAL_TIMEx_MasterConfigSynchronization
 .text.HAL_TIMEx_CommutCallback
                0x00000000080041b4       0x14 Drivers/STM32L4xx_HAL_Driver/Src/stm32l4xx_hal_tim_ex.o
                0x00000000080041b4                HAL_TIMEx_CommutCallback
 .text.HAL_TIMEx_BreakCallback
                0x00000000080041c8       0x14 Drivers/STM32L4xx_HAL_Driver/Src/stm32l4xx_hal_tim_ex.o
                0x00000000080041c8                HAL_TIMEx_BreakCallback
 .text.HAL_TIMEx_Break2Callback
                0x00000000080041dc       0x14 Drivers/STM32L4xx_HAL_Driver/Src/stm32l4xx_hal_tim_ex.o
                0x00000000080041dc                HAL_TIMEx_Break2Callback
 .text.USB_CoreInit
                0x00000000080041f0       0xa4 Drivers/STM32L4xx_HAL_Driver/Src/stm32l4xx_ll_usb.o
                0x00000000080041f0                USB_CoreInit
 .text.USB_DisableGlobalInt
                0x0000000008004294       0x22 Drivers/STM32L4xx_HAL_Driver/Src/stm32l4xx_ll_usb.o
                0x0000000008004294                USB_DisableGlobalInt
 .text.USB_SetCurrentMode
                0x00000000080042b6       0x54 Drivers/STM32L4xx_HAL_Driver/Src/stm32l4xx_ll_usb.o
                0x00000000080042b6                USB_SetCurrentMode
 *fill*         0x000000000800430a        0x2 
 .text.USB_DevInit
                0x000000000800430c      0x284 Drivers/STM32L4xx_HAL_Driver/Src/stm32l4xx_ll_usb.o
                0x000000000800430c                USB_DevInit
 .text.USB_FlushTxFifo
                0x0000000008004590       0x4c Drivers/STM32L4xx_HAL_Driver/Src/stm32l4xx_ll_usb.o
                0x0000000008004590                USB_FlushTxFifo
 .text.USB_FlushRxFifo
                0x00000000080045dc       0x44 Drivers/STM32L4xx_HAL_Driver/Src/stm32l4xx_ll_usb.o
                0x00000000080045dc                USB_FlushRxFifo
 .text.USB_SetDevSpeed
                0x0000000008004620       0x32 Drivers/STM32L4xx_HAL_Driver/Src/stm32l4xx_ll_usb.o
                0x0000000008004620                USB_SetDevSpeed
 .text.USB_DevDisconnect
                0x0000000008004652       0x30 Drivers/STM32L4xx_HAL_Driver/Src/stm32l4xx_ll_usb.o
                0x0000000008004652                USB_DevDisconnect
 *fill*         0x0000000008004682        0x2 
 .text.USB_CoreReset
                0x0000000008004684       0x68 Drivers/STM32L4xx_HAL_Driver/Src/stm32l4xx_ll_usb.o
 .text.core_initialize
                0x00000000080046ec       0x34 Fusb307b/Src/core.o
                0x00000000080046ec                core_initialize
 .text.core_state_machine
                0x0000000008004720       0x68 Fusb307b/Src/core.o
                0x0000000008004720                core_state_machine
 .text.core_get_next_timeout
                0x0000000008004788      0x138 Fusb307b/Src/core.o
                0x0000000008004788                core_get_next_timeout
 .text.DP_Initialize
                0x00000000080048c0       0xf2 Fusb307b/Src/display_port.o
                0x00000000080048c0                DP_Initialize
 .text.DP_RequestPartnerStatus
                0x00000000080049b2       0xa4 Fusb307b/Src/display_port.o
                0x00000000080049b2                DP_RequestPartnerStatus
 .text.DP_RequestPartnerConfig
                0x0000000008004a56       0xa2 Fusb307b/Src/display_port.o
                0x0000000008004a56                DP_RequestPartnerConfig
 .text.DP_SetPortMode
                0x0000000008004af8      0x130 Fusb307b/Src/display_port.o
                0x0000000008004af8                DP_SetPortMode
 .text.DP_SelectPinAssignment
                0x0000000008004c28       0xe2 Fusb307b/Src/display_port.o
 .text.DP_SelectRole
                0x0000000008004d0a       0x82 Fusb307b/Src/display_port.o
 .text.DP_EvaluateSinkCapability
                0x0000000008004d8c       0x88 Fusb307b/Src/display_port.o
                0x0000000008004d8c                DP_EvaluateSinkCapability
 .text.DP_ProcessCommand
                0x0000000008004e14      0x196 Fusb307b/Src/display_port.o
                0x0000000008004e14                DP_ProcessCommand
 .text.DP_SendPortStatus
                0x0000000008004faa       0x78 Fusb307b/Src/display_port.o
                0x0000000008004faa                DP_SendPortStatus
 .text.DP_SendPortConfig
                0x0000000008005022       0x80 Fusb307b/Src/display_port.o
                0x0000000008005022                DP_SendPortConfig
 .text.DP_ProcessPartnerAttention
                0x00000000080050a2      0x10c Fusb307b/Src/display_port.o
                0x00000000080050a2                DP_ProcessPartnerAttention
 .text.DP_UpdatePartnerStatus
                0x00000000080051ae       0x30 Fusb307b/Src/display_port.o
                0x00000000080051ae                DP_UpdatePartnerStatus
 .text.DP_ProcessConfigResponse
                0x00000000080051de       0x40 Fusb307b/Src/display_port.o
                0x00000000080051de                DP_ProcessConfigResponse
 .text.DP_ProcessConfigRequest
                0x000000000800521e       0x1e Fusb307b/Src/display_port.o
                0x000000000800521e                DP_ProcessConfigRequest
 .text.DPM_Initialize
                0x000000000800523c       0x1e Fusb307b/Src/dpm.o
                0x000000000800523c                DPM_Initialize
 .text.DPM_Reset
                0x000000000800525a       0xb0 Fusb307b/Src/dpm.o
                0x000000000800525a                DPM_Reset
 .text.DPM_SetSOPVersion
                0x000000000800530a       0x38 Fusb307b/Src/dpm.o
                0x000000000800530a                DPM_SetSOPVersion
 .text.DPM_SetSOP1Details
                0x0000000008005342       0x52 Fusb307b/Src/dpm.o
                0x0000000008005342                DPM_SetSOP1Details
 .text.DPM_CurrentSpecRev
                0x0000000008005394       0x50 Fusb307b/Src/dpm.o
                0x0000000008005394                DPM_CurrentSpecRev
 .text.DPM_IsSOPPAllowed
                0x00000000080053e4       0x16 Fusb307b/Src/dpm.o
                0x00000000080053e4                DPM_IsSOPPAllowed
 .text.DPM_ReConfigureRxDetect
                0x00000000080053fa       0x36 Fusb307b/Src/dpm.o
                0x00000000080053fa                DPM_ReConfigureRxDetect
 .text.notify_observers
                0x0000000008005430       0x78 Fusb307b/Src/observer.o
                0x0000000008005430                notify_observers
 .text.USBPDPolicyEngine
                0x00000000080054a8      0x3d4 Fusb307b/Src/policy.o
                0x00000000080054a8                USBPDPolicyEngine
 .text.PolicyErrorRecovery
                0x000000000800587c       0x16 Fusb307b/Src/policy.o
                0x000000000800587c                PolicyErrorRecovery
 .text.PolicySinkStartup
                0x0000000008005892      0x19c Fusb307b/Src/policy.o
                0x0000000008005892                PolicySinkStartup
 .text.PolicySinkSendHardReset
                0x0000000008005a2e       0x22 Fusb307b/Src/policy.o
                0x0000000008005a2e                PolicySinkSendHardReset
 .text.PolicySinkSoftReset
                0x0000000008005a50       0x4c Fusb307b/Src/policy.o
                0x0000000008005a50                PolicySinkSoftReset
 .text.PolicySinkSendSoftReset
                0x0000000008005a9c       0xfc Fusb307b/Src/policy.o
                0x0000000008005a9c                PolicySinkSendSoftReset
 .text.PolicySinkTransitionDefault
                0x0000000008005b98      0x2a0 Fusb307b/Src/policy.o
                0x0000000008005b98                PolicySinkTransitionDefault
 .text.PolicySinkDiscovery
                0x0000000008005e38       0x30 Fusb307b/Src/policy.o
                0x0000000008005e38                PolicySinkDiscovery
 .text.PolicySinkWaitCaps
                0x0000000008005e68      0x142 Fusb307b/Src/policy.o
                0x0000000008005e68                PolicySinkWaitCaps
 *fill*         0x0000000008005faa        0x2 
 .text.PolicySinkEvaluateCaps
                0x0000000008005fac      0x3b8 Fusb307b/Src/policy.o
                0x0000000008005fac                PolicySinkEvaluateCaps
 .text.PolicySinkSelectCapability
                0x0000000008006364      0x30c Fusb307b/Src/policy.o
                0x0000000008006364                PolicySinkSelectCapability
 .text.PolicySinkTransitionSink
                0x0000000008006670      0x128 Fusb307b/Src/policy.o
                0x0000000008006670                PolicySinkTransitionSink
 .text.PolicySinkReady
                0x0000000008006798      0x3dc Fusb307b/Src/policy.o
                0x0000000008006798                PolicySinkReady
 .text.PolicySinkGetSinkCap
                0x0000000008006b74      0x116 Fusb307b/Src/policy.o
                0x0000000008006b74                PolicySinkGetSinkCap
 .text.PolicySinkGiveSinkCap
                0x0000000008006c8a       0x42 Fusb307b/Src/policy.o
                0x0000000008006c8a                PolicySinkGiveSinkCap
 .text.PolicySinkGetSourceCap
                0x0000000008006ccc       0xf4 Fusb307b/Src/policy.o
                0x0000000008006ccc                PolicySinkGetSourceCap
 .text.PolicySinkGiveSourceCap
                0x0000000008006dc0       0x16 Fusb307b/Src/policy.o
                0x0000000008006dc0                PolicySinkGiveSourceCap
 .text.PolicySinkSendDRSwap
                0x0000000008006dd6      0x162 Fusb307b/Src/policy.o
                0x0000000008006dd6                PolicySinkSendDRSwap
 .text.PolicySinkEvaluateDRSwap
                0x0000000008006f38       0xca Fusb307b/Src/policy.o
                0x0000000008006f38                PolicySinkEvaluateDRSwap
 *fill*         0x0000000008007002        0x2 
 .text.PolicySinkSendVCONNSwap
                0x0000000008007004      0x280 Fusb307b/Src/policy.o
                0x0000000008007004                PolicySinkSendVCONNSwap
 .text.PolicySinkEvaluateVCONNSwap
                0x0000000008007284      0x1d4 Fusb307b/Src/policy.o
                0x0000000008007284                PolicySinkEvaluateVCONNSwap
 .text.PolicySinkSendPRSwap
                0x0000000008007458       0x14 Fusb307b/Src/policy.o
                0x0000000008007458                PolicySinkSendPRSwap
 .text.PolicySinkEvaluatePRSwap
                0x000000000800746c       0x16 Fusb307b/Src/policy.o
                0x000000000800746c                PolicySinkEvaluatePRSwap
 .text.PolicySendNotSupported
                0x0000000008007482      0x128 Fusb307b/Src/policy.o
                0x0000000008007482                PolicySendNotSupported
 .text.PolicyNotSupported
                0x00000000080075aa       0x28 Fusb307b/Src/policy.o
                0x00000000080075aa                PolicyNotSupported
 .text.PolicyDFPCBLSendSoftReset
                0x00000000080075d2       0xf2 Fusb307b/Src/policy.o
                0x00000000080075d2                PolicyDFPCBLSendSoftReset
 .text.PolicyDFPCBLSendReset
                0x00000000080076c4       0x32 Fusb307b/Src/policy.o
                0x00000000080076c4                PolicyDFPCBLSendReset
 .text.UpdateCapabilitiesRx
                0x00000000080076f6       0xa0 Fusb307b/Src/policy.o
                0x00000000080076f6                UpdateCapabilitiesRx
 .text.PolicySendHardReset
                0x0000000008007796       0x9a Fusb307b/Src/policy.o
                0x0000000008007796                PolicySendHardReset
 .text.PolicySendGenericCommand
                0x0000000008007830       0xea Fusb307b/Src/policy.o
                0x0000000008007830                PolicySendGenericCommand
 .text.PolicySendGenericData
                0x000000000800791a      0x104 Fusb307b/Src/policy.o
                0x000000000800791a                PolicySendGenericData
 *fill*         0x0000000008007a1e        0x2 
 .text.PolicySend
                0x0000000008007a20      0x3cc Fusb307b/Src/policy.o
                0x0000000008007a20                PolicySend
 .text.ProcessDmtBist
                0x0000000008007dec       0xc0 Fusb307b/Src/policy.o
                0x0000000008007dec                ProcessDmtBist
 .text.PolicyBISTCarrierMode2
                0x0000000008007eac      0x102 Fusb307b/Src/policy.o
                0x0000000008007eac                PolicyBISTCarrierMode2
 .text.PolicyBISTTestData
                0x0000000008007fae       0x14 Fusb307b/Src/policy.o
                0x0000000008007fae                PolicyBISTTestData
 .text.PolicyInvalidState
                0x0000000008007fc2       0x20 Fusb307b/Src/policy.o
                0x0000000008007fc2                PolicyInvalidState
 *fill*         0x0000000008007fe2        0x2 
 .text.ProcessCableResetState
                0x0000000008007fe4      0x11c Fusb307b/Src/policy.o
                0x0000000008007fe4                ProcessCableResetState
 .text.InitializeVars
                0x0000000008008100      0x474 Fusb307b/Src/port.o
                0x0000000008008100                InitializeVars
 .text.InitializePort
                0x0000000008008574       0xc2 Fusb307b/Src/port.o
                0x0000000008008574                InitializePort
 .text.ReadRegister
                0x0000000008008636       0x34 Fusb307b/Src/port.o
                0x0000000008008636                ReadRegister
 .text.ReadRegisters
                0x000000000800866a       0x38 Fusb307b/Src/port.o
                0x000000000800866a                ReadRegisters
 .text.ReadStatusRegisters
                0x00000000080086a2       0x34 Fusb307b/Src/port.o
                0x00000000080086a2                ReadStatusRegisters
 .text.ReadAllRegisters
                0x00000000080086d6      0x1f8 Fusb307b/Src/port.o
                0x00000000080086d6                ReadAllRegisters
 .text.ReadRxRegisters
                0x00000000080088ce       0x2e Fusb307b/Src/port.o
                0x00000000080088ce                ReadRxRegisters
 .text.WriteRegister
                0x00000000080088fc       0x32 Fusb307b/Src/port.o
                0x00000000080088fc                WriteRegister
 .text.WriteRegisters
                0x000000000800892e       0x36 Fusb307b/Src/port.o
                0x000000000800892e                WriteRegisters
 .text.WriteTxRegisters
                0x0000000008008964       0x2e Fusb307b/Src/port.o
                0x0000000008008964                WriteTxRegisters
 .text.ClearInterrupt
                0x0000000008008992       0x3a Fusb307b/Src/port.o
                0x0000000008008992                ClearInterrupt
 .text.SendCommand
                0x00000000080089cc       0xce Fusb307b/Src/port.o
                0x00000000080089cc                SendCommand
 .text.SetRpValue
                0x0000000008008a9a       0x5a Fusb307b/Src/port.o
                0x0000000008008a9a                SetRpValue
 .text.UpdateSourceCurrent
                0x0000000008008af4       0x26 Fusb307b/Src/port.o
                0x0000000008008af4                UpdateSourceCurrent
 .text.UpdateSinkCurrent
                0x0000000008008b1a       0x42 Fusb307b/Src/port.o
                0x0000000008008b1a                UpdateSinkCurrent
 .text.GetVBusVoltage
                0x0000000008008b5c       0x78 Fusb307b/Src/port.o
                0x0000000008008b5c                GetVBusVoltage
 .text.IsVbusVSafe0V
                0x0000000008008bd4       0x2a Fusb307b/Src/port.o
                0x0000000008008bd4                IsVbusVSafe0V
 .text.IsVbusVSafe5V
                0x0000000008008bfe       0x36 Fusb307b/Src/port.o
                0x0000000008008bfe                IsVbusVSafe5V
 .text.SetVBusSnkDisc
                0x0000000008008c34       0x3a Fusb307b/Src/port.o
                0x0000000008008c34                SetVBusSnkDisc
 .text.SetVBusStopDisc
                0x0000000008008c6e       0x3a Fusb307b/Src/port.o
                0x0000000008008c6e                SetVBusStopDisc
 .text.SetVBusAlarm
                0x0000000008008ca8       0x64 Fusb307b/Src/port.o
                0x0000000008008ca8                SetVBusAlarm
 .text.DecodeCCTermination
                0x0000000008008d0c       0x80 Fusb307b/Src/port.o
                0x0000000008008d0c                DecodeCCTermination
 .text.DecodeCCTerminationSink
                0x0000000008008d8c       0x70 Fusb307b/Src/port.o
                0x0000000008008d8c                DecodeCCTerminationSink
 .text.ResetDebounceVariables
                0x0000000008008dfc       0x34 Fusb307b/Src/port.o
                0x0000000008008dfc                ResetDebounceVariables
 .text.DebounceCC
                0x0000000008008e30       0xd0 Fusb307b/Src/port.o
                0x0000000008008e30                DebounceCC
 .text.SetVConn
                0x0000000008008f00       0x38 Fusb307b/Src/port.o
                0x0000000008008f00                SetVConn
 .text.GetVConn
                0x0000000008008f38       0x1e Fusb307b/Src/port.o
                0x0000000008008f38                GetVConn
 .text.SetStateSink
                0x0000000008008f56       0x70 Fusb307b/Src/port.o
                0x0000000008008f56                SetStateSink
 .text.DetectCCPin
                0x0000000008008fc6       0xa0 Fusb307b/Src/port.o
                0x0000000008008fc6                DetectCCPin
 .text.UpdateVConnTermination
                0x0000000008009066       0x4c Fusb307b/Src/port.o
                0x0000000008009066                UpdateVConnTermination
 .text.UpdateOrientation
                0x00000000080090b2      0x132 Fusb307b/Src/port.o
                0x00000000080090b2                UpdateOrientation
 .text.ClearState
                0x00000000080091e4       0xa2 Fusb307b/Src/port.o
                0x00000000080091e4                ClearState
 .text.ResetMessageIDs
                0x0000000008009286       0x4c Fusb307b/Src/port.o
 .text.ResetProtocolLayer
                0x00000000080092d2       0xaa Fusb307b/Src/port.o
                0x00000000080092d2                ResetProtocolLayer
 .text.PDEnable
                0x000000000800937c      0x166 Fusb307b/Src/port.o
                0x000000000800937c                PDEnable
 .text.PDDisable
                0x00000000080094e2       0x8e Fusb307b/Src/port.o
                0x00000000080094e2                PDDisable
 .text.set_sop_p_detect
                0x0000000008009570       0xc0 Fusb307b/Src/port.o
                0x0000000008009570                set_sop_p_detect
 .text.set_policy_state
                0x0000000008009630       0x94 Fusb307b/Src/port.o
                0x0000000008009630                set_policy_state
 .text.SetSinkTx
                0x00000000080096c4       0x30 Fusb307b/Src/port.o
                0x00000000080096c4                SetSinkTx
 .text.USBPDProtocol
                0x00000000080096f4       0xe4 Fusb307b/Src/protocol.o
                0x00000000080096f4                USBPDProtocol
 .text.ProtocolIdle
                0x00000000080097d8       0xa0 Fusb307b/Src/protocol.o
                0x00000000080097d8                ProtocolIdle
 .text.ProtocolResetWait
                0x0000000008009878       0x72 Fusb307b/Src/protocol.o
                0x0000000008009878                ProtocolResetWait
 .text.ProtocolGetRxPacket
                0x00000000080098ea      0x1c4 Fusb307b/Src/protocol.o
                0x00000000080098ea                ProtocolGetRxPacket
 .text.ProtocolTransmitMessage
                0x0000000008009aae      0x1fa Fusb307b/Src/protocol.o
                0x0000000008009aae                ProtocolTransmitMessage
 .text.ProtocolSendingMessage
                0x0000000008009ca8      0x1a4 Fusb307b/Src/protocol.o
                0x0000000008009ca8                ProtocolSendingMessage
 .text.ProtocolSendHardReset
                0x0000000008009e4c       0x56 Fusb307b/Src/protocol.o
                0x0000000008009e4c                ProtocolSendHardReset
 .text.TokenToSopType
                0x0000000008009ea2       0x46 Fusb307b/Src/protocol.o
                0x0000000008009ea2                TokenToSopType
 .text.AddressToRegister
                0x0000000008009ee8      0x518 Fusb307b/Src/registers.o
                0x0000000008009ee8                AddressToRegister
 .text.RegClearBits
                0x000000000800a400       0x3c Fusb307b/Src/registers.o
                0x000000000800a400                RegClearBits
 .text.SystemPolicyProcess
                0x000000000800a43c       0x14 Fusb307b/Src/systempolicy.o
                0x000000000800a43c                SystemPolicyProcess
 .text.TimerStart
                0x000000000800a450       0x3c Fusb307b/Src/timer.o
                0x000000000800a450                TimerStart
 .text.TimerDisable
                0x000000000800a48c       0x36 Fusb307b/Src/timer.o
                0x000000000800a48c                TimerDisable
 .text.TimerDisabled
                0x000000000800a4c2       0x22 Fusb307b/Src/timer.o
                0x000000000800a4c2                TimerDisabled
 .text.TimerExpired
                0x000000000800a4e4       0x3a Fusb307b/Src/timer.o
                0x000000000800a4e4                TimerExpired
 .text.TimerRemaining
                0x000000000800a51e       0x62 Fusb307b/Src/timer.o
                0x000000000800a51e                TimerRemaining
 .text.StateMachineTypeC
                0x000000000800a580      0x198 Fusb307b/Src/typec.o
                0x000000000800a580                StateMachineTypeC
 .text.StateMachineDisabled
                0x000000000800a718       0x2e Fusb307b/Src/typec.o
                0x000000000800a718                StateMachineDisabled
 .text.StateMachineErrorRecovery
                0x000000000800a746       0x3a Fusb307b/Src/typec.o
                0x000000000800a746                StateMachineErrorRecovery
 .text.StateMachineUnattached
                0x000000000800a780      0x104 Fusb307b/Src/typec.o
                0x000000000800a780                StateMachineUnattached
 .text.StateMachineAttachWaitSink
                0x000000000800a884       0xd4 Fusb307b/Src/typec.o
                0x000000000800a884                StateMachineAttachWaitSink
 .text.StateMachineAttachedSink
                0x000000000800a958       0xce Fusb307b/Src/typec.o
                0x000000000800a958                StateMachineAttachedSink
 .text.StateMachineDebugAccessorySink
                0x000000000800aa26       0xae Fusb307b/Src/typec.o
                0x000000000800aa26                StateMachineDebugAccessorySink
 .text.StateMachineIllegalCable
                0x000000000800aad4       0x30 Fusb307b/Src/typec.o
                0x000000000800aad4                StateMachineIllegalCable
 .text.SetStateErrorRecovery
                0x000000000800ab04       0x80 Fusb307b/Src/typec.o
                0x000000000800ab04                SetStateErrorRecovery
 .text.SetStateUnattached
                0x000000000800ab84      0x170 Fusb307b/Src/typec.o
                0x000000000800ab84                SetStateUnattached
 .text.SetStateAttachWaitSink
                0x000000000800acf4       0xcc Fusb307b/Src/typec.o
                0x000000000800acf4                SetStateAttachWaitSink
 .text.SetStateAttachedSink
                0x000000000800adc0      0x104 Fusb307b/Src/typec.o
                0x000000000800adc0                SetStateAttachedSink
 .text.SetStateDebugAccessorySink
                0x000000000800aec4       0x98 Fusb307b/Src/typec.o
                0x000000000800aec4                SetStateDebugAccessorySink
 .text.SetStateIllegalCable
                0x000000000800af5c       0x50 Fusb307b/Src/typec.o
                0x000000000800af5c                SetStateIllegalCable
 .text.CurrentSVDMVersion
                0x000000000800afac       0x2a Fusb307b/Src/vdm.o
                0x000000000800afac                CurrentSVDMVersion
 .text.PolicyVdm
                0x000000000800afd6      0x10e Fusb307b/Src/vdm.o
                0x000000000800afd6                PolicyVdm
 .text.PolicyGiveVdm
                0x000000000800b0e4       0xf4 Fusb307b/Src/vdm.o
                0x000000000800b0e4                PolicyGiveVdm
 .text.ConvertAndProcessVdmMessage
                0x000000000800b1d8       0x76 Fusb307b/Src/vdm.o
                0x000000000800b1d8                ConvertAndProcessVdmMessage
 .text.DoVdmCommand
                0x000000000800b24e       0xe4 Fusb307b/Src/vdm.o
                0x000000000800b24e                DoVdmCommand
 *fill*         0x000000000800b332        0x2 
 .text.AutoVdmDiscovery
                0x000000000800b334      0x1cc Fusb307b/Src/vdm.o
                0x000000000800b334                AutoVdmDiscovery
 .text.RequestDiscoverIdentity
                0x000000000800b500      0x12e Fusb307b/Src/vdm.o
                0x000000000800b500                RequestDiscoverIdentity
 .text.RequestDiscoverSvids
                0x000000000800b62e       0x9e Fusb307b/Src/vdm.o
                0x000000000800b62e                RequestDiscoverSvids
 .text.RequestDiscoverModes
                0x000000000800b6cc       0xa4 Fusb307b/Src/vdm.o
                0x000000000800b6cc                RequestDiscoverModes
 .text.RequestEnterMode
                0x000000000800b770       0xaa Fusb307b/Src/vdm.o
                0x000000000800b770                RequestEnterMode
 .text.RequestExitMode
                0x000000000800b81a       0xaa Fusb307b/Src/vdm.o
                0x000000000800b81a                RequestExitMode
 .text.ProcessVdmMessage
                0x000000000800b8c4      0x10c Fusb307b/Src/vdm.o
                0x000000000800b8c4                ProcessVdmMessage
 .text.evalResponseToSopVdm
                0x000000000800b9d0       0x5e Fusb307b/Src/vdm.o
                0x000000000800b9d0                evalResponseToSopVdm
 .text.evalResponseToCblVdm
                0x000000000800ba2e       0x2a Fusb307b/Src/vdm.o
                0x000000000800ba2e                evalResponseToCblVdm
 .text.ProcessDiscoverIdentity
                0x000000000800ba58      0x4e8 Fusb307b/Src/vdm.o
                0x000000000800ba58                ProcessDiscoverIdentity
 .text.ProcessDiscoverSvids
                0x000000000800bf40      0x3aa Fusb307b/Src/vdm.o
                0x000000000800bf40                ProcessDiscoverSvids
 .text.ProcessDiscoverModes
                0x000000000800c2ea      0x2b8 Fusb307b/Src/vdm.o
                0x000000000800c2ea                ProcessDiscoverModes
 .text.ProcessEnterMode
                0x000000000800c5a2      0x1fe Fusb307b/Src/vdm.o
                0x000000000800c5a2                ProcessEnterMode
 .text.ProcessExitMode
                0x000000000800c7a0      0x228 Fusb307b/Src/vdm.o
                0x000000000800c7a0                ProcessExitMode
 .text.ProcessAttention
                0x000000000800c9c8       0x6c Fusb307b/Src/vdm.o
                0x000000000800c9c8                ProcessAttention
 .text.ProcessSvidSpecific
                0x000000000800ca34       0xd4 Fusb307b/Src/vdm.o
                0x000000000800ca34                ProcessSvidSpecific
 .text.SendVdmMessage
                0x000000000800cb08       0x8a Fusb307b/Src/vdm.o
                0x000000000800cb08                SendVdmMessage
 .text.SendVdmMessageWithTimeout
                0x000000000800cb92       0x30 Fusb307b/Src/vdm.o
                0x000000000800cb92                SendVdmMessageWithTimeout
 *fill*         0x000000000800cbc2        0x2 
 .text.StartVdmTimer
                0x000000000800cbc4      0x104 Fusb307b/Src/vdm.o
                0x000000000800cbc4                StartVdmTimer
 .text.ResetPolicyState
                0x000000000800ccc8      0x300 Fusb307b/Src/vdm.o
                0x000000000800ccc8                ResetPolicyState
 .text.VdmRequestIdentityInfo
                0x000000000800cfc8       0xa6 Fusb307b/Src/vdm.o
                0x000000000800cfc8                VdmRequestIdentityInfo
 .text.VdmRequestSvidInfo
                0x000000000800d06e       0x5c Fusb307b/Src/vdm.o
                0x000000000800d06e                VdmRequestSvidInfo
 .text.VdmRequestModesInfo
                0x000000000800d0ca       0x92 Fusb307b/Src/vdm.o
                0x000000000800d0ca                VdmRequestModesInfo
 .text.VdmModeEntryRequest
                0x000000000800d15c       0x72 Fusb307b/Src/vdm.o
                0x000000000800d15c                VdmModeEntryRequest
 .text.VdmModeExitRequest
                0x000000000800d1ce       0x8a Fusb307b/Src/vdm.o
                0x000000000800d1ce                VdmModeExitRequest
 .text.VdmEnterModeResult
                0x000000000800d258       0x62 Fusb307b/Src/vdm.o
                0x000000000800d258                VdmEnterModeResult
 .text.VdmExitModeResult
                0x000000000800d2ba       0x50 Fusb307b/Src/vdm.o
                0x000000000800d2ba                VdmExitModeResult
 .text.VdmInformIdentity
                0x000000000800d30a       0x96 Fusb307b/Src/vdm.o
                0x000000000800d30a                VdmInformIdentity
 .text.VdmInformSvids
                0x000000000800d3a0       0xca Fusb307b/Src/vdm.o
                0x000000000800d3a0                VdmInformSvids
 .text.VdmInformModes
                0x000000000800d46a       0xd6 Fusb307b/Src/vdm.o
                0x000000000800d46a                VdmInformModes
 .text.VdmInformAttention
                0x000000000800d540       0x2a Fusb307b/Src/vdm.o
                0x000000000800d540                VdmInformAttention
 .text.getIdHeader
                0x000000000800d56a       0x86 Fusb307b/Src/vdm.o
                0x000000000800d56a                getIdHeader
 .text.getBitsForIdHeader
                0x000000000800d5f0       0x8e Fusb307b/Src/vdm.o
                0x000000000800d5f0                getBitsForIdHeader
 .text.getCertStatVdo
                0x000000000800d67e       0x24 Fusb307b/Src/vdm.o
                0x000000000800d67e                getCertStatVdo
 .text.getProductVdo
                0x000000000800d6a2       0x34 Fusb307b/Src/vdm.o
                0x000000000800d6a2                getProductVdo
 .text.getCableVdo
                0x000000000800d6d6      0x12c Fusb307b/Src/vdm.o
                0x000000000800d6d6                getCableVdo
 .text.getAmaVdo
                0x000000000800d802       0xee Fusb307b/Src/vdm.o
                0x000000000800d802                getAmaVdo
 .text.getBitsForProductVdo
                0x000000000800d8f0       0x38 Fusb307b/Src/vdm.o
                0x000000000800d8f0                getBitsForProductVdo
 .text.getBitsForCertStatVdo
                0x000000000800d928       0x2e Fusb307b/Src/vdm.o
                0x000000000800d928                getBitsForCertStatVdo
 .text.getBitsForCableVdo
                0x000000000800d956      0x134 Fusb307b/Src/vdm.o
                0x000000000800d956                getBitsForCableVdo
 .text.getBitsForAmaVdo
                0x000000000800da8a       0xe4 Fusb307b/Src/vdm.o
                0x000000000800da8a                getBitsForAmaVdo
 .text.VIF_InitializeSnkCaps
                0x000000000800db6e       0xfe Fusb307b/Src/vendor_info.o
                0x000000000800db6e                VIF_InitializeSnkCaps
 .text.__libc_init_array
                0x000000000800dc6c       0x48 c:/st/stm32cubeide_1.1.0/stm32cubeide/plugins/com.st.stm32cube.ide.mcu.externaltools.gnu-tools-for-stm32.7-2018-q2-update.win32_1.0.0.201904181610/tools/bin/../lib/gcc/arm-none-eabi/7.3.1/../../../../arm-none-eabi/lib/thumb/v7e-m/fpv4-sp/hard\libc_nano.a(lib_a-init.o)
                0x000000000800dc6c                __libc_init_array
 .text.memset   0x000000000800dcb4       0x10 c:/st/stm32cubeide_1.1.0/stm32cubeide/plugins/com.st.stm32cube.ide.mcu.externaltools.gnu-tools-for-stm32.7-2018-q2-update.win32_1.0.0.201904181610/tools/bin/../lib/gcc/arm-none-eabi/7.3.1/../../../../arm-none-eabi/lib/thumb/v7e-m/fpv4-sp/hard\libc_nano.a(lib_a-memset.o)
                0x000000000800dcb4                memset
 *(.glue_7)
 .glue_7        0x000000000800dcc4        0x0 linker stubs
 *(.glue_7t)
 .glue_7t       0x000000000800dcc4        0x0 linker stubs
 *(.eh_frame)
 .eh_frame      0x000000000800dcc4        0x0 c:/st/stm32cubeide_1.1.0/stm32cubeide/plugins/com.st.stm32cube.ide.mcu.externaltools.gnu-tools-for-stm32.7-2018-q2-update.win32_1.0.0.201904181610/tools/bin/../lib/gcc/arm-none-eabi/7.3.1/thumb/v7e-m/fpv4-sp/hard/crtbegin.o
 *(.init)
 .init          0x000000000800dcc4        0x4 c:/st/stm32cubeide_1.1.0/stm32cubeide/plugins/com.st.stm32cube.ide.mcu.externaltools.gnu-tools-for-stm32.7-2018-q2-update.win32_1.0.0.201904181610/tools/bin/../lib/gcc/arm-none-eabi/7.3.1/thumb/v7e-m/fpv4-sp/hard/crti.o
                0x000000000800dcc4                _init
 .init          0x000000000800dcc8        0x8 c:/st/stm32cubeide_1.1.0/stm32cubeide/plugins/com.st.stm32cube.ide.mcu.externaltools.gnu-tools-for-stm32.7-2018-q2-update.win32_1.0.0.201904181610/tools/bin/../lib/gcc/arm-none-eabi/7.3.1/thumb/v7e-m/fpv4-sp/hard/crtn.o
 *(.fini)
 .fini          0x000000000800dcd0        0x4 c:/st/stm32cubeide_1.1.0/stm32cubeide/plugins/com.st.stm32cube.ide.mcu.externaltools.gnu-tools-for-stm32.7-2018-q2-update.win32_1.0.0.201904181610/tools/bin/../lib/gcc/arm-none-eabi/7.3.1/thumb/v7e-m/fpv4-sp/hard/crti.o
                0x000000000800dcd0                _fini
 .fini          0x000000000800dcd4        0x8 c:/st/stm32cubeide_1.1.0/stm32cubeide/plugins/com.st.stm32cube.ide.mcu.externaltools.gnu-tools-for-stm32.7-2018-q2-update.win32_1.0.0.201904181610/tools/bin/../lib/gcc/arm-none-eabi/7.3.1/thumb/v7e-m/fpv4-sp/hard/crtn.o
                0x000000000800dcdc                . = ALIGN (0x4)
                0x000000000800dcdc                _etext = .

.vfp11_veneer   0x000000000800dcdc        0x0
 .vfp11_veneer  0x000000000800dcdc        0x0 linker stubs

.v4_bx          0x000000000800dcdc        0x0
 .v4_bx         0x000000000800dcdc        0x0 linker stubs

.iplt           0x000000000800dcdc        0x0
 .iplt          0x000000000800dcdc        0x0 c:/st/stm32cubeide_1.1.0/stm32cubeide/plugins/com.st.stm32cube.ide.mcu.externaltools.gnu-tools-for-stm32.7-2018-q2-update.win32_1.0.0.201904181610/tools/bin/../lib/gcc/arm-none-eabi/7.3.1/thumb/v7e-m/fpv4-sp/hard/crtbegin.o

.rodata         0x000000000800dcdc       0xb0
                0x000000000800dcdc                . = ALIGN (0x4)
 *(.rodata)
 .rodata        0x000000000800dcdc       0x13 Core/Src/main.o
 *fill*         0x000000000800dcef        0x1 
 .rodata        0x000000000800dcf0       0x13 Fusb307b/Src/core.o
 *fill*         0x000000000800dd03        0x1 
 .rodata        0x000000000800dd04        0x7 Fusb307b/Src/port.o
 *fill*         0x000000000800dd0b        0x1 
 .rodata        0x000000000800dd0c       0x3f Fusb307b/Src/typec.o
 *(.rodata*)
 *fill*         0x000000000800dd4b        0x1 
 .rodata.AHBPrescTable
                0x000000000800dd4c       0x10 Core/Src/system_stm32l4xx.o
                0x000000000800dd4c                AHBPrescTable
 .rodata.MSIRangeTable
                0x000000000800dd5c       0x30 Core/Src/system_stm32l4xx.o
                0x000000000800dd5c                MSIRangeTable
                0x000000000800dd8c                . = ALIGN (0x4)

.rel.dyn        0x000000000800dd8c        0x0
 .rel.iplt      0x000000000800dd8c        0x0 c:/st/stm32cubeide_1.1.0/stm32cubeide/plugins/com.st.stm32cube.ide.mcu.externaltools.gnu-tools-for-stm32.7-2018-q2-update.win32_1.0.0.201904181610/tools/bin/../lib/gcc/arm-none-eabi/7.3.1/thumb/v7e-m/fpv4-sp/hard/crtbegin.o

.ARM.extab      0x000000000800dd8c        0x0
                0x000000000800dd8c                . = ALIGN (0x4)
 *(.ARM.extab* .gnu.linkonce.armextab.*)
                0x000000000800dd8c                . = ALIGN (0x4)

.ARM            0x000000000800dd8c        0x0
                0x000000000800dd8c                . = ALIGN (0x4)
                0x000000000800dd8c                __exidx_start = .
 *(.ARM.exidx*)
                0x000000000800dd8c                __exidx_end = .
                0x000000000800dd8c                . = ALIGN (0x4)

.preinit_array  0x000000000800dd8c        0x0
                0x000000000800dd8c                . = ALIGN (0x4)
                0x000000000800dd8c                PROVIDE (__preinit_array_start = .)
 *(.preinit_array*)
                0x000000000800dd8c                PROVIDE (__preinit_array_end = .)
                0x000000000800dd8c                . = ALIGN (0x4)

.init_array     0x000000000800dd8c        0x4
                0x000000000800dd8c                . = ALIGN (0x4)
                0x000000000800dd8c                PROVIDE (__init_array_start = .)
 *(SORT_BY_NAME(.init_array.*))
 *(.init_array*)
 .init_array    0x000000000800dd8c        0x4 c:/st/stm32cubeide_1.1.0/stm32cubeide/plugins/com.st.stm32cube.ide.mcu.externaltools.gnu-tools-for-stm32.7-2018-q2-update.win32_1.0.0.201904181610/tools/bin/../lib/gcc/arm-none-eabi/7.3.1/thumb/v7e-m/fpv4-sp/hard/crtbegin.o
                0x000000000800dd90                PROVIDE (__init_array_end = .)
                0x000000000800dd90                . = ALIGN (0x4)

.fini_array     0x000000000800dd90        0x4
                0x000000000800dd90                . = ALIGN (0x4)
                [!provide]                        PROVIDE (__fini_array_start = .)
 *(SORT_BY_NAME(.fini_array.*))
 *(.fini_array*)
 .fini_array    0x000000000800dd90        0x4 c:/st/stm32cubeide_1.1.0/stm32cubeide/plugins/com.st.stm32cube.ide.mcu.externaltools.gnu-tools-for-stm32.7-2018-q2-update.win32_1.0.0.201904181610/tools/bin/../lib/gcc/arm-none-eabi/7.3.1/thumb/v7e-m/fpv4-sp/hard/crtbegin.o
                [!provide]                        PROVIDE (__fini_array_end = .)
                0x000000000800dd94                . = ALIGN (0x4)
                0x000000000800dd94                _sidata = LOADADDR (.data)

.data           0x0000000020000000        0xc load address 0x000000000800dd94
                0x0000000020000000                . = ALIGN (0x4)
                0x0000000020000000                _sdata = .
 *(.data)
 *(.data*)
 .data.SystemCoreClock
                0x0000000020000000        0x4 Core/Src/system_stm32l4xx.o
                0x0000000020000000                SystemCoreClock
 .data.uwTickPrio
                0x0000000020000004        0x4 Drivers/STM32L4xx_HAL_Driver/Src/stm32l4xx_hal.o
                0x0000000020000004                uwTickPrio
 .data.uwTickFreq
                0x0000000020000008        0x4 Drivers/STM32L4xx_HAL_Driver/Src/stm32l4xx_hal.o
                0x0000000020000008                uwTickFreq
                0x000000002000000c                . = ALIGN (0x4)
                0x000000002000000c                _edata = .

.igot.plt       0x000000002000000c        0x0 load address 0x000000000800dda0
 .igot.plt      0x000000002000000c        0x0 c:/st/stm32cubeide_1.1.0/stm32cubeide/plugins/com.st.stm32cube.ide.mcu.externaltools.gnu-tools-for-stm32.7-2018-q2-update.win32_1.0.0.201904181610/tools/bin/../lib/gcc/arm-none-eabi/7.3.1/thumb/v7e-m/fpv4-sp/hard/crtbegin.o
                0x000000002000000c                . = ALIGN (0x4)

.bss            0x000000002000000c      0x840 load address 0x000000000800dda0
                0x000000002000000c                _sbss = .
                0x000000002000000c                __bss_start__ = _sbss
 *(.bss)
 .bss           0x000000002000000c       0x1c c:/st/stm32cubeide_1.1.0/stm32cubeide/plugins/com.st.stm32cube.ide.mcu.externaltools.gnu-tools-for-stm32.7-2018-q2-update.win32_1.0.0.201904181610/tools/bin/../lib/gcc/arm-none-eabi/7.3.1/thumb/v7e-m/fpv4-sp/hard/crtbegin.o
 *(.bss*)
 .bss.observers
                0x0000000020000028       0x10 Fusb307b/Src/observer.o
 *(COMMON)
 COMMON         0x0000000020000038      0x80d Core/Src/main.o
                0x0000000020000038                hi2c3
                0x0000000020000084                hpcd_USB_OTG_FS
                0x000000002000048c                htim3
                0x00000000200004cc                htim1
                0x000000002000050c                g_timer_int_active
                0x0000000020000510                htim2
                0x0000000020000550                g_port_active
                0x0000000020000554                g_ports
                0x0000000020000844                g_IdleIdx
 *fill*         0x0000000020000845        0x3 
 COMMON         0x0000000020000848        0x4 Drivers/STM32L4xx_HAL_Driver/Src/stm32l4xx_hal.o
                0x0000000020000848                uwTick
                0x000000002000084c                . = ALIGN (0x4)
                0x000000002000084c                _ebss = .
                0x000000002000084c                __bss_end__ = _ebss

._user_heap_stack
                0x000000002000084c      0x604 load address 0x000000000800dda0
                0x0000000020000850                . = ALIGN (0x8)
 *fill*         0x000000002000084c        0x4 
                0x0000000020000850                PROVIDE (end = .)
                [!provide]                        PROVIDE (_end = .)
                0x0000000020000a50                . = (. + _Min_Heap_Size)
 *fill*         0x0000000020000850      0x200 
                0x0000000020000e50                . = (. + _Min_Stack_Size)
 *fill*         0x0000000020000a50      0x400 
                0x0000000020000e50                . = ALIGN (0x8)

/DISCARD/
 libc.a(*)
 libm.a(*)
 libgcc.a(*)

.ARM.attributes
                0x0000000000000000       0x30
 *(.ARM.attributes)
 .ARM.attributes
                0x0000000000000000       0x22 c:/st/stm32cubeide_1.1.0/stm32cubeide/plugins/com.st.stm32cube.ide.mcu.externaltools.gnu-tools-for-stm32.7-2018-q2-update.win32_1.0.0.201904181610/tools/bin/../lib/gcc/arm-none-eabi/7.3.1/thumb/v7e-m/fpv4-sp/hard/crti.o
 .ARM.attributes
                0x0000000000000022       0x34 c:/st/stm32cubeide_1.1.0/stm32cubeide/plugins/com.st.stm32cube.ide.mcu.externaltools.gnu-tools-for-stm32.7-2018-q2-update.win32_1.0.0.201904181610/tools/bin/../lib/gcc/arm-none-eabi/7.3.1/thumb/v7e-m/fpv4-sp/hard/crtbegin.o
 .ARM.attributes
                0x0000000000000056       0x39 Core/Src/main.o
 .ARM.attributes
                0x000000000000008f       0x39 Core/Src/platform.o
 .ARM.attributes
                0x00000000000000c8       0x39 Core/Src/stm32l4xx_hal_msp.o
 .ARM.attributes
                0x0000000000000101       0x39 Core/Src/stm32l4xx_it.o
 .ARM.attributes
                0x000000000000013a       0x39 Core/Src/system_stm32l4xx.o
 .ARM.attributes
                0x0000000000000173       0x21 Core/Startup/startup_stm32l476mgyx.o
 .ARM.attributes
                0x0000000000000194       0x39 Drivers/STM32L4xx_HAL_Driver/Src/stm32l4xx_hal.o
 .ARM.attributes
                0x00000000000001cd       0x39 Drivers/STM32L4xx_HAL_Driver/Src/stm32l4xx_hal_cortex.o
 .ARM.attributes
                0x0000000000000206       0x39 Drivers/STM32L4xx_HAL_Driver/Src/stm32l4xx_hal_gpio.o
 .ARM.attributes
                0x000000000000023f       0x39 Drivers/STM32L4xx_HAL_Driver/Src/stm32l4xx_hal_i2c.o
 .ARM.attributes
                0x0000000000000278       0x39 Drivers/STM32L4xx_HAL_Driver/Src/stm32l4xx_hal_i2c_ex.o
 .ARM.attributes
                0x00000000000002b1       0x39 Drivers/STM32L4xx_HAL_Driver/Src/stm32l4xx_hal_pcd.o
 .ARM.attributes
                0x00000000000002ea       0x39 Drivers/STM32L4xx_HAL_Driver/Src/stm32l4xx_hal_pcd_ex.o
 .ARM.attributes
                0x0000000000000323       0x39 Drivers/STM32L4xx_HAL_Driver/Src/stm32l4xx_hal_pwr_ex.o
 .ARM.attributes
                0x000000000000035c       0x39 Drivers/STM32L4xx_HAL_Driver/Src/stm32l4xx_hal_rcc.o
 .ARM.attributes
                0x0000000000000395       0x39 Drivers/STM32L4xx_HAL_Driver/Src/stm32l4xx_hal_rcc_ex.o
 .ARM.attributes
                0x00000000000003ce       0x39 Drivers/STM32L4xx_HAL_Driver/Src/stm32l4xx_hal_tim.o
 .ARM.attributes
                0x0000000000000407       0x39 Drivers/STM32L4xx_HAL_Driver/Src/stm32l4xx_hal_tim_ex.o
 .ARM.attributes
                0x0000000000000440       0x39 Drivers/STM32L4xx_HAL_Driver/Src/stm32l4xx_ll_usb.o
 .ARM.attributes
                0x0000000000000479       0x39 Fusb307b/Src/core.o
 .ARM.attributes
                0x00000000000004b2       0x39 Fusb307b/Src/display_port.o
 .ARM.attributes
                0x00000000000004eb       0x39 Fusb307b/Src/dpm.o
 .ARM.attributes
                0x0000000000000524       0x39 Fusb307b/Src/observer.o
 .ARM.attributes
                0x000000000000055d       0x39 Fusb307b/Src/policy.o
 .ARM.attributes
                0x0000000000000596       0x39 Fusb307b/Src/port.o
 .ARM.attributes
                0x00000000000005cf       0x39 Fusb307b/Src/protocol.o
 .ARM.attributes
                0x0000000000000608       0x39 Fusb307b/Src/registers.o
 .ARM.attributes
                0x0000000000000641       0x39 Fusb307b/Src/systempolicy.o
 .ARM.attributes
                0x000000000000067a       0x39 Fusb307b/Src/timer.o
 .ARM.attributes
                0x00000000000006b3       0x39 Fusb307b/Src/typec.o
 .ARM.attributes
                0x00000000000006ec       0x39 Fusb307b/Src/vdm.o
 .ARM.attributes
                0x0000000000000725       0x39 Fusb307b/Src/vendor_info.o
 .ARM.attributes
                0x000000000000075e       0x34 c:/st/stm32cubeide_1.1.0/stm32cubeide/plugins/com.st.stm32cube.ide.mcu.externaltools.gnu-tools-for-stm32.7-2018-q2-update.win32_1.0.0.201904181610/tools/bin/../lib/gcc/arm-none-eabi/7.3.1/../../../../arm-none-eabi/lib/thumb/v7e-m/fpv4-sp/hard\libc_nano.a(lib_a-init.o)
 .ARM.attributes
                0x0000000000000792       0x34 c:/st/stm32cubeide_1.1.0/stm32cubeide/plugins/com.st.stm32cube.ide.mcu.externaltools.gnu-tools-for-stm32.7-2018-q2-update.win32_1.0.0.201904181610/tools/bin/../lib/gcc/arm-none-eabi/7.3.1/../../../../arm-none-eabi/lib/thumb/v7e-m/fpv4-sp/hard\libc_nano.a(lib_a-memset.o)
 .ARM.attributes
                0x00000000000007c6       0x22 c:/st/stm32cubeide_1.1.0/stm32cubeide/plugins/com.st.stm32cube.ide.mcu.externaltools.gnu-tools-for-stm32.7-2018-q2-update.win32_1.0.0.201904181610/tools/bin/../lib/gcc/arm-none-eabi/7.3.1/thumb/v7e-m/fpv4-sp/hard/crtn.o
OUTPUT(FUSB307B.elf elf32-littlearm)

.debug_info     0x0000000000000000    0x3a8a7
 .debug_info    0x0000000000000000     0x4f61 Core/Src/main.o
 .debug_info    0x0000000000004f61     0x13e5 Core/Src/platform.o
 .debug_info    0x0000000000006346     0x1623 Core/Src/stm32l4xx_hal_msp.o
 .debug_info    0x0000000000007969      0x812 Core/Src/stm32l4xx_it.o
 .debug_info    0x000000000000817b      0x6f6 Core/Src/system_stm32l4xx.o
 .debug_info    0x0000000000008871       0x22 Core/Startup/startup_stm32l476mgyx.o
 .debug_info    0x0000000000008893      0xbe0 Drivers/STM32L4xx_HAL_Driver/Src/stm32l4xx_hal.o
 .debug_info    0x0000000000009473      0xf3c Drivers/STM32L4xx_HAL_Driver/Src/stm32l4xx_hal_cortex.o
 .debug_info    0x000000000000a3af      0x982 Drivers/STM32L4xx_HAL_Driver/Src/stm32l4xx_hal_gpio.o
 .debug_info    0x000000000000ad31     0x205c Drivers/STM32L4xx_HAL_Driver/Src/stm32l4xx_hal_i2c.o
 .debug_info    0x000000000000cd8d      0xb41 Drivers/STM32L4xx_HAL_Driver/Src/stm32l4xx_hal_i2c_ex.o
 .debug_info    0x000000000000d8ce     0x1281 Drivers/STM32L4xx_HAL_Driver/Src/stm32l4xx_hal_pcd.o
 .debug_info    0x000000000000eb4f      0x9d5 Drivers/STM32L4xx_HAL_Driver/Src/stm32l4xx_hal_pcd_ex.o
 .debug_info    0x000000000000f524      0xada Drivers/STM32L4xx_HAL_Driver/Src/stm32l4xx_hal_pwr_ex.o
 .debug_info    0x000000000000fffe      0xcfe Drivers/STM32L4xx_HAL_Driver/Src/stm32l4xx_hal_rcc.o
 .debug_info    0x0000000000010cfc      0xf10 Drivers/STM32L4xx_HAL_Driver/Src/stm32l4xx_hal_rcc_ex.o
 .debug_info    0x0000000000011c0c     0x266d Drivers/STM32L4xx_HAL_Driver/Src/stm32l4xx_hal_tim.o
 .debug_info    0x0000000000014279     0x13d8 Drivers/STM32L4xx_HAL_Driver/Src/stm32l4xx_hal_tim_ex.o
 .debug_info    0x0000000000015651     0x1a15 Drivers/STM32L4xx_HAL_Driver/Src/stm32l4xx_ll_usb.o
 .debug_info    0x0000000000017066     0x3682 Fusb307b/Src/core.o
 .debug_info    0x000000000001a6e8     0x3785 Fusb307b/Src/display_port.o
 .debug_info    0x000000000001de6d     0x36ee Fusb307b/Src/dpm.o
 .debug_info    0x000000000002155b      0x242 Fusb307b/Src/observer.o
 .debug_info    0x000000000002179d     0x3cd6 Fusb307b/Src/policy.o
 .debug_info    0x0000000000025473     0x4001 Fusb307b/Src/port.o
 .debug_info    0x0000000000029474     0x36d9 Fusb307b/Src/protocol.o
 .debug_info    0x000000000002cb4d     0x1d1d Fusb307b/Src/registers.o
 .debug_info    0x000000000002e86a     0x324f Fusb307b/Src/systempolicy.o
 .debug_info    0x0000000000031ab9      0x1c6 Fusb307b/Src/timer.o
 .debug_info    0x0000000000031c7f     0x3802 Fusb307b/Src/typec.o
 .debug_info    0x0000000000035481     0x4d61 Fusb307b/Src/vdm.o
 .debug_info    0x000000000003a1e2      0x6c5 Fusb307b/Src/vendor_info.o

.debug_abbrev   0x0000000000000000     0x4226
 .debug_abbrev  0x0000000000000000      0x33b Core/Src/main.o
 .debug_abbrev  0x000000000000033b      0x2ca Core/Src/platform.o
 .debug_abbrev  0x0000000000000605      0x221 Core/Src/stm32l4xx_hal_msp.o
 .debug_abbrev  0x0000000000000826      0x15a Core/Src/stm32l4xx_it.o
 .debug_abbrev  0x0000000000000980      0x150 Core/Src/system_stm32l4xx.o
 .debug_abbrev  0x0000000000000ad0       0x12 Core/Startup/startup_stm32l476mgyx.o
 .debug_abbrev  0x0000000000000ae2      0x1fb Drivers/STM32L4xx_HAL_Driver/Src/stm32l4xx_hal.o
 .debug_abbrev  0x0000000000000cdd      0x2fa Drivers/STM32L4xx_HAL_Driver/Src/stm32l4xx_hal_cortex.o
 .debug_abbrev  0x0000000000000fd7      0x1c0 Drivers/STM32L4xx_HAL_Driver/Src/stm32l4xx_hal_gpio.o
 .debug_abbrev  0x0000000000001197      0x22a Drivers/STM32L4xx_HAL_Driver/Src/stm32l4xx_hal_i2c.o
 .debug_abbrev  0x00000000000013c1      0x1b9 Drivers/STM32L4xx_HAL_Driver/Src/stm32l4xx_hal_i2c_ex.o
 .debug_abbrev  0x000000000000157a      0x266 Drivers/STM32L4xx_HAL_Driver/Src/stm32l4xx_hal_pcd.o
 .debug_abbrev  0x00000000000017e0      0x214 Drivers/STM32L4xx_HAL_Driver/Src/stm32l4xx_hal_pcd_ex.o
 .debug_abbrev  0x00000000000019f4      0x1cb Drivers/STM32L4xx_HAL_Driver/Src/stm32l4xx_hal_pwr_ex.o
 .debug_abbrev  0x0000000000001bbf      0x245 Drivers/STM32L4xx_HAL_Driver/Src/stm32l4xx_hal_rcc.o
 .debug_abbrev  0x0000000000001e04      0x238 Drivers/STM32L4xx_HAL_Driver/Src/stm32l4xx_hal_rcc_ex.o
 .debug_abbrev  0x000000000000203c      0x230 Drivers/STM32L4xx_HAL_Driver/Src/stm32l4xx_hal_tim.o
 .debug_abbrev  0x000000000000226c      0x21e Drivers/STM32L4xx_HAL_Driver/Src/stm32l4xx_hal_tim_ex.o
 .debug_abbrev  0x000000000000248a      0x26d Drivers/STM32L4xx_HAL_Driver/Src/stm32l4xx_ll_usb.o
 .debug_abbrev  0x00000000000026f7      0x239 Fusb307b/Src/core.o
 .debug_abbrev  0x0000000000002930      0x2c3 Fusb307b/Src/display_port.o
 .debug_abbrev  0x0000000000002bf3      0x2d8 Fusb307b/Src/dpm.o
 .debug_abbrev  0x0000000000002ecb      0x11f Fusb307b/Src/observer.o
 .debug_abbrev  0x0000000000002fea      0x24c Fusb307b/Src/policy.o
 .debug_abbrev  0x0000000000003236      0x2c1 Fusb307b/Src/port.o
 .debug_abbrev  0x00000000000034f7      0x24c Fusb307b/Src/protocol.o
 .debug_abbrev  0x0000000000003743      0x1ba Fusb307b/Src/registers.o
 .debug_abbrev  0x00000000000038fd      0x1c2 Fusb307b/Src/systempolicy.o
 .debug_abbrev  0x0000000000003abf      0x123 Fusb307b/Src/timer.o
 .debug_abbrev  0x0000000000003be2      0x212 Fusb307b/Src/typec.o
 .debug_abbrev  0x0000000000003df4      0x2d7 Fusb307b/Src/vdm.o
 .debug_abbrev  0x00000000000040cb      0x15b Fusb307b/Src/vendor_info.o

.debug_aranges  0x0000000000000000     0x1af0
 .debug_aranges
                0x0000000000000000       0x68 Core/Src/main.o
 .debug_aranges
                0x0000000000000068       0xf0 Core/Src/platform.o
 .debug_aranges
                0x0000000000000158       0x50 Core/Src/stm32l4xx_hal_msp.o
 .debug_aranges
                0x00000000000001a8       0x70 Core/Src/stm32l4xx_it.o
 .debug_aranges
                0x0000000000000218       0x28 Core/Src/system_stm32l4xx.o
 .debug_aranges
                0x0000000000000240       0x28 Core/Startup/startup_stm32l476mgyx.o
 .debug_aranges
                0x0000000000000268      0x130 Drivers/STM32L4xx_HAL_Driver/Src/stm32l4xx_hal.o
 .debug_aranges
                0x0000000000000398      0x118 Drivers/STM32L4xx_HAL_Driver/Src/stm32l4xx_hal_cortex.o
 .debug_aranges
                0x00000000000004b0       0x58 Drivers/STM32L4xx_HAL_Driver/Src/stm32l4xx_hal_gpio.o
 .debug_aranges
                0x0000000000000508      0x288 Drivers/STM32L4xx_HAL_Driver/Src/stm32l4xx_hal_i2c.o
 .debug_aranges
                0x0000000000000790       0x48 Drivers/STM32L4xx_HAL_Driver/Src/stm32l4xx_hal_i2c_ex.o
 .debug_aranges
                0x00000000000007d8      0x130 Drivers/STM32L4xx_HAL_Driver/Src/stm32l4xx_hal_pcd.o
 .debug_aranges
                0x0000000000000908       0x60 Drivers/STM32L4xx_HAL_Driver/Src/stm32l4xx_hal_pcd_ex.o
 .debug_aranges
                0x0000000000000968      0x148 Drivers/STM32L4xx_HAL_Driver/Src/stm32l4xx_hal_pwr_ex.o
 .debug_aranges
                0x0000000000000ab0       0x88 Drivers/STM32L4xx_HAL_Driver/Src/stm32l4xx_hal_rcc.o
 .debug_aranges
                0x0000000000000b38       0xc0 Drivers/STM32L4xx_HAL_Driver/Src/stm32l4xx_hal_rcc_ex.o
 .debug_aranges
                0x0000000000000bf8      0x3b8 Drivers/STM32L4xx_HAL_Driver/Src/stm32l4xx_hal_tim.o
 .debug_aranges
                0x0000000000000fb0      0x168 Drivers/STM32L4xx_HAL_Driver/Src/stm32l4xx_hal_tim_ex.o
 .debug_aranges
                0x0000000000001118      0x198 Drivers/STM32L4xx_HAL_Driver/Src/stm32l4xx_ll_usb.o
 .debug_aranges
                0x00000000000012b0       0x60 Fusb307b/Src/core.o
 .debug_aranges
                0x0000000000001310       0x90 Fusb307b/Src/display_port.o
 .debug_aranges
                0x00000000000013a0       0xb8 Fusb307b/Src/dpm.o
 .debug_aranges
                0x0000000000001458       0x30 Fusb307b/Src/observer.o
 .debug_aranges
                0x0000000000001488      0x140 Fusb307b/Src/policy.o
 .debug_aranges
                0x00000000000015c8      0x1a0 Fusb307b/Src/port.o
 .debug_aranges
                0x0000000000001768       0x58 Fusb307b/Src/protocol.o
 .debug_aranges
                0x00000000000017c0       0x48 Fusb307b/Src/registers.o
 .debug_aranges
                0x0000000000001808       0x20 Fusb307b/Src/systempolicy.o
 .debug_aranges
                0x0000000000001828       0x48 Fusb307b/Src/timer.o
 .debug_aranges
                0x0000000000001870       0x98 Fusb307b/Src/typec.o
 .debug_aranges
                0x0000000000001908      0x1c0 Fusb307b/Src/vdm.o
 .debug_aranges
                0x0000000000001ac8       0x28 Fusb307b/Src/vendor_info.o

.debug_ranges   0x0000000000000000     0x18f8
 .debug_ranges  0x0000000000000000       0x58 Core/Src/main.o
 .debug_ranges  0x0000000000000058       0xe0 Core/Src/platform.o
 .debug_ranges  0x0000000000000138       0x40 Core/Src/stm32l4xx_hal_msp.o
 .debug_ranges  0x0000000000000178       0x60 Core/Src/stm32l4xx_it.o
 .debug_ranges  0x00000000000001d8       0x18 Core/Src/system_stm32l4xx.o
 .debug_ranges  0x00000000000001f0       0x20 Core/Startup/startup_stm32l476mgyx.o
 .debug_ranges  0x0000000000000210      0x120 Drivers/STM32L4xx_HAL_Driver/Src/stm32l4xx_hal.o
 .debug_ranges  0x0000000000000330      0x108 Drivers/STM32L4xx_HAL_Driver/Src/stm32l4xx_hal_cortex.o
 .debug_ranges  0x0000000000000438       0x48 Drivers/STM32L4xx_HAL_Driver/Src/stm32l4xx_hal_gpio.o
 .debug_ranges  0x0000000000000480      0x278 Drivers/STM32L4xx_HAL_Driver/Src/stm32l4xx_hal_i2c.o
 .debug_ranges  0x00000000000006f8       0x38 Drivers/STM32L4xx_HAL_Driver/Src/stm32l4xx_hal_i2c_ex.o
 .debug_ranges  0x0000000000000730      0x120 Drivers/STM32L4xx_HAL_Driver/Src/stm32l4xx_hal_pcd.o
 .debug_ranges  0x0000000000000850       0x50 Drivers/STM32L4xx_HAL_Driver/Src/stm32l4xx_hal_pcd_ex.o
 .debug_ranges  0x00000000000008a0      0x138 Drivers/STM32L4xx_HAL_Driver/Src/stm32l4xx_hal_pwr_ex.o
 .debug_ranges  0x00000000000009d8       0x78 Drivers/STM32L4xx_HAL_Driver/Src/stm32l4xx_hal_rcc.o
 .debug_ranges  0x0000000000000a50       0xb0 Drivers/STM32L4xx_HAL_Driver/Src/stm32l4xx_hal_rcc_ex.o
 .debug_ranges  0x0000000000000b00      0x3a8 Drivers/STM32L4xx_HAL_Driver/Src/stm32l4xx_hal_tim.o
 .debug_ranges  0x0000000000000ea8      0x158 Drivers/STM32L4xx_HAL_Driver/Src/stm32l4xx_hal_tim_ex.o
 .debug_ranges  0x0000000000001000      0x188 Drivers/STM32L4xx_HAL_Driver/Src/stm32l4xx_ll_usb.o
 .debug_ranges  0x0000000000001188       0x50 Fusb307b/Src/core.o
 .debug_ranges  0x00000000000011d8       0x80 Fusb307b/Src/display_port.o
 .debug_ranges  0x0000000000001258       0xa8 Fusb307b/Src/dpm.o
 .debug_ranges  0x0000000000001300       0x20 Fusb307b/Src/observer.o
 .debug_ranges  0x0000000000001320      0x130 Fusb307b/Src/policy.o
 .debug_ranges  0x0000000000001450      0x190 Fusb307b/Src/port.o
 .debug_ranges  0x00000000000015e0       0x48 Fusb307b/Src/protocol.o
 .debug_ranges  0x0000000000001628       0x38 Fusb307b/Src/registers.o
 .debug_ranges  0x0000000000001660       0x10 Fusb307b/Src/systempolicy.o
 .debug_ranges  0x0000000000001670       0x38 Fusb307b/Src/timer.o
 .debug_ranges  0x00000000000016a8       0x88 Fusb307b/Src/typec.o
 .debug_ranges  0x0000000000001730      0x1b0 Fusb307b/Src/vdm.o
 .debug_ranges  0x00000000000018e0       0x18 Fusb307b/Src/vendor_info.o

.debug_macro    0x0000000000000000    0x28075
 .debug_macro   0x0000000000000000      0x2f0 Core/Src/main.o
 .debug_macro   0x00000000000002f0      0xa72 Core/Src/main.o
 .debug_macro   0x0000000000000d62       0xc0 Core/Src/main.o
 .debug_macro   0x0000000000000e22       0x2e Core/Src/main.o
 .debug_macro   0x0000000000000e50       0x28 Core/Src/main.o
 .debug_macro   0x0000000000000e78       0x22 Core/Src/main.o
 .debug_macro   0x0000000000000e9a       0x8e Core/Src/main.o
 .debug_macro   0x0000000000000f28       0x51 Core/Src/main.o
 .debug_macro   0x0000000000000f79       0xef Core/Src/main.o
 .debug_macro   0x0000000000001068       0x6a Core/Src/main.o
 .debug_macro   0x00000000000010d2      0x1df Core/Src/main.o
 .debug_macro   0x00000000000012b1       0x1c Core/Src/main.o
 .debug_macro   0x00000000000012cd       0x22 Core/Src/main.o
 .debug_macro   0x00000000000012ef       0xdf Core/Src/main.o
 .debug_macro   0x00000000000013ce     0x102d Core/Src/main.o
 .debug_macro   0x00000000000023fb      0x11f Core/Src/main.o
 .debug_macro   0x000000000000251a    0x1a11f Core/Src/main.o
 .debug_macro   0x000000000001c639       0x43 Core/Src/main.o
 .debug_macro   0x000000000001c67c     0x3820 Core/Src/main.o
 .debug_macro   0x000000000001fe9c      0x174 Core/Src/main.o
 .debug_macro   0x0000000000020010       0x5a Core/Src/main.o
 .debug_macro   0x000000000002006a     0x155f Core/Src/main.o
 .debug_macro   0x00000000000215c9      0x59e Core/Src/main.o
 .debug_macro   0x0000000000021b67      0x241 Core/Src/main.o
 .debug_macro   0x0000000000021da8      0x13d Core/Src/main.o
 .debug_macro   0x0000000000021ee5      0x18b Core/Src/main.o
 .debug_macro   0x0000000000022070      0x26b Core/Src/main.o
 .debug_macro   0x00000000000222db      0x236 Core/Src/main.o
 .debug_macro   0x0000000000022511      0x36e Core/Src/main.o
 .debug_macro   0x000000000002287f       0xe4 Core/Src/main.o
 .debug_macro   0x0000000000022963      0x22c Core/Src/main.o
 .debug_macro   0x0000000000022b8f       0x5e Core/Src/main.o
 .debug_macro   0x0000000000022bed       0xa5 Core/Src/main.o
 .debug_macro   0x0000000000022c92      0x122 Core/Src/main.o
 .debug_macro   0x0000000000022db4      0x3d4 Core/Src/main.o
 .debug_macro   0x0000000000023188      0x9f7 Core/Src/main.o
 .debug_macro   0x0000000000023b7f      0x1e7 Core/Src/main.o
 .debug_macro   0x0000000000023d66      0x1f4 Core/Src/main.o
 .debug_macro   0x0000000000023f5a       0xac Core/Src/main.o
 .debug_macro   0x0000000000024006      0x349 Core/Src/main.o
 .debug_macro   0x000000000002434f       0x10 Core/Src/main.o
 .debug_macro   0x000000000002435f      0x1a5 Core/Src/main.o
 .debug_macro   0x0000000000024504       0xe2 Core/Src/main.o
 .debug_macro   0x00000000000245e6      0x12a Core/Src/main.o
 .debug_macro   0x0000000000024710       0x71 Core/Src/main.o
 .debug_macro   0x0000000000024781      0x532 Core/Src/main.o
 .debug_macro   0x0000000000024cb3       0x1c Core/Src/main.o
 .debug_macro   0x0000000000024ccf       0x76 Core/Src/main.o
 .debug_macro   0x0000000000024d45       0x10 Core/Src/main.o
 .debug_macro   0x0000000000024d55       0x1c Core/Src/main.o
 .debug_macro   0x0000000000024d71       0xc4 Core/Src/main.o
 .debug_macro   0x0000000000024e35      0x277 Core/Src/platform.o
 .debug_macro   0x00000000000250ac       0x16 Core/Src/platform.o
 .debug_macro   0x00000000000250c2       0xd9 Core/Src/platform.o
 .debug_macro   0x000000000002519b      0x124 Core/Src/platform.o
 .debug_macro   0x00000000000252bf      0x203 Core/Src/stm32l4xx_hal_msp.o
 .debug_macro   0x00000000000254c2      0x20d Core/Src/stm32l4xx_it.o
 .debug_macro   0x00000000000256cf      0x1ff Core/Src/system_stm32l4xx.o
 .debug_macro   0x00000000000258ce      0x247 Drivers/STM32L4xx_HAL_Driver/Src/stm32l4xx_hal.o
 .debug_macro   0x0000000000025b15      0x1f9 Drivers/STM32L4xx_HAL_Driver/Src/stm32l4xx_hal_cortex.o
 .debug_macro   0x0000000000025d0e      0x238 Drivers/STM32L4xx_HAL_Driver/Src/stm32l4xx_hal_gpio.o
 .debug_macro   0x0000000000025f46      0x2be Drivers/STM32L4xx_HAL_Driver/Src/stm32l4xx_hal_i2c.o
 .debug_macro   0x0000000000026204      0x1f9 Drivers/STM32L4xx_HAL_Driver/Src/stm32l4xx_hal_i2c_ex.o
 .debug_macro   0x00000000000263fd      0x205 Drivers/STM32L4xx_HAL_Driver/Src/stm32l4xx_hal_pcd.o
 .debug_macro   0x0000000000026602      0x1f9 Drivers/STM32L4xx_HAL_Driver/Src/stm32l4xx_hal_pcd_ex.o
 .debug_macro   0x00000000000267fb      0x21d Drivers/STM32L4xx_HAL_Driver/Src/stm32l4xx_hal_pwr_ex.o
 .debug_macro   0x0000000000026a18      0x23b Drivers/STM32L4xx_HAL_Driver/Src/stm32l4xx_hal_rcc.o
 .debug_macro   0x0000000000026c53      0x22f Drivers/STM32L4xx_HAL_Driver/Src/stm32l4xx_hal_rcc_ex.o
 .debug_macro   0x0000000000026e82      0x1fa Drivers/STM32L4xx_HAL_Driver/Src/stm32l4xx_hal_tim.o
 .debug_macro   0x000000000002707c      0x1f9 Drivers/STM32L4xx_HAL_Driver/Src/stm32l4xx_hal_tim_ex.o
 .debug_macro   0x0000000000027275      0x1f9 Drivers/STM32L4xx_HAL_Driver/Src/stm32l4xx_ll_usb.o
 .debug_macro   0x000000000002746e       0xcc Fusb307b/Src/core.o
 .debug_macro   0x000000000002753a       0x16 Fusb307b/Src/core.o
 .debug_macro   0x0000000000027550       0xc6 Fusb307b/Src/display_port.o
 .debug_macro   0x0000000000027616       0x22 Fusb307b/Src/display_port.o
 .debug_macro   0x0000000000027638       0xd0 Fusb307b/Src/dpm.o
 .debug_macro   0x0000000000027708       0x10 Fusb307b/Src/dpm.o
 .debug_macro   0x0000000000027718       0x39 Fusb307b/Src/observer.o
 .debug_macro   0x0000000000027751       0xbe Fusb307b/Src/observer.o
 .debug_macro   0x000000000002780f       0xf4 Fusb307b/Src/policy.o