Archive member included to satisfy reference by file (symbol)

c:/st/stm32cubeide_1.1.0/stm32cubeide/plugins/com.st.stm32cube.ide.mcu.externaltools.gnu-tools-for-stm32.7-2018-q2-update.win32_1.0.0.201904181610/tools/bin/../lib/gcc/arm-none-eabi/7.3.1/../../../../arm-none-eabi/lib/thumb/v7e-m/fpv4-sp/hard\libc_nano.a(lib_a-errno.o)
                              Core/Src/syscalls.o (__errno)
c:/st/stm32cubeide_1.1.0/stm32cubeide/plugins/com.st.stm32cube.ide.mcu.externaltools.gnu-tools-for-stm32.7-2018-q2-update.win32_1.0.0.201904181610/tools/bin/../lib/gcc/arm-none-eabi/7.3.1/../../../../arm-none-eabi/lib/thumb/v7e-m/fpv4-sp/hard\libc_nano.a(lib_a-exit.o)
                              c:/st/stm32cubeide_1.1.0/stm32cubeide/plugins/com.st.stm32cube.ide.mcu.externaltools.gnu-tools-for-stm32.7-2018-q2-update.win32_1.0.0.201904181610/tools/bin/../lib/gcc/arm-none-eabi/7.3.1/../../../../arm-none-eabi/lib/thumb/v7e-m/fpv4-sp/hard/crt0.o (exit)
c:/st/stm32cubeide_1.1.0/stm32cubeide/plugins/com.st.stm32cube.ide.mcu.externaltools.gnu-tools-for-stm32.7-2018-q2-update.win32_1.0.0.201904181610/tools/bin/../lib/gcc/arm-none-eabi/7.3.1/../../../../arm-none-eabi/lib/thumb/v7e-m/fpv4-sp/hard\libc_nano.a(lib_a-impure.o)
                              c:/st/stm32cubeide_1.1.0/stm32cubeide/plugins/com.st.stm32cube.ide.mcu.externaltools.gnu-tools-for-stm32.7-2018-q2-update.win32_1.0.0.201904181610/tools/bin/../lib/gcc/arm-none-eabi/7.3.1/../../../../arm-none-eabi/lib/thumb/v7e-m/fpv4-sp/hard\libc_nano.a(lib_a-exit.o) (_global_impure_ptr)
c:/st/stm32cubeide_1.1.0/stm32cubeide/plugins/com.st.stm32cube.ide.mcu.externaltools.gnu-tools-for-stm32.7-2018-q2-update.win32_1.0.0.201904181610/tools/bin/../lib/gcc/arm-none-eabi/7.3.1/../../../../arm-none-eabi/lib/thumb/v7e-m/fpv4-sp/hard\libc_nano.a(lib_a-init.o)
                              c:/st/stm32cubeide_1.1.0/stm32cubeide/plugins/com.st.stm32cube.ide.mcu.externaltools.gnu-tools-for-stm32.7-2018-q2-update.win32_1.0.0.201904181610/tools/bin/../lib/gcc/arm-none-eabi/7.3.1/../../../../arm-none-eabi/lib/thumb/v7e-m/fpv4-sp/hard/crt0.o (__libc_init_array)
c:/st/stm32cubeide_1.1.0/stm32cubeide/plugins/com.st.stm32cube.ide.mcu.externaltools.gnu-tools-for-stm32.7-2018-q2-update.win32_1.0.0.201904181610/tools/bin/../lib/gcc/arm-none-eabi/7.3.1/../../../../arm-none-eabi/lib/thumb/v7e-m/fpv4-sp/hard\libc_nano.a(lib_a-memset.o)
                              c:/st/stm32cubeide_1.1.0/stm32cubeide/plugins/com.st.stm32cube.ide.mcu.externaltools.gnu-tools-for-stm32.7-2018-q2-update.win32_1.0.0.201904181610/tools/bin/../lib/gcc/arm-none-eabi/7.3.1/../../../../arm-none-eabi/lib/thumb/v7e-m/fpv4-sp/hard/crt0.o (memset)

Allocating common symbols
Common symbol       size              file

hi2c3               0x4c              Core/Src/main.o
uwTick              0x4               Drivers/STM32L4xx_HAL_Driver/Src/stm32l4xx_hal.o
g_timer_int_active  0x1               Core/Src/main.o
g_port_active       0x1               Core/Src/main.o
g_ports             0x2f0             Core/Src/main.o
g_IdleIdx           0x1               Core/Src/main.o

Discarded input sections

 .text          0x0000000000000000        0x0 c:/st/stm32cubeide_1.1.0/stm32cubeide/plugins/com.st.stm32cube.ide.mcu.externaltools.gnu-tools-for-stm32.7-2018-q2-update.win32_1.0.0.201904181610/tools/bin/../lib/gcc/arm-none-eabi/7.3.1/thumb/v7e-m/fpv4-sp/hard/crti.o
 .data          0x0000000000000000        0x0 c:/st/stm32cubeide_1.1.0/stm32cubeide/plugins/com.st.stm32cube.ide.mcu.externaltools.gnu-tools-for-stm32.7-2018-q2-update.win32_1.0.0.201904181610/tools/bin/../lib/gcc/arm-none-eabi/7.3.1/thumb/v7e-m/fpv4-sp/hard/crti.o
 .bss           0x0000000000000000        0x0 c:/st/stm32cubeide_1.1.0/stm32cubeide/plugins/com.st.stm32cube.ide.mcu.externaltools.gnu-tools-for-stm32.7-2018-q2-update.win32_1.0.0.201904181610/tools/bin/../lib/gcc/arm-none-eabi/7.3.1/thumb/v7e-m/fpv4-sp/hard/crti.o
 .data          0x0000000000000000        0x4 c:/st/stm32cubeide_1.1.0/stm32cubeide/plugins/com.st.stm32cube.ide.mcu.externaltools.gnu-tools-for-stm32.7-2018-q2-update.win32_1.0.0.201904181610/tools/bin/../lib/gcc/arm-none-eabi/7.3.1/thumb/v7e-m/fpv4-sp/hard/crtbegin.o
 .text          0x0000000000000000       0x74 c:/st/stm32cubeide_1.1.0/stm32cubeide/plugins/com.st.stm32cube.ide.mcu.externaltools.gnu-tools-for-stm32.7-2018-q2-update.win32_1.0.0.201904181610/tools/bin/../lib/gcc/arm-none-eabi/7.3.1/../../../../arm-none-eabi/lib/thumb/v7e-m/fpv4-sp/hard/crt0.o
 .data          0x0000000000000000        0x0 c:/st/stm32cubeide_1.1.0/stm32cubeide/plugins/com.st.stm32cube.ide.mcu.externaltools.gnu-tools-for-stm32.7-2018-q2-update.win32_1.0.0.201904181610/tools/bin/../lib/gcc/arm-none-eabi/7.3.1/../../../../arm-none-eabi/lib/thumb/v7e-m/fpv4-sp/hard/crt0.o
[...]
Memory Configuration

Name             Origin             Length             Attributes
RAM              0x0000000020000000 0x0000000000018000 xrw
RAM2             0x0000000010000000 0x0000000000008000 xrw
FLASH            0x0000000008000000 0x0000000000100000 xr
*default*        0x0000000000000000 0xffffffffffffffff

Linker script and memory map

LOAD c:/st/stm32cubeide_1.1.0/stm32cubeide/plugins/com.st.stm32cube.ide.mcu.externaltools.gnu-tools-for-stm32.7-2018-q2-update.win32_1.0.0.201904181610/tools/bin/../lib/gcc/arm-none-eabi/7.3.1/thumb/v7e-m/fpv4-sp/hard/crti.o
LOAD c:/st/stm32cubeide_1.1.0/stm32cubeide/plugins/com.st.stm32cube.ide.mcu.externaltools.gnu-tools-for-stm32.7-2018-q2-update.win32_1.0.0.201904181610/tools/bin/../lib/gcc/arm-none-eabi/7.3.1/thumb/v7e-m/fpv4-sp/hard/crtbegin.o
LOAD c:/st/stm32cubeide_1.1.0/stm32cubeide/plugins/com.st.stm32cube.ide.mcu.externaltools.gnu-tools-for-stm32.7-2018-q2-update.win32_1.0.0.201904181610/tools/bin/../lib/gcc/arm-none-eabi/7.3.1/../../../../arm-none-eabi/lib/thumb/v7e-m/fpv4-sp/hard/crt0.o
LOAD Core/Src/main.o
LOAD Core/Src/platform.o
LOAD Core/Src/stm32l4xx_hal_msp.o
LOAD Core/Src/stm32l4xx_it.o
LOAD Core/Src/syscalls.o
LOAD Core/Src/sysmem.o
LOAD Core/Src/system_stm32l4xx.o
LOAD Core/Startup/startup_stm32l476mgyx.o
LOAD Drivers/STM32L4xx_HAL_Driver/Src/stm32l4xx_hal.o
LOAD Drivers/STM32L4xx_HAL_Driver/Src/stm32l4xx_hal_cortex.o
LOAD Drivers/STM32L4xx_HAL_Driver/Src/stm32l4xx_hal_dma.o
LOAD Drivers/STM32L4xx_HAL_Driver/Src/stm32l4xx_hal_dma_ex.o
LOAD Drivers/STM32L4xx_HAL_Driver/Src/stm32l4xx_hal_exti.o
LOAD Drivers/STM32L4xx_HAL_Driver/Src/stm32l4xx_hal_flash.o
LOAD Drivers/STM32L4xx_HAL_Driver/Src/stm32l4xx_hal_flash_ex.o
LOAD Drivers/STM32L4xx_HAL_Driver/Src/stm32l4xx_hal_flash_ramfunc.o
LOAD Drivers/STM32L4xx_HAL_Driver/Src/stm32l4xx_hal_gpio.o
LOAD Drivers/STM32L4xx_HAL_Driver/Src/stm32l4xx_hal_i2c.o
LOAD Drivers/STM32L4xx_HAL_Driver/Src/stm32l4xx_hal_i2c_ex.o
LOAD Drivers/STM32L4xx_HAL_Driver/Src/stm32l4xx_hal_pwr.o
LOAD Drivers/STM32L4xx_HAL_Driver/Src/stm32l4xx_hal_pwr_ex.o
LOAD Drivers/STM32L4xx_HAL_Driver/Src/stm32l4xx_hal_rcc.o
LOAD Drivers/STM32L4xx_HAL_Driver/Src/stm32l4xx_hal_rcc_ex.o
LOAD Drivers/STM32L4xx_HAL_Driver/Src/stm32l4xx_hal_tim.o
LOAD Drivers/STM32L4xx_HAL_Driver/Src/stm32l4xx_hal_tim_ex.o
LOAD Fusb307b/Src/core.o
LOAD Fusb307b/Src/display_port.o
LOAD Fusb307b/Src/dpm.o
LOAD Fusb307b/Src/hostcomm.o
LOAD Fusb307b/Src/log.o
LOAD Fusb307b/Src/observer.o
LOAD Fusb307b/Src/policy.o
LOAD Fusb307b/Src/port.o
LOAD Fusb307b/Src/protocol.o
LOAD Fusb307b/Src/registers.o
LOAD Fusb307b/Src/systempolicy.o
LOAD Fusb307b/Src/timer.o
LOAD Fusb307b/Src/typec.o
LOAD Fusb307b/Src/vdm.o
LOAD Fusb307b/Src/vendor_info.o
START GROUP
LOAD c:/st/stm32cubeide_1.1.0/stm32cubeide/plugins/com.st.stm32cube.ide.mcu.externaltools.gnu-tools-for-stm32.7-2018-q2-update.win32_1.0.0.201904181610/tools/bin/../lib/gcc/arm-none-eabi/7.3.1/../../../../arm-none-eabi/lib/thumb/v7e-m/fpv4-sp/hard\libc_nano.a
LOAD c:/st/stm32cubeide_1.1.0/stm32cubeide/plugins/com.st.stm32cube.ide.mcu.externaltools.gnu-tools-for-stm32.7-2018-q2-update.win32_1.0.0.201904181610/tools/bin/../lib/gcc/arm-none-eabi/7.3.1/../../../../arm-none-eabi/lib/thumb/v7e-m/fpv4-sp/hard\libm.a
END GROUP
START GROUP
LOAD c:/st/stm32cubeide_1.1.0/stm32cubeide/plugins/com.st.stm32cube.ide.mcu.externaltools.gnu-tools-for-stm32.7-2018-q2-update.win32_1.0.0.201904181610/tools/bin/../lib/gcc/arm-none-eabi/7.3.1/thumb/v7e-m/fpv4-sp/hard\libgcc.a
LOAD c:/st/stm32cubeide_1.1.0/stm32cubeide/plugins/com.st.stm32cube.ide.mcu.externaltools.gnu-tools-for-stm32.7-2018-q2-update.win32_1.0.0.201904181610/tools/bin/../lib/gcc/arm-none-eabi/7.3.1/../../../../arm-none-eabi/lib/thumb/v7e-m/fpv4-sp/hard\libc_nano.a
END GROUP
START GROUP
LOAD c:/st/stm32cubeide_1.1.0/stm32cubeide/plugins/com.st.stm32cube.ide.mcu.externaltools.gnu-tools-for-stm32.7-2018-q2-update.win32_1.0.0.201904181610/tools/bin/../lib/gcc/arm-none-eabi/7.3.1/thumb/v7e-m/fpv4-sp/hard\libgcc.a
LOAD c:/st/stm32cubeide_1.1.0/stm32cubeide/plugins/com.st.stm32cube.ide.mcu.externaltools.gnu-tools-for-stm32.7-2018-q2-update.win32_1.0.0.201904181610/tools/bin/../lib/gcc/arm-none-eabi/7.3.1/../../../../arm-none-eabi/lib/thumb/v7e-m/fpv4-sp/hard\libc_nano.a
LOAD c:/st/stm32cubeide_1.1.0/stm32cubeide/plugins/com.st.stm32cube.ide.mcu.externaltools.gnu-tools-for-stm32.7-2018-q2-update.win32_1.0.0.201904181610/tools/bin/../lib/gcc/arm-none-eabi/7.3.1/../../../../arm-none-eabi/lib/thumb/v7e-m/fpv4-sp/hard\libnosys.a
END GROUP
START GROUP
LOAD c:/st/stm32cubeide_1.1.0/stm32cubeide/plugins/com.st.stm32cube.ide.mcu.externaltools.gnu-tools-for-stm32.7-2018-q2-update.win32_1.0.0.201904181610/tools/bin/../lib/gcc/arm-none-eabi/7.3.1/thumb/v7e-m/fpv4-sp/hard\libgcc.a
LOAD c:/st/stm32cubeide_1.1.0/stm32cubeide/plugins/com.st.stm32cube.ide.mcu.externaltools.gnu-tools-for-stm32.7-2018-q2-update.win32_1.0.0.201904181610/tools/bin/../lib/gcc/arm-none-eabi/7.3.1/../../../../arm-none-eabi/lib/thumb/v7e-m/fpv4-sp/hard\libc_nano.a
LOAD c:/st/stm32cubeide_1.1.0/stm32cubeide/plugins/com.st.stm32cube.ide.mcu.externaltools.gnu-tools-for-stm32.7-2018-q2-update.win32_1.0.0.201904181610/tools/bin/../lib/gcc/arm-none-eabi/7.3.1/../../../../arm-none-eabi/lib/thumb/v7e-m/fpv4-sp/hard\libnosys.a
END GROUP
LOAD c:/st/stm32cubeide_1.1.0/stm32cubeide/plugins/com.st.stm32cube.ide.mcu.externaltools.gnu-tools-for-stm32.7-2018-q2-update.win32_1.0.0.201904181610/tools/bin/../lib/gcc/arm-none-eabi/7.3.1/thumb/v7e-m/fpv4-sp/hard/crtend.o
LOAD c:/st/stm32cubeide_1.1.0/stm32cubeide/plugins/com.st.stm32cube.ide.mcu.externaltools.gnu-tools-for-stm32.7-2018-q2-update.win32_1.0.0.201904181610/tools/bin/../lib/gcc/arm-none-eabi/7.3.1/thumb/v7e-m/fpv4-sp/hard/crtn.o
                0x0000000020018000                _estack = (ORIGIN (RAM) + LENGTH (RAM))
                0x0000000000000200                _Min_Heap_Size = 0x200
                0x0000000000000400                _Min_Stack_Size = 0x400

.isr_vector     0x0000000008000000      0x188
                0x0000000008000000                . = ALIGN (0x4)
 *(.isr_vector)
 .isr_vector    0x0000000008000000      0x188 Core/Startup/startup_stm32l476mgyx.o
                0x0000000008000000                g_pfnVectors
                0x0000000008000188                . = ALIGN (0x4)

.text           0x0000000008000188     0xc70c
                0x0000000008000188                . = ALIGN (0x4)
 *(.text)
 .text          0x0000000008000188       0x40 c:/st/stm32cubeide_1.1.0/stm32cubeide/plugins/com.st.stm32cube.ide.mcu.externaltools.gnu-tools-for-stm32.7-2018-q2-update.win32_1.0.0.201904181610/tools/bin/../lib/gcc/arm-none-eabi/7.3.1/thumb/v7e-m/fpv4-sp/hard/crtbegin.o
 *(.text*)
 .text.WakeOnTimer
                0x00000000080001c8       0xa8 Core/Src/main.o
                0x00000000080001c8                WakeOnTimer
 .text.main     0x0000000008000270      0x188 Core/Src/main.o
                0x0000000008000270                main
 .text.SystemClock_Config
                0x00000000080003f8       0xcc Core/Src/main.o
                0x00000000080003f8                SystemClock_Config
 .text.MX_I2C3_Init
                0x00000000080004c4       0x7c Core/Src/main.o
 .text.MX_GPIO_Init
                0x0000000008000540       0xac Core/Src/main.o
 .text.Error_Handler
                0x00000000080005ec        0xe Core/Src/main.o
                0x00000000080005ec                Error_Handler
 .text.PlatformInitialize
                0x00000000080005fa       0x10 Core/Src/platform.o
                0x00000000080005fa                PlatformInitialize
 *fill*         0x000000000800060a        0x2 
 .text.platform_i2c_read
                0x000000000800060c       0x74 Core/Src/platform.o
                0x000000000800060c                platform_i2c_read
 .text.platform_i2c_write
                0x0000000008000680       0x74 Core/Src/platform.o
                0x0000000008000680                platform_i2c_write
 .text.platform_get_device_irq_state
                0x00000000080006f4       0x66 Core/Src/platform.o
                0x00000000080006f4                platform_get_device_irq_state
 .text.platform_SetDebugPin
                0x000000000800075a       0x2a Core/Src/platform.o
                0x000000000800075a                platform_SetDebugPin
 .text.platform_setHVSwitch
                0x0000000008000784       0x30 Core/Src/platform.o
                0x0000000008000784                platform_setHVSwitch
 .text.platform_setPPSVoltage
                0x00000000080007b4       0x18 Core/Src/platform.o
                0x00000000080007b4                platform_setPPSVoltage
 .text.InitializeTickTimer
                0x00000000080007cc       0x4a Core/Src/platform.o
                0x00000000080007cc                InitializeTickTimer
 .text.EnableTickTimer
                0x0000000008000816       0x3e Core/Src/platform.o
                0x0000000008000816                EnableTickTimer
 .text.platform_current_time
                0x0000000008000854       0x14 Core/Src/platform.o
                0x0000000008000854                platform_current_time
 .text.platform_delay
                0x0000000008000868       0x2e Core/Src/platform.o
                0x0000000008000868                platform_delay
 *fill*         0x0000000008000896        0x2 
 .text.SetTimeInterrupt
                0x0000000008000898       0x48 Core/Src/platform.o
                0x0000000008000898                SetTimeInterrupt
 .text.ClearTimeInterrupt
                0x00000000080008e0       0x1e Core/Src/platform.o
                0x00000000080008e0                ClearTimeInterrupt
 *fill*         0x00000000080008fe        0x2 
 .text.InitializeTSTimer
                0x0000000008000900       0x64 Core/Src/platform.o
                0x0000000008000900                InitializeTSTimer
 .text.platform_printf
                0x0000000008000964       0x1a Core/Src/platform.o
                0x0000000008000964                platform_printf
 .text.platform_dp_enable_pins
                0x000000000800097e       0x1a Core/Src/platform.o
                0x000000000800097e                platform_dp_enable_pins
 .text.platform_dp_status_update
                0x0000000008000998       0x14 Core/Src/platform.o
                0x0000000008000998                platform_dp_status_update
 .text.HAL_MspInit
                0x00000000080009ac       0x48 Core/Src/stm32l4xx_hal_msp.o
                0x00000000080009ac                HAL_MspInit
 .text.HAL_I2C_MspInit
                0x00000000080009f4       0x88 Core/Src/stm32l4xx_hal_msp.o
                0x00000000080009f4                HAL_I2C_MspInit
 .text.NMI_Handler
                0x0000000008000a7c        0xe Core/Src/stm32l4xx_it.o
                0x0000000008000a7c                NMI_Handler
 .text.HardFault_Handler
                0x0000000008000a8a        0x6 Core/Src/stm32l4xx_it.o
                0x0000000008000a8a                HardFault_Handler
 .text.MemManage_Handler
                0x0000000008000a90        0x6 Core/Src/stm32l4xx_it.o
                0x0000000008000a90                MemManage_Handler
 .text.BusFault_Handler
                0x0000000008000a96        0x6 Core/Src/stm32l4xx_it.o
                0x0000000008000a96                BusFault_Handler
 .text.UsageFault_Handler
                0x0000000008000a9c        0x6 Core/Src/stm32l4xx_it.o
                0x0000000008000a9c                UsageFault_Handler
 .text.SVC_Handler
                0x0000000008000aa2        0xe Core/Src/stm32l4xx_it.o
                0x0000000008000aa2                SVC_Handler
 .text.DebugMon_Handler
                0x0000000008000ab0        0xe Core/Src/stm32l4xx_it.o
                0x0000000008000ab0                DebugMon_Handler
 .text.PendSV_Handler
                0x0000000008000abe        0xe Core/Src/stm32l4xx_it.o
                0x0000000008000abe                PendSV_Handler
 .text.SysTick_Handler
                0x0000000008000acc        0xc Core/Src/stm32l4xx_it.o
                0x0000000008000acc                SysTick_Handler
 .text.EXTI9_5_IRQHandler
                0x0000000008000ad8        0xe Core/Src/stm32l4xx_it.o
                0x0000000008000ad8                EXTI9_5_IRQHandler
 *fill*         0x0000000008000ae6        0x2 
 .text.SystemInit
                0x0000000008000ae8       0x6c Core/Src/system_stm32l4xx.o
                0x0000000008000ae8                SystemInit
 .text.Reset_Handler
                0x0000000008000b54       0x50 Core/Startup/startup_stm32l476mgyx.o
                0x0000000008000b54                Reset_Handler
 .text.Default_Handler
                0x0000000008000ba4        0x2 Core/Startup/startup_stm32l476mgyx.o
                0x0000000008000ba4                RTC_Alarm_IRQHandler
                0x0000000008000ba4                EXTI2_IRQHandler
                0x0000000008000ba4                TIM8_TRG_COM_IRQHandler
                0x0000000008000ba4                TIM8_CC_IRQHandler
                0x0000000008000ba4                TIM1_CC_IRQHandler
                0x0000000008000ba4                TSC_IRQHandler
                0x0000000008000ba4                TAMP_STAMP_IRQHandler
                0x0000000008000ba4                EXTI3_IRQHandler
                0x0000000008000ba4                LPTIM2_IRQHandler
                0x0000000008000ba4                DFSDM1_FLT1_IRQHandler
                0x0000000008000ba4                I2C3_ER_IRQHandler
                0x0000000008000ba4                DFSDM1_FLT2_IRQHandler
                0x0000000008000ba4                EXTI0_IRQHandler
                0x0000000008000ba4                I2C2_EV_IRQHandler
                0x0000000008000ba4                CAN1_RX0_IRQHandler
                0x0000000008000ba4                FPU_IRQHandler
                0x0000000008000ba4                TIM1_UP_TIM16_IRQHandler
                0x0000000008000ba4                ADC1_2_IRQHandler
                0x0000000008000ba4                SPI1_IRQHandler
                0x0000000008000ba4                TIM6_DAC_IRQHandler
                0x0000000008000ba4                TIM8_UP_IRQHandler
                0x0000000008000ba4                DMA2_Channel2_IRQHandler
                0x0000000008000ba4                DMA1_Channel4_IRQHandler
                0x0000000008000ba4                SAI2_IRQHandler
                0x0000000008000ba4                DFSDM1_FLT3_IRQHandler
                0x0000000008000ba4                USART3_IRQHandler
                0x0000000008000ba4                DMA1_Channel7_IRQHandler
                0x0000000008000ba4                CAN1_RX1_IRQHandler
                0x0000000008000ba4                LCD_IRQHandler
                0x0000000008000ba4                UART5_IRQHandler
                0x0000000008000ba4                ADC3_IRQHandler
                0x0000000008000ba4                TIM4_IRQHandler
                0x0000000008000ba4                DMA2_Channel1_IRQHandler
                0x0000000008000ba4                QUADSPI_IRQHandler
                0x0000000008000ba4                I2C1_EV_IRQHandler
                0x0000000008000ba4                DMA1_Channel6_IRQHandler
                0x0000000008000ba4                UART4_IRQHandler
                0x0000000008000ba4                DMA2_Channel4_IRQHandler
                0x0000000008000ba4                TIM3_IRQHandler
                0x0000000008000ba4                RCC_IRQHandler
                0x0000000008000ba4                DMA1_Channel1_IRQHandler
                0x0000000008000ba4                Default_Handler
                0x0000000008000ba4                DMA2_Channel7_IRQHandler
                0x0000000008000ba4                EXTI15_10_IRQHandler
                0x0000000008000ba4                TIM7_IRQHandler
                0x0000000008000ba4                SDMMC1_IRQHandler
                0x0000000008000ba4                TIM5_IRQHandler
                0x0000000008000ba4                I2C3_EV_IRQHandler
                0x0000000008000ba4                RTC_WKUP_IRQHandler
                0x0000000008000ba4                PVD_PVM_IRQHandler
                0x0000000008000ba4                SPI2_IRQHandler
                0x0000000008000ba4                CAN1_TX_IRQHandler
                0x0000000008000ba4                DMA2_Channel5_IRQHandler
                0x0000000008000ba4                DMA1_Channel5_IRQHandler
                0x0000000008000ba4                EXTI4_IRQHandler
                0x0000000008000ba4                RNG_IRQHandler
                0x0000000008000ba4                TIM1_TRG_COM_TIM17_IRQHandler
                0x0000000008000ba4                DMA1_Channel3_IRQHandler
                0x0000000008000ba4                COMP_IRQHandler
                0x0000000008000ba4                WWDG_IRQHandler
                0x0000000008000ba4                LPUART1_IRQHandler
                0x0000000008000ba4                DMA2_Channel6_IRQHandler
                0x0000000008000ba4                TIM2_IRQHandler
                0x0000000008000ba4                EXTI1_IRQHandler
                0x0000000008000ba4                USART2_IRQHandler
                0x0000000008000ba4                DFSDM1_FLT0_IRQHandler
                0x0000000008000ba4                I2C2_ER_IRQHandler
                0x0000000008000ba4                DMA1_Channel2_IRQHandler
                0x0000000008000ba4                TIM8_BRK_IRQHandler
                0x0000000008000ba4                CAN1_SCE_IRQHandler
                0x0000000008000ba4                FLASH_IRQHandler
                0x0000000008000ba4                USART1_IRQHandler
                0x0000000008000ba4                OTG_FS_IRQHandler
                0x0000000008000ba4                SPI3_IRQHandler
                0x0000000008000ba4                I2C1_ER_IRQHandler
                0x0000000008000ba4                FMC_IRQHandler
                0x0000000008000ba4                SWPMI1_IRQHandler
                0x0000000008000ba4                LPTIM1_IRQHandler
                0x0000000008000ba4                SAI1_IRQHandler
                0x0000000008000ba4                DMA2_Channel3_IRQHandler
                0x0000000008000ba4                TIM1_BRK_TIM15_IRQHandler
 .text.HAL_Init
                0x0000000008000ba6       0x30 Drivers/STM32L4xx_HAL_Driver/Src/stm32l4xx_hal.o
                0x0000000008000ba6                HAL_Init
 *fill*         0x0000000008000bd6        0x2 
 .text.HAL_InitTick
                0x0000000008000bd8       0x74 Drivers/STM32L4xx_HAL_Driver/Src/stm32l4xx_hal.o
                0x0000000008000bd8                HAL_InitTick
 .text.HAL_IncTick
                0x0000000008000c4c       0x24 Drivers/STM32L4xx_HAL_Driver/Src/stm32l4xx_hal.o
                0x0000000008000c4c                HAL_IncTick
 .text.HAL_GetTick
                0x0000000008000c70       0x18 Drivers/STM32L4xx_HAL_Driver/Src/stm32l4xx_hal.o
                0x0000000008000c70                HAL_GetTick
 .text.__NVIC_SetPriorityGrouping
                0x0000000008000c88       0x48 Drivers/STM32L4xx_HAL_Driver/Src/stm32l4xx_hal_cortex.o
 .text.__NVIC_GetPriorityGrouping
                0x0000000008000cd0       0x1c Drivers/STM32L4xx_HAL_Driver/Src/stm32l4xx_hal_cortex.o
 .text.__NVIC_EnableIRQ
                0x0000000008000cec       0x3c Drivers/STM32L4xx_HAL_Driver/Src/stm32l4xx_hal_cortex.o
 .text.__NVIC_SetPriority
                0x0000000008000d28       0x54 Drivers/STM32L4xx_HAL_Driver/Src/stm32l4xx_hal_cortex.o
 .text.NVIC_EncodePriority
                0x0000000008000d7c       0x66 Drivers/STM32L4xx_HAL_Driver/Src/stm32l4xx_hal_cortex.o
 *fill*         0x0000000008000de2        0x2 
 .text.SysTick_Config
                0x0000000008000de4       0x44 Drivers/STM32L4xx_HAL_Driver/Src/stm32l4xx_hal_cortex.o
 .text.HAL_NVIC_SetPriorityGrouping
                0x0000000008000e28       0x16 Drivers/STM32L4xx_HAL_Driver/Src/stm32l4xx_hal_cortex.o
                0x0000000008000e28                HAL_NVIC_SetPriorityGrouping
 .text.HAL_NVIC_SetPriority
                0x0000000008000e3e       0x38 Drivers/STM32L4xx_HAL_Driver/Src/stm32l4xx_hal_cortex.o
                0x0000000008000e3e                HAL_NVIC_SetPriority
 .text.HAL_NVIC_EnableIRQ
                0x0000000008000e76       0x1c Drivers/STM32L4xx_HAL_Driver/Src/stm32l4xx_hal_cortex.o
                0x0000000008000e76                HAL_NVIC_EnableIRQ
 .text.HAL_SYSTICK_Config
                0x0000000008000e92       0x18 Drivers/STM32L4xx_HAL_Driver/Src/stm32l4xx_hal_cortex.o
                0x0000000008000e92                HAL_SYSTICK_Config
 *fill*         0x0000000008000eaa        0x2 
 .text.HAL_GPIO_Init
                0x0000000008000eac      0x350 Drivers/STM32L4xx_HAL_Driver/Src/stm32l4xx_hal_gpio.o
                0x0000000008000eac                HAL_GPIO_Init
 .text.HAL_GPIO_ReadPin
                0x00000000080011fc       0x30 Drivers/STM32L4xx_HAL_Driver/Src/stm32l4xx_hal_gpio.o
                0x00000000080011fc                HAL_GPIO_ReadPin
 .text.HAL_GPIO_WritePin
                0x000000000800122c       0x30 Drivers/STM32L4xx_HAL_Driver/Src/stm32l4xx_hal_gpio.o
                0x000000000800122c                HAL_GPIO_WritePin
 .text.HAL_GPIO_EXTI_IRQHandler
                0x000000000800125c       0x30 Drivers/STM32L4xx_HAL_Driver/Src/stm32l4xx_hal_gpio.o
                0x000000000800125c                HAL_GPIO_EXTI_IRQHandler
 .text.HAL_GPIO_EXTI_Callback
                0x000000000800128c       0x16 Drivers/STM32L4xx_HAL_Driver/Src/stm32l4xx_hal_gpio.o
                0x000000000800128c                HAL_GPIO_EXTI_Callback
 .text.HAL_I2C_Init
                0x00000000080012a2      0x11e Drivers/STM32L4xx_HAL_Driver/Src/stm32l4xx_hal_i2c.o
                0x00000000080012a2                HAL_I2C_Init
 .text.HAL_I2C_Mem_Write
                0x00000000080013c0      0x228 Drivers/STM32L4xx_HAL_Driver/Src/stm32l4xx_hal_i2c.o
                0x00000000080013c0                HAL_I2C_Mem_Write
 .text.HAL_I2C_Mem_Read
                0x00000000080015e8      0x234 Drivers/STM32L4xx_HAL_Driver/Src/stm32l4xx_hal_i2c.o
                0x00000000080015e8                HAL_I2C_Mem_Read
 .text.I2C_RequestMemoryWrite
                0x000000000800181c       0xa8 Drivers/STM32L4xx_HAL_Driver/Src/stm32l4xx_hal_i2c.o
 .text.I2C_RequestMemoryRead
                0x00000000080018c4       0xa8 Drivers/STM32L4xx_HAL_Driver/Src/stm32l4xx_hal_i2c.o
 .text.I2C_Flush_TXDR
                0x000000000800196c       0x48 Drivers/STM32L4xx_HAL_Driver/Src/stm32l4xx_hal_i2c.o
 .text.I2C_WaitOnFlagUntilTimeout
                0x00000000080019b4       0x80 Drivers/STM32L4xx_HAL_Driver/Src/stm32l4xx_hal_i2c.o
 .text.I2C_WaitOnTXISFlagUntilTimeout
                0x0000000008001a34       0x80 Drivers/STM32L4xx_HAL_Driver/Src/stm32l4xx_hal_i2c.o
 .text.I2C_WaitOnSTOPFlagUntilTimeout
                0x0000000008001ab4       0x78 Drivers/STM32L4xx_HAL_Driver/Src/stm32l4xx_hal_i2c.o
 .text.I2C_IsAcknowledgeFailed
                0x0000000008001b2c       0xcc Drivers/STM32L4xx_HAL_Driver/Src/stm32l4xx_hal_i2c.o
 .text.I2C_TransferConfig
                0x0000000008001bf8       0x5c Drivers/STM32L4xx_HAL_Driver/Src/stm32l4xx_hal_i2c.o
 .text.HAL_I2CEx_ConfigAnalogFilter
                0x0000000008001c54       0x96 Drivers/STM32L4xx_HAL_Driver/Src/stm32l4xx_hal_i2c_ex.o
                0x0000000008001c54                HAL_I2CEx_ConfigAnalogFilter
 .text.HAL_I2CEx_ConfigDigitalFilter
                0x0000000008001cea       0x98 Drivers/STM32L4xx_HAL_Driver/Src/stm32l4xx_hal_i2c_ex.o
                0x0000000008001cea                HAL_I2CEx_ConfigDigitalFilter
 *fill*         0x0000000008001d82        0x2 
 .text.HAL_PWREx_GetVoltageRange
                0x0000000008001d84       0x1c Drivers/STM32L4xx_HAL_Driver/Src/stm32l4xx_hal_pwr_ex.o
                0x0000000008001d84                HAL_PWREx_GetVoltageRange
 .text.HAL_PWREx_ControlVoltageScaling
                0x0000000008001da0       0xac Drivers/STM32L4xx_HAL_Driver/Src/stm32l4xx_hal_pwr_ex.o
                0x0000000008001da0                HAL_PWREx_ControlVoltageScaling
 .text.HAL_RCC_OscConfig
                0x0000000008001e4c      0x760 Drivers/STM32L4xx_HAL_Driver/Src/stm32l4xx_hal_rcc.o
                0x0000000008001e4c                HAL_RCC_OscConfig
 .text.HAL_RCC_ClockConfig
                0x00000000080025ac      0x1c4 Drivers/STM32L4xx_HAL_Driver/Src/stm32l4xx_hal_rcc.o
                0x00000000080025ac                HAL_RCC_ClockConfig
 .text.HAL_RCC_GetSysClockFreq
                0x0000000008002770      0x114 Drivers/STM32L4xx_HAL_Driver/Src/stm32l4xx_hal_rcc.o
                0x0000000008002770                HAL_RCC_GetSysClockFreq
 .text.RCC_SetFlashLatencyFromMSIRange
                0x0000000008002884       0xc0 Drivers/STM32L4xx_HAL_Driver/Src/stm32l4xx_hal_rcc.o
 .text.HAL_RCCEx_PeriphCLKConfig
                0x0000000008002944      0x5cc Drivers/STM32L4xx_HAL_Driver/Src/stm32l4xx_hal_rcc_ex.o
                0x0000000008002944                HAL_RCCEx_PeriphCLKConfig
 .text.RCCEx_PLLSAI1_Config
                0x0000000008002f10      0x1e0 Drivers/STM32L4xx_HAL_Driver/Src/stm32l4xx_hal_rcc_ex.o
 .text.RCCEx_PLLSAI2_Config
                0x00000000080030f0      0x1b4 Drivers/STM32L4xx_HAL_Driver/Src/stm32l4xx_hal_rcc_ex.o
 .text.core_initialize
                0x00000000080032a4       0x34 Fusb307b/Src/core.o
                0x00000000080032a4                core_initialize
 .text.core_state_machine
                0x00000000080032d8       0x68 Fusb307b/Src/core.o
                0x00000000080032d8                core_state_machine
 .text.core_get_next_timeout
                0x0000000008003340      0x138 Fusb307b/Src/core.o
                0x0000000008003340                core_get_next_timeout
 .text.DP_Initialize
                0x0000000008003478       0xf2 Fusb307b/Src/display_port.o
                0x0000000008003478                DP_Initialize
 .text.DP_RequestPartnerStatus
                0x000000000800356a       0xa4 Fusb307b/Src/display_port.o
                0x000000000800356a                DP_RequestPartnerStatus
 .text.DP_RequestPartnerConfig
                0x000000000800360e       0xa2 Fusb307b/Src/display_port.o
                0x000000000800360e                DP_RequestPartnerConfig
 .text.DP_SetPortMode
                0x00000000080036b0      0x130 Fusb307b/Src/display_port.o
                0x00000000080036b0                DP_SetPortMode
 .text.DP_SelectPinAssignment
                0x00000000080037e0       0xe2 Fusb307b/Src/display_port.o
 .text.DP_SelectRole
                0x00000000080038c2       0x82 Fusb307b/Src/display_port.o
 .text.DP_EvaluateSinkCapability
                0x0000000008003944       0x88 Fusb307b/Src/display_port.o
                0x0000000008003944                DP_EvaluateSinkCapability
 .text.DP_ProcessCommand
                0x00000000080039cc      0x196 Fusb307b/Src/display_port.o
                0x00000000080039cc                DP_ProcessCommand
 .text.DP_SendPortStatus
                0x0000000008003b62       0x78 Fusb307b/Src/display_port.o
                0x0000000008003b62                DP_SendPortStatus
 .text.DP_SendPortConfig
                0x0000000008003bda       0x80 Fusb307b/Src/display_port.o
                0x0000000008003bda                DP_SendPortConfig
 .text.DP_ProcessPartnerAttention
                0x0000000008003c5a      0x10c Fusb307b/Src/display_port.o
                0x0000000008003c5a                DP_ProcessPartnerAttention
 .text.DP_UpdatePartnerStatus
                0x0000000008003d66       0x30 Fusb307b/Src/display_port.o
                0x0000000008003d66                DP_UpdatePartnerStatus
 .text.DP_ProcessConfigResponse
                0x0000000008003d96       0x40 Fusb307b/Src/display_port.o
                0x0000000008003d96                DP_ProcessConfigResponse
 .text.DP_ProcessConfigRequest
                0x0000000008003dd6       0x1e Fusb307b/Src/display_port.o
                0x0000000008003dd6                DP_ProcessConfigRequest
 .text.DPM_Initialize
                0x0000000008003df4       0x1e Fusb307b/Src/dpm.o
                0x0000000008003df4                DPM_Initialize
 .text.DPM_Reset
                0x0000000008003e12       0xb0 Fusb307b/Src/dpm.o
                0x0000000008003e12                DPM_Reset
 .text.DPM_SetSOPVersion
                0x0000000008003ec2       0x38 Fusb307b/Src/dpm.o
                0x0000000008003ec2                DPM_SetSOPVersion
 .text.DPM_SetSOP1Details
                0x0000000008003efa       0x52 Fusb307b/Src/dpm.o
                0x0000000008003efa                DPM_SetSOP1Details
 .text.DPM_CurrentSpecRev
                0x0000000008003f4c       0x50 Fusb307b/Src/dpm.o
                0x0000000008003f4c                DPM_CurrentSpecRev
 .text.DPM_IsSOPPAllowed
                0x0000000008003f9c       0x16 Fusb307b/Src/dpm.o
                0x0000000008003f9c                DPM_IsSOPPAllowed
 .text.DPM_ReConfigureRxDetect
                0x0000000008003fb2       0x36 Fusb307b/Src/dpm.o
                0x0000000008003fb2                DPM_ReConfigureRxDetect
 .text.notify_observers
                0x0000000008003fe8       0x78 Fusb307b/Src/observer.o
                0x0000000008003fe8                notify_observers
 .text.USBPDPolicyEngine
                0x0000000008004060      0x3d4 Fusb307b/Src/policy.o
                0x0000000008004060                USBPDPolicyEngine
 .text.PolicyErrorRecovery
                0x0000000008004434       0x16 Fusb307b/Src/policy.o
                0x0000000008004434                PolicyErrorRecovery
 .text.PolicySinkStartup
                0x000000000800444a      0x19c Fusb307b/Src/policy.o
                0x000000000800444a                PolicySinkStartup
 .text.PolicySinkSendHardReset
                0x00000000080045e6       0x22 Fusb307b/Src/policy.o
                0x00000000080045e6                PolicySinkSendHardReset
 .text.PolicySinkSoftReset
                0x0000000008004608       0x4c Fusb307b/Src/policy.o
                0x0000000008004608                PolicySinkSoftReset
 .text.PolicySinkSendSoftReset
                0x0000000008004654       0xfc Fusb307b/Src/policy.o
                0x0000000008004654                PolicySinkSendSoftReset
 .text.PolicySinkTransitionDefault
                0x0000000008004750      0x2a0 Fusb307b/Src/policy.o
                0x0000000008004750                PolicySinkTransitionDefault
 .text.PolicySinkDiscovery
                0x00000000080049f0       0x30 Fusb307b/Src/policy.o
                0x00000000080049f0                PolicySinkDiscovery
 .text.PolicySinkWaitCaps
                0x0000000008004a20      0x142 Fusb307b/Src/policy.o
                0x0000000008004a20                PolicySinkWaitCaps
 *fill*         0x0000000008004b62        0x2 
 .text.PolicySinkEvaluateCaps
                0x0000000008004b64      0x3b8 Fusb307b/Src/policy.o
                0x0000000008004b64                PolicySinkEvaluateCaps
 .text.PolicySinkSelectCapability
                0x0000000008004f1c      0x30c Fusb307b/Src/policy.o
                0x0000000008004f1c                PolicySinkSelectCapability
 .text.PolicySinkTransitionSink
                0x0000000008005228      0x128 Fusb307b/Src/policy.o
                0x0000000008005228                PolicySinkTransitionSink
 .text.PolicySinkReady
                0x0000000008005350      0x3dc Fusb307b/Src/policy.o
                0x0000000008005350                PolicySinkReady
 .text.PolicySinkGetSinkCap
                0x000000000800572c      0x116 Fusb307b/Src/policy.o
                0x000000000800572c                PolicySinkGetSinkCap
 .text.PolicySinkGiveSinkCap
                0x0000000008005842       0x42 Fusb307b/Src/policy.o
                0x0000000008005842                PolicySinkGiveSinkCap
 .text.PolicySinkGetSourceCap
                0x0000000008005884       0xf4 Fusb307b/Src/policy.o
                0x0000000008005884                PolicySinkGetSourceCap
 .text.PolicySinkGiveSourceCap
                0x0000000008005978       0x16 Fusb307b/Src/policy.o
                0x0000000008005978                PolicySinkGiveSourceCap
 .text.PolicySinkSendDRSwap
                0x000000000800598e      0x162 Fusb307b/Src/policy.o
                0x000000000800598e                PolicySinkSendDRSwap
 .text.PolicySinkEvaluateDRSwap
                0x0000000008005af0       0xca Fusb307b/Src/policy.o
                0x0000000008005af0                PolicySinkEvaluateDRSwap
 *fill*         0x0000000008005bba        0x2 
 .text.PolicySinkSendVCONNSwap
                0x0000000008005bbc      0x280 Fusb307b/Src/policy.o
                0x0000000008005bbc                PolicySinkSendVCONNSwap
 .text.PolicySinkEvaluateVCONNSwap
                0x0000000008005e3c      0x1d4 Fusb307b/Src/policy.o
                0x0000000008005e3c                PolicySinkEvaluateVCONNSwap
 .text.PolicySinkSendPRSwap
                0x0000000008006010       0x14 Fusb307b/Src/policy.o
                0x0000000008006010                PolicySinkSendPRSwap
 .text.PolicySinkEvaluatePRSwap
                0x0000000008006024       0x16 Fusb307b/Src/policy.o
                0x0000000008006024                PolicySinkEvaluatePRSwap
 .text.PolicySendNotSupported
                0x000000000800603a      0x128 Fusb307b/Src/policy.o
                0x000000000800603a                PolicySendNotSupported
 .text.PolicyNotSupported
                0x0000000008006162       0x28 Fusb307b/Src/policy.o
                0x0000000008006162                PolicyNotSupported
 .text.PolicyDFPCBLSendSoftReset
                0x000000000800618a       0xf2 Fusb307b/Src/policy.o
                0x000000000800618a                PolicyDFPCBLSendSoftReset
 .text.PolicyDFPCBLSendReset
                0x000000000800627c       0x32 Fusb307b/Src/policy.o
                0x000000000800627c                PolicyDFPCBLSendReset
 .text.UpdateCapabilitiesRx
                0x00000000080062ae       0xa0 Fusb307b/Src/policy.o
                0x00000000080062ae                UpdateCapabilitiesRx
 .text.PolicySendHardReset
                0x000000000800634e       0x9a Fusb307b/Src/policy.o
                0x000000000800634e                PolicySendHardReset
 .text.PolicySendGenericCommand
                0x00000000080063e8       0xea Fusb307b/Src/policy.o
                0x00000000080063e8                PolicySendGenericCommand
 .text.PolicySendGenericData
                0x00000000080064d2      0x104 Fusb307b/Src/policy.o
                0x00000000080064d2                PolicySendGenericData
 *fill*         0x00000000080065d6        0x2 
 .text.PolicySend
                0x00000000080065d8      0x3cc Fusb307b/Src/policy.o
                0x00000000080065d8                PolicySend
 .text.ProcessDmtBist
                0x00000000080069a4       0xc0 Fusb307b/Src/policy.o
                0x00000000080069a4                ProcessDmtBist
 .text.PolicyBISTCarrierMode2
                0x0000000008006a64      0x102 Fusb307b/Src/policy.o
                0x0000000008006a64                PolicyBISTCarrierMode2
 .text.PolicyBISTTestData
                0x0000000008006b66       0x14 Fusb307b/Src/policy.o
                0x0000000008006b66                PolicyBISTTestData
 .text.PolicyInvalidState
                0x0000000008006b7a       0x20 Fusb307b/Src/policy.o
                0x0000000008006b7a                PolicyInvalidState
 *fill*         0x0000000008006b9a        0x2 
 .text.ProcessCableResetState
                0x0000000008006b9c      0x11c Fusb307b/Src/policy.o
                0x0000000008006b9c                ProcessCableResetState
 .text.InitializeVars
                0x0000000008006cb8      0x474 Fusb307b/Src/port.o
                0x0000000008006cb8                InitializeVars
 .text.InitializePort
                0x000000000800712c       0xc2 Fusb307b/Src/port.o
                0x000000000800712c                InitializePort
 .text.ReadRegister
                0x00000000080071ee       0x34 Fusb307b/Src/port.o
                0x00000000080071ee                ReadRegister
 .text.ReadRegisters
                0x0000000008007222       0x38 Fusb307b/Src/port.o
                0x0000000008007222                ReadRegisters
 .text.ReadStatusRegisters
                0x000000000800725a       0x34 Fusb307b/Src/port.o
                0x000000000800725a                ReadStatusRegisters
 .text.ReadAllRegisters
                0x000000000800728e      0x1f8 Fusb307b/Src/port.o
                0x000000000800728e                ReadAllRegisters
 .text.ReadRxRegisters
                0x0000000008007486       0x2e Fusb307b/Src/port.o
                0x0000000008007486                ReadRxRegisters
 .text.WriteRegister
                0x00000000080074b4       0x32 Fusb307b/Src/port.o
                0x00000000080074b4                WriteRegister
 .text.WriteRegisters
                0x00000000080074e6       0x36 Fusb307b/Src/port.o
                0x00000000080074e6                WriteRegisters
 .text.WriteTxRegisters
                0x000000000800751c       0x2e Fusb307b/Src/port.o
                0x000000000800751c                WriteTxRegisters
 .text.ClearInterrupt
                0x000000000800754a       0x3a Fusb307b/Src/port.o
                0x000000000800754a                ClearInterrupt
 .text.SendCommand
                0x0000000008007584       0xce Fusb307b/Src/port.o
                0x0000000008007584                SendCommand
 .text.SetRpValue
                0x0000000008007652       0x5a Fusb307b/Src/port.o
                0x0000000008007652                SetRpValue
 .text.UpdateSourceCurrent
                0x00000000080076ac       0x26 Fusb307b/Src/port.o
                0x00000000080076ac                UpdateSourceCurrent
 .text.UpdateSinkCurrent
                0x00000000080076d2       0x42 Fusb307b/Src/port.o
                0x00000000080076d2                UpdateSinkCurrent
 .text.GetVBusVoltage
                0x0000000008007714       0x78 Fusb307b/Src/port.o
                0x0000000008007714                GetVBusVoltage
 .text.IsVbusVSafe0V
                0x000000000800778c       0x2a Fusb307b/Src/port.o
                0x000000000800778c                IsVbusVSafe0V
 .text.IsVbusVSafe5V
                0x00000000080077b6       0x36 Fusb307b/Src/port.o
                0x00000000080077b6                IsVbusVSafe5V
 .text.SetVBusSnkDisc
                0x00000000080077ec       0x3a Fusb307b/Src/port.o
                0x00000000080077ec                SetVBusSnkDisc
 .text.SetVBusStopDisc
                0x0000000008007826       0x3a Fusb307b/Src/port.o
                0x0000000008007826                SetVBusStopDisc
 .text.SetVBusAlarm
                0x0000000008007860       0x64 Fusb307b/Src/port.o
                0x0000000008007860                SetVBusAlarm
 .text.DecodeCCTermination
                0x00000000080078c4       0x80 Fusb307b/Src/port.o
                0x00000000080078c4                DecodeCCTermination
 .text.DecodeCCTerminationSink
                0x0000000008007944       0x70 Fusb307b/Src/port.o
                0x0000000008007944                DecodeCCTerminationSink
 .text.ResetDebounceVariables
                0x00000000080079b4       0x34 Fusb307b/Src/port.o
                0x00000000080079b4                ResetDebounceVariables
 .text.DebounceCC
                0x00000000080079e8       0xd0 Fusb307b/Src/port.o
                0x00000000080079e8                DebounceCC
 .text.SetVConn
                0x0000000008007ab8       0x38 Fusb307b/Src/port.o
                0x0000000008007ab8                SetVConn
 .text.GetVConn
                0x0000000008007af0       0x1e Fusb307b/Src/port.o
                0x0000000008007af0                GetVConn
 .text.SetStateSink
                0x0000000008007b0e       0x70 Fusb307b/Src/port.o
                0x0000000008007b0e                SetStateSink
 .text.DetectCCPin
                0x0000000008007b7e       0xa0 Fusb307b/Src/port.o
                0x0000000008007b7e                DetectCCPin
 .text.UpdateVConnTermination
                0x0000000008007c1e       0x4c Fusb307b/Src/port.o
                0x0000000008007c1e                UpdateVConnTermination
 .text.UpdateOrientation
                0x0000000008007c6a      0x132 Fusb307b/Src/port.o
                0x0000000008007c6a                UpdateOrientation
 .text.ClearState
                0x0000000008007d9c       0xa2 Fusb307b/Src/port.o
                0x0000000008007d9c                ClearState
 .text.ResetMessageIDs
                0x0000000008007e3e       0x4c Fusb307b/Src/port.o
 .text.ResetProtocolLayer
                0x0000000008007e8a       0xaa Fusb307b/Src/port.o
                0x0000000008007e8a                ResetProtocolLayer
 .text.PDEnable
                0x0000000008007f34      0x166 Fusb307b/Src/port.o
                0x0000000008007f34                PDEnable
 .text.PDDisable
                0x000000000800809a       0x8e Fusb307b/Src/port.o
                0x000000000800809a                PDDisable
 .text.set_sop_p_detect
                0x0000000008008128       0xc0 Fusb307b/Src/port.o
                0x0000000008008128                set_sop_p_detect
 .text.set_policy_state
                0x00000000080081e8       0x94 Fusb307b/Src/port.o
                0x00000000080081e8                set_policy_state
 .text.SetSinkTx
                0x000000000800827c       0x30 Fusb307b/Src/port.o
                0x000000000800827c                SetSinkTx
 .text.USBPDProtocol
                0x00000000080082ac       0xe4 Fusb307b/Src/protocol.o
                0x00000000080082ac                USBPDProtocol
 .text.ProtocolIdle
                0x0000000008008390       0xa0 Fusb307b/Src/protocol.o
                0x0000000008008390                ProtocolIdle
 .text.ProtocolResetWait
                0x0000000008008430       0x72 Fusb307b/Src/protocol.o
                0x0000000008008430                ProtocolResetWait
 .text.ProtocolGetRxPacket
                0x00000000080084a2      0x1c4 Fusb307b/Src/protocol.o
                0x00000000080084a2                ProtocolGetRxPacket
 .text.ProtocolTransmitMessage
                0x0000000008008666      0x1fa Fusb307b/Src/protocol.o
                0x0000000008008666                ProtocolTransmitMessage
 .text.ProtocolSendingMessage
                0x0000000008008860      0x1a4 Fusb307b/Src/protocol.o
                0x0000000008008860                ProtocolSendingMessage
 .text.ProtocolSendHardReset
                0x0000000008008a04       0x56 Fusb307b/Src/protocol.o
                0x0000000008008a04                ProtocolSendHardReset
 .text.TokenToSopType
                0x0000000008008a5a       0x46 Fusb307b/Src/protocol.o
                0x0000000008008a5a                TokenToSopType
 .text.AddressToRegister
                0x0000000008008aa0      0x518 Fusb307b/Src/registers.o
                0x0000000008008aa0                AddressToRegister
 .text.RegClearBits
                0x0000000008008fb8       0x3c Fusb307b/Src/registers.o
                0x0000000008008fb8                RegClearBits
 .text.SystemPolicyProcess
                0x0000000008008ff4       0x14 Fusb307b/Src/systempolicy.o
                0x0000000008008ff4                SystemPolicyProcess
 .text.TimerStart
                0x0000000008009008       0x3c Fusb307b/Src/timer.o
                0x0000000008009008                TimerStart
 .text.TimerDisable
                0x0000000008009044       0x36 Fusb307b/Src/timer.o
                0x0000000008009044                TimerDisable
 .text.TimerDisabled
                0x000000000800907a       0x22 Fusb307b/Src/timer.o
                0x000000000800907a                TimerDisabled
 .text.TimerExpired
                0x000000000800909c       0x3a Fusb307b/Src/timer.o
                0x000000000800909c                TimerExpired
 .text.TimerRemaining
                0x00000000080090d6       0x62 Fusb307b/Src/timer.o
                0x00000000080090d6                TimerRemaining
 .text.StateMachineTypeC
                0x0000000008009138      0x198 Fusb307b/Src/typec.o
                0x0000000008009138                StateMachineTypeC
 .text.StateMachineDisabled
                0x00000000080092d0       0x2e Fusb307b/Src/typec.o
                0x00000000080092d0                StateMachineDisabled
 .text.StateMachineErrorRecovery
                0x00000000080092fe       0x3a Fusb307b/Src/typec.o
                0x00000000080092fe                StateMachineErrorRecovery
 .text.StateMachineUnattached
                0x0000000008009338      0x104 Fusb307b/Src/typec.o
                0x0000000008009338                StateMachineUnattached
 .text.StateMachineAttachWaitSink
                0x000000000800943c       0xd4 Fusb307b/Src/typec.o
                0x000000000800943c                StateMachineAttachWaitSink
 .text.StateMachineAttachedSink
                0x0000000008009510       0xce Fusb307b/Src/typec.o
                0x0000000008009510                StateMachineAttachedSink
 .text.StateMachineDebugAccessorySink
                0x00000000080095de       0xae Fusb307b/Src/typec.o
                0x00000000080095de                StateMachineDebugAccessorySink
 .text.StateMachineIllegalCable
                0x000000000800968c       0x30 Fusb307b/Src/typec.o
                0x000000000800968c                StateMachineIllegalCable
 .text.SetStateErrorRecovery
                0x00000000080096bc       0x80 Fusb307b/Src/typec.o
                0x00000000080096bc                SetStateErrorRecovery
 .text.SetStateUnattached
                0x000000000800973c      0x170 Fusb307b/Src/typec.o
                0x000000000800973c                SetStateUnattached
 .text.SetStateAttachWaitSink
                0x00000000080098ac       0xcc Fusb307b/Src/typec.o
                0x00000000080098ac                SetStateAttachWaitSink
 .text.SetStateAttachedSink
                0x0000000008009978      0x104 Fusb307b/Src/typec.o
                0x0000000008009978                SetStateAttachedSink
 .text.SetStateDebugAccessorySink
                0x0000000008009a7c       0x98 Fusb307b/Src/typec.o
                0x0000000008009a7c                SetStateDebugAccessorySink
 .text.SetStateIllegalCable
                0x0000000008009b14       0x50 Fusb307b/Src/typec.o
                0x0000000008009b14                SetStateIllegalCable
 .text.CurrentSVDMVersion
                0x0000000008009b64       0x2a Fusb307b/Src/vdm.o
                0x0000000008009b64                CurrentSVDMVersion
 .text.PolicyVdm
                0x0000000008009b8e      0x10e Fusb307b/Src/vdm.o
                0x0000000008009b8e                PolicyVdm
 .text.PolicyGiveVdm
                0x0000000008009c9c       0xf4 Fusb307b/Src/vdm.o
                0x0000000008009c9c                PolicyGiveVdm
 .text.ConvertAndProcessVdmMessage
                0x0000000008009d90       0x76 Fusb307b/Src/vdm.o
                0x0000000008009d90                ConvertAndProcessVdmMessage
 .text.DoVdmCommand
                0x0000000008009e06       0xe4 Fusb307b/Src/vdm.o
                0x0000000008009e06                DoVdmCommand
 *fill*         0x0000000008009eea        0x2 
 .text.AutoVdmDiscovery
                0x0000000008009eec      0x1cc Fusb307b/Src/vdm.o
                0x0000000008009eec                AutoVdmDiscovery
 .text.RequestDiscoverIdentity
                0x000000000800a0b8      0x12e Fusb307b/Src/vdm.o
                0x000000000800a0b8                RequestDiscoverIdentity
 .text.RequestDiscoverSvids
                0x000000000800a1e6       0x9e Fusb307b/Src/vdm.o
                0x000000000800a1e6                RequestDiscoverSvids
 .text.RequestDiscoverModes
                0x000000000800a284       0xa4 Fusb307b/Src/vdm.o
                0x000000000800a284                RequestDiscoverModes
 .text.RequestEnterMode
                0x000000000800a328       0xaa Fusb307b/Src/vdm.o
                0x000000000800a328                RequestEnterMode
 .text.RequestExitMode
                0x000000000800a3d2       0xaa Fusb307b/Src/vdm.o
                0x000000000800a3d2                RequestExitMode
 .text.ProcessVdmMessage
                0x000000000800a47c      0x10c Fusb307b/Src/vdm.o
                0x000000000800a47c                ProcessVdmMessage
 .text.evalResponseToSopVdm
                0x000000000800a588       0x5e Fusb307b/Src/vdm.o
                0x000000000800a588                evalResponseToSopVdm
 .text.evalResponseToCblVdm
                0x000000000800a5e6       0x2a Fusb307b/Src/vdm.o
                0x000000000800a5e6                evalResponseToCblVdm
 .text.ProcessDiscoverIdentity
                0x000000000800a610      0x4e8 Fusb307b/Src/vdm.o
                0x000000000800a610                ProcessDiscoverIdentity
 .text.ProcessDiscoverSvids
                0x000000000800aaf8      0x3aa Fusb307b/Src/vdm.o
                0x000000000800aaf8                ProcessDiscoverSvids
 .text.ProcessDiscoverModes
                0x000000000800aea2      0x2b8 Fusb307b/Src/vdm.o
                0x000000000800aea2                ProcessDiscoverModes
 .text.ProcessEnterMode
                0x000000000800b15a      0x1fe Fusb307b/Src/vdm.o
                0x000000000800b15a                ProcessEnterMode
 .text.ProcessExitMode
                0x000000000800b358      0x228 Fusb307b/Src/vdm.o
                0x000000000800b358                ProcessExitMode
 .text.ProcessAttention
                0x000000000800b580       0x6c Fusb307b/Src/vdm.o
                0x000000000800b580                ProcessAttention
 .text.ProcessSvidSpecific
                0x000000000800b5ec       0xd4 Fusb307b/Src/vdm.o
                0x000000000800b5ec                ProcessSvidSpecific
 .text.SendVdmMessage
                0x000000000800b6c0       0x8a Fusb307b/Src/vdm.o
                0x000000000800b6c0                SendVdmMessage
 .text.SendVdmMessageWithTimeout
                0x000000000800b74a       0x30 Fusb307b/Src/vdm.o
                0x000000000800b74a                SendVdmMessageWithTimeout
 *fill*         0x000000000800b77a        0x2 
 .text.StartVdmTimer
                0x000000000800b77c      0x104 Fusb307b/Src/vdm.o
                0x000000000800b77c                StartVdmTimer
 .text.ResetPolicyState
                0x000000000800b880      0x300 Fusb307b/Src/vdm.o
                0x000000000800b880                ResetPolicyState
 .text.VdmRequestIdentityInfo
                0x000000000800bb80       0xa6 Fusb307b/Src/vdm.o
                0x000000000800bb80                VdmRequestIdentityInfo
 .text.VdmRequestSvidInfo
                0x000000000800bc26       0x5c Fusb307b/Src/vdm.o
                0x000000000800bc26                VdmRequestSvidInfo
 .text.VdmRequestModesInfo
                0x000000000800bc82       0x92 Fusb307b/Src/vdm.o
                0x000000000800bc82                VdmRequestModesInfo
 .text.VdmModeEntryRequest
                0x000000000800bd14       0x72 Fusb307b/Src/vdm.o
                0x000000000800bd14                VdmModeEntryRequest
 .text.VdmModeExitRequest
                0x000000000800bd86       0x8a Fusb307b/Src/vdm.o
                0x000000000800bd86                VdmModeExitRequest
 .text.VdmEnterModeResult
                0x000000000800be10       0x62 Fusb307b/Src/vdm.o
                0x000000000800be10                VdmEnterModeResult
 .text.VdmExitModeResult
                0x000000000800be72       0x50 Fusb307b/Src/vdm.o
                0x000000000800be72                VdmExitModeResult
 .text.VdmInformIdentity
                0x000000000800bec2       0x96 Fusb307b/Src/vdm.o
                0x000000000800bec2                VdmInformIdentity
 .text.VdmInformSvids
                0x000000000800bf58       0xca Fusb307b/Src/vdm.o
                0x000000000800bf58                VdmInformSvids
 .text.VdmInformModes
                0x000000000800c022       0xd6 Fusb307b/Src/vdm.o
                0x000000000800c022                VdmInformModes
 .text.VdmInformAttention
                0x000000000800c0f8       0x2a Fusb307b/Src/vdm.o
                0x000000000800c0f8                VdmInformAttention
 .text.getIdHeader
                0x000000000800c122       0x86 Fusb307b/Src/vdm.o
                0x000000000800c122                getIdHeader
 .text.getBitsForIdHeader
                0x000000000800c1a8       0x8e Fusb307b/Src/vdm.o
                0x000000000800c1a8                getBitsForIdHeader
 .text.getCertStatVdo
                0x000000000800c236       0x24 Fusb307b/Src/vdm.o
                0x000000000800c236                getCertStatVdo
 .text.getProductVdo
                0x000000000800c25a       0x34 Fusb307b/Src/vdm.o
                0x000000000800c25a                getProductVdo
 .text.getCableVdo
                0x000000000800c28e      0x12c Fusb307b/Src/vdm.o
                0x000000000800c28e                getCableVdo
 .text.getAmaVdo
                0x000000000800c3ba       0xee Fusb307b/Src/vdm.o
                0x000000000800c3ba                getAmaVdo
 .text.getBitsForProductVdo
                0x000000000800c4a8       0x38 Fusb307b/Src/vdm.o
                0x000000000800c4a8                getBitsForProductVdo
 .text.getBitsForCertStatVdo
                0x000000000800c4e0       0x2e Fusb307b/Src/vdm.o
                0x000000000800c4e0                getBitsForCertStatVdo
 .text.getBitsForCableVdo
                0x000000000800c50e      0x134 Fusb307b/Src/vdm.o
                0x000000000800c50e                getBitsForCableVdo
 .text.getBitsForAmaVdo
                0x000000000800c642       0xe4 Fusb307b/Src/vdm.o
                0x000000000800c642                getBitsForAmaVdo
 .text.VIF_InitializeSnkCaps
                0x000000000800c726       0xfe Fusb307b/Src/vendor_info.o
                0x000000000800c726                VIF_InitializeSnkCaps
 .text.__libc_init_array
                0x000000000800c824       0x48 c:/st/stm32cubeide_1.1.0/stm32cubeide/plugins/com.st.stm32cube.ide.mcu.externaltools.gnu-tools-for-stm32.7-2018-q2-update.win32_1.0.0.201904181610/tools/bin/../lib/gcc/arm-none-eabi/7.3.1/../../../../arm-none-eabi/lib/thumb/v7e-m/fpv4-sp/hard\libc_nano.a(lib_a-init.o)
                0x000000000800c824                __libc_init_array
 .text.memset   0x000000000800c86c       0x10 c:/st/stm32cubeide_1.1.0/stm32cubeide/plugins/com.st.stm32cube.ide.mcu.externaltools.gnu-tools-for-stm32.7-2018-q2-update.win32_1.0.0.201904181610/tools/bin/../lib/gcc/arm-none-eabi/7.3.1/../../../../arm-none-eabi/lib/thumb/v7e-m/fpv4-sp/hard\libc_nano.a(lib_a-memset.o)
                0x000000000800c86c                memset
 *(.glue_7)
 .glue_7        0x000000000800c87c        0x0 linker stubs
 *(.glue_7t)
 .glue_7t       0x000000000800c87c        0x0 linker stubs
 *(.eh_frame)
 .eh_frame      0x000000000800c87c        0x0 c:/st/stm32cubeide_1.1.0/stm32cubeide/plugins/com.st.stm32cube.ide.mcu.externaltools.gnu-tools-for-stm32.7-2018-q2-update.win32_1.0.0.201904181610/tools/bin/../lib/gcc/arm-none-eabi/7.3.1/thumb/v7e-m/fpv4-sp/hard/crtbegin.o
 *(.init)
 .init          0x000000000800c87c        0x4 c:/st/stm32cubeide_1.1.0/stm32cubeide/plugins/com.st.stm32cube.ide.mcu.externaltools.gnu-tools-for-stm32.7-2018-q2-update.win32_1.0.0.201904181610/tools/bin/../lib/gcc/arm-none-eabi/7.3.1/thumb/v7e-m/fpv4-sp/hard/crti.o
                0x000000000800c87c                _init
 .init          0x000000000800c880        0x8 c:/st/stm32cubeide_1.1.0/stm32cubeide/plugins/com.st.stm32cube.ide.mcu.externaltools.gnu-tools-for-stm32.7-2018-q2-update.win32_1.0.0.201904181610/tools/bin/../lib/gcc/arm-none-eabi/7.3.1/thumb/v7e-m/fpv4-sp/hard/crtn.o
 *(.fini)
 .fini          0x000000000800c888        0x4 c:/st/stm32cubeide_1.1.0/stm32cubeide/plugins/com.st.stm32cube.ide.mcu.externaltools.gnu-tools-for-stm32.7-2018-q2-update.win32_1.0.0.201904181610/tools/bin/../lib/gcc/arm-none-eabi/7.3.1/thumb/v7e-m/fpv4-sp/hard/crti.o
                0x000000000800c888                _fini
 .fini          0x000000000800c88c        0x8 c:/st/stm32cubeide_1.1.0/stm32cubeide/plugins/com.st.stm32cube.ide.mcu.externaltools.gnu-tools-for-stm32.7-2018-q2-update.win32_1.0.0.201904181610/tools/bin/../lib/gcc/arm-none-eabi/7.3.1/thumb/v7e-m/fpv4-sp/hard/crtn.o
                0x000000000800c894                . = ALIGN (0x4)
                0x000000000800c894                _etext = .

.vfp11_veneer   0x000000000800c894        0x0
 .vfp11_veneer  0x000000000800c894        0x0 linker stubs

.v4_bx          0x000000000800c894        0x0
 .v4_bx         0x000000000800c894        0x0 linker stubs

.iplt           0x000000000800c894        0x0
 .iplt          0x000000000800c894        0x0 c:/st/stm32cubeide_1.1.0/stm32cubeide/plugins/com.st.stm32cube.ide.mcu.externaltools.gnu-tools-for-stm32.7-2018-q2-update.win32_1.0.0.201904181610/tools/bin/../lib/gcc/arm-none-eabi/7.3.1/thumb/v7e-m/fpv4-sp/hard/crtbegin.o

.rodata         0x000000000800c894       0xb0
                0x000000000800c894                . = ALIGN (0x4)
 *(.rodata)
 .rodata        0x000000000800c894       0x13 Core/Src/main.o
 *fill*         0x000000000800c8a7        0x1 
 .rodata        0x000000000800c8a8       0x13 Fusb307b/Src/core.o
 *fill*         0x000000000800c8bb        0x1 
 .rodata        0x000000000800c8bc        0x7 Fusb307b/Src/port.o
 *fill*         0x000000000800c8c3        0x1 
 .rodata        0x000000000800c8c4       0x3f Fusb307b/Src/typec.o
 *(.rodata*)
 *fill*         0x000000000800c903        0x1 
 .rodata.AHBPrescTable
                0x000000000800c904       0x10 Core/Src/system_stm32l4xx.o
                0x000000000800c904                AHBPrescTable
 .rodata.MSIRangeTable
                0x000000000800c914       0x30 Core/Src/system_stm32l4xx.o
                0x000000000800c914                MSIRangeTable
                0x000000000800c944                . = ALIGN (0x4)

.rel.dyn        0x000000000800c944        0x0
 .rel.iplt      0x000000000800c944        0x0 c:/st/stm32cubeide_1.1.0/stm32cubeide/plugins/com.st.stm32cube.ide.mcu.externaltools.gnu-tools-for-stm32.7-2018-q2-update.win32_1.0.0.201904181610/tools/bin/../lib/gcc/arm-none-eabi/7.3.1/thumb/v7e-m/fpv4-sp/hard/crtbegin.o

.ARM.extab      0x000000000800c944        0x0
                0x000000000800c944                . = ALIGN (0x4)
 *(.ARM.extab* .gnu.linkonce.armextab.*)
                0x000000000800c944                . = ALIGN (0x4)

.ARM            0x000000000800c944        0x0
                0x000000000800c944                . = ALIGN (0x4)
                0x000000000800c944                __exidx_start = .
 *(.ARM.exidx*)
                0x000000000800c944                __exidx_end = .
                0x000000000800c944                . = ALIGN (0x4)

.preinit_array  0x000000000800c944        0x0
                0x000000000800c944                . = ALIGN (0x4)
                0x000000000800c944                PROVIDE (__preinit_array_start = .)
 *(.preinit_array*)
                0x000000000800c944                PROVIDE (__preinit_array_end = .)
                0x000000000800c944                . = ALIGN (0x4)

.init_array     0x000000000800c944        0x4
                0x000000000800c944                . = ALIGN (0x4)
                0x000000000800c944                PROVIDE (__init_array_start = .)
 *(SORT_BY_NAME(.init_array.*))
 *(.init_array*)
 .init_array    0x000000000800c944        0x4 c:/st/stm32cubeide_1.1.0/stm32cubeide/plugins/com.st.stm32cube.ide.mcu.externaltools.gnu-tools-for-stm32.7-2018-q2-update.win32_1.0.0.201904181610/tools/bin/../lib/gcc/arm-none-eabi/7.3.1/thumb/v7e-m/fpv4-sp/hard/crtbegin.o
                0x000000000800c948                PROVIDE (__init_array_end = .)
                0x000000000800c948                . = ALIGN (0x4)

.fini_array     0x000000000800c948        0x4
                0x000000000800c948                . = ALIGN (0x4)
                [!provide]                        PROVIDE (__fini_array_start = .)
 *(SORT_BY_NAME(.fini_array.*))
 *(.fini_array*)
 .fini_array    0x000000000800c948        0x4 c:/st/stm32cubeide_1.1.0/stm32cubeide/plugins/com.st.stm32cube.ide.mcu.externaltools.gnu-tools-for-stm32.7-2018-q2-update.win32_1.0.0.201904181610/tools/bin/../lib/gcc/arm-none-eabi/7.3.1/thumb/v7e-m/fpv4-sp/hard/crtbegin.o
                [!provide]                        PROVIDE (__fini_array_end = .)
                0x000000000800c94c                . = ALIGN (0x4)
                0x000000000800c94c                _sidata = LOADADDR (.data)

.data           0x0000000020000000        0xc load address 0x000000000800c94c
                0x0000000020000000                . = ALIGN (0x4)
                0x0000000020000000                _sdata = .
 *(.data)
 *(.data*)
 .data.SystemCoreClock
                0x0000000020000000        0x4 Core/Src/system_stm32l4xx.o
                0x0000000020000000                SystemCoreClock
 .data.uwTickPrio
                0x0000000020000004        0x4 Drivers/STM32L4xx_HAL_Driver/Src/stm32l4xx_hal.o
                0x0000000020000004                uwTickPrio
 .data.uwTickFreq
                0x0000000020000008        0x4 Drivers/STM32L4xx_HAL_Driver/Src/stm32l4xx_hal.o
                0x0000000020000008                uwTickFreq
                0x000000002000000c                . = ALIGN (0x4)
                0x000000002000000c                _edata = .

.igot.plt       0x000000002000000c        0x0 load address 0x000000000800c958
 .igot.plt      0x000000002000000c        0x0 c:/st/stm32cubeide_1.1.0/stm32cubeide/plugins/com.st.stm32cube.ide.mcu.externaltools.gnu-tools-for-stm32.7-2018-q2-update.win32_1.0.0.201904181610/tools/bin/../lib/gcc/arm-none-eabi/7.3.1/thumb/v7e-m/fpv4-sp/hard/crtbegin.o
                0x000000002000000c                . = ALIGN (0x4)

.bss            0x000000002000000c      0x378 load address 0x000000000800c958
                0x000000002000000c                _sbss = .
                0x000000002000000c                __bss_start__ = _sbss
 *(.bss)
 .bss           0x000000002000000c       0x1c c:/st/stm32cubeide_1.1.0/stm32cubeide/plugins/com.st.stm32cube.ide.mcu.externaltools.gnu-tools-for-stm32.7-2018-q2-update.win32_1.0.0.201904181610/tools/bin/../lib/gcc/arm-none-eabi/7.3.1/thumb/v7e-m/fpv4-sp/hard/crtbegin.o
 *(.bss*)
 .bss.observers
                0x0000000020000028       0x10 Fusb307b/Src/observer.o
 *(COMMON)
 COMMON         0x0000000020000038      0x345 Core/Src/main.o
                0x0000000020000038                hi2c3
                0x0000000020000084                g_timer_int_active
                0x0000000020000088                g_port_active
                0x000000002000008c                g_ports
                0x000000002000037c                g_IdleIdx
 *fill*         0x000000002000037d        0x3 
 COMMON         0x0000000020000380        0x4 Drivers/STM32L4xx_HAL_Driver/Src/stm32l4xx_hal.o
                0x0000000020000380                uwTick
                0x0000000020000384                . = ALIGN (0x4)
                0x0000000020000384                _ebss = .
                0x0000000020000384                __bss_end__ = _ebss

._user_heap_stack
                0x0000000020000384      0x604 load address 0x000000000800c958
                0x0000000020000388                . = ALIGN (0x8)
 *fill*         0x0000000020000384        0x4 
                0x0000000020000388                PROVIDE (end = .)
                [!provide]                        PROVIDE (_end = .)
                0x0000000020000588                . = (. + _Min_Heap_Size)
 *fill*         0x0000000020000388      0x200 
                0x0000000020000988                . = (. + _Min_Stack_Size)
 *fill*         0x0000000020000588      0x400 
                0x0000000020000988                . = ALIGN (0x8)

/DISCARD/
 libc.a(*)
 libm.a(*)
 libgcc.a(*)

.ARM.attributes
                0x0000000000000000       0x30
 *(.ARM.attributes)
 .ARM.attributes
                0x0000000000000000       0x22 c:/st/stm32cubeide_1.1.0/stm32cubeide/plugins/com.st.stm32cube.ide.mcu.externaltools.gnu-tools-for-stm32.7-2018-q2-update.win32_1.0.0.201904181610/tools/bin/../lib/gcc/arm-none-eabi/7.3.1/thumb/v7e-m/fpv4-sp/hard/crti.o
 .ARM.attributes
                0x0000000000000022       0x34 c:/st/stm32cubeide_1.1.0/stm32cubeide/plugins/com.st.stm32cube.ide.mcu.externaltools.gnu-tools-for-stm32.7-2018-q2-update.win32_1.0.0.201904181610/tools/bin/../lib/gcc/arm-none-eabi/7.3.1/thumb/v7e-m/fpv4-sp/hard/crtbegin.o
 .ARM.attributes
                0x0000000000000056       0x39 Core/Src/main.o
 .ARM.attributes
                0x000000000000008f       0x39 Core/Src/platform.o
 .ARM.attributes
                0x00000000000000c8       0x39 Core/Src/stm32l4xx_hal_msp.o
 .ARM.attributes
                0x0000000000000101       0x39 Core/Src/stm32l4xx_it.o
 .ARM.attributes
                0x000000000000013a       0x39 Core/Src/system_stm32l4xx.o
 .ARM.attributes
                0x0000000000000173       0x21 Core/Startup/startup_stm32l476mgyx.o
 .ARM.attributes
                0x0000000000000194       0x39 Drivers/STM32L4xx_HAL_Driver/Src/stm32l4xx_hal.o
 .ARM.attributes
                0x00000000000001cd       0x39 Drivers/STM32L4xx_HAL_Driver/Src/stm32l4xx_hal_cortex.o
 .ARM.attributes
                0x0000000000000206       0x39 Drivers/STM32L4xx_HAL_Driver/Src/stm32l4xx_hal_gpio.o
 .ARM.attributes
                0x000000000000023f       0x39 Drivers/STM32L4xx_HAL_Driver/Src/stm32l4xx_hal_i2c.o
 .ARM.attributes
                0x0000000000000278       0x39 Drivers/STM32L4xx_HAL_Driver/Src/stm32l4xx_hal_i2c_ex.o
 .ARM.attributes
                0x00000000000002b1       0x39 Drivers/STM32L4xx_HAL_Driver/Src/stm32l4xx_hal_pwr_ex.o
 .ARM.attributes
                0x00000000000002ea       0x39 Drivers/STM32L4xx_HAL_Driver/Src/stm32l4xx_hal_rcc.o
 .ARM.attributes
                0x0000000000000323       0x39 Drivers/STM32L4xx_HAL_Driver/Src/stm32l4xx_hal_rcc_ex.o
 .ARM.attributes
                0x000000000000035c       0x39 Fusb307b/Src/core.o
 .ARM.attributes
                0x0000000000000395       0x39 Fusb307b/Src/display_port.o
 .ARM.attributes
                0x00000000000003ce       0x39 Fusb307b/Src/dpm.o
 .ARM.attributes
                0x0000000000000407       0x39 Fusb307b/Src/observer.o
 .ARM.attributes
                0x0000000000000440       0x39 Fusb307b/Src/policy.o
 .ARM.attributes
                0x0000000000000479       0x39 Fusb307b/Src/port.o
 .ARM.attributes
                0x00000000000004b2       0x39 Fusb307b/Src/protocol.o
 .ARM.attributes
                0x00000000000004eb       0x39 Fusb307b/Src/registers.o
 .ARM.attributes
                0x0000000000000524       0x39 Fusb307b/Src/systempolicy.o
 .ARM.attributes
                0x000000000000055d       0x39 Fusb307b/Src/timer.o
 .ARM.attributes
                0x0000000000000596       0x39 Fusb307b/Src/typec.o
 .ARM.attributes
                0x00000000000005cf       0x39 Fusb307b/Src/vdm.o
 .ARM.attributes
                0x0000000000000608       0x39 Fusb307b/Src/vendor_info.o
 .ARM.attributes
                0x0000000000000641       0x34 c:/st/stm32cubeide_1.1.0/stm32cubeide/plugins/com.st.stm32cube.ide.mcu.externaltools.gnu-tools-for-stm32.7-2018-q2-update.win32_1.0.0.201904181610/tools/bin/../lib/gcc/arm-none-eabi/7.3.1/../../../../arm-none-eabi/lib/thumb/v7e-m/fpv4-sp/hard\libc_nano.a(lib_a-init.o)
 .ARM.attributes
                0x0000000000000675       0x34 c:/st/stm32cubeide_1.1.0/stm32cubeide/plugins/com.st.stm32cube.ide.mcu.externaltools.gnu-tools-for-stm32.7-2018-q2-update.win32_1.0.0.201904181610/tools/bin/../lib/gcc/arm-none-eabi/7.3.1/../../../../arm-none-eabi/lib/thumb/v7e-m/fpv4-sp/hard\libc_nano.a(lib_a-memset.o)
 .ARM.attributes
                0x00000000000006a9       0x22 c:/st/stm32cubeide_1.1.0/stm32cubeide/plugins/com.st.stm32cube.ide.mcu.externaltools.gnu-tools-for-stm32.7-2018-q2-update.win32_1.0.0.201904181610/tools/bin/../lib/gcc/arm-none-eabi/7.3.1/thumb/v7e-m/fpv4-sp/hard/crtn.o
OUTPUT(FUSB307B.elf elf32-littlearm)

.debug_info     0x0000000000000000    0x31c2c
 .debug_info    0x0000000000000000     0x4678 Core/Src/main.o
 .debug_info    0x0000000000004678     0x10a8 Core/Src/platform.o
 .debug_info    0x0000000000005720      0xb51 Core/Src/stm32l4xx_hal_msp.o
 .debug_info    0x0000000000006271      0x33f Core/Src/stm32l4xx_it.o
 .debug_info    0x00000000000065b0      0x6f6 Core/Src/system_stm32l4xx.o
 .debug_info    0x0000000000006ca6       0x22 Core/Startup/startup_stm32l476mgyx.o
 .debug_info    0x0000000000006cc8      0xbe0 Drivers/STM32L4xx_HAL_Driver/Src/stm32l4xx_hal.o
 .debug_info    0x00000000000078a8      0xf3c Drivers/STM32L4xx_HAL_Driver/Src/stm32l4xx_hal_cortex.o
 .debug_info    0x00000000000087e4      0x982 Drivers/STM32L4xx_HAL_Driver/Src/stm32l4xx_hal_gpio.o
 .debug_info    0x0000000000009166     0x205c Drivers/STM32L4xx_HAL_Driver/Src/stm32l4xx_hal_i2c.o
 .debug_info    0x000000000000b1c2      0xb41 Drivers/STM32L4xx_HAL_Driver/Src/stm32l4xx_hal_i2c_ex.o
 .debug_info    0x000000000000bd03      0xada Drivers/STM32L4xx_HAL_Driver/Src/stm32l4xx_hal_pwr_ex.o
 .debug_info    0x000000000000c7dd      0xcfe Drivers/STM32L4xx_HAL_Driver/Src/stm32l4xx_hal_rcc.o
 .debug_info    0x000000000000d4db      0xf10 Drivers/STM32L4xx_HAL_Driver/Src/stm32l4xx_hal_rcc_ex.o
 .debug_info    0x000000000000e3eb     0x3682 Fusb307b/Src/core.o
 .debug_info    0x0000000000011a6d     0x3785 Fusb307b/Src/display_port.o
 .debug_info    0x00000000000151f2     0x36ee Fusb307b/Src/dpm.o
 .debug_info    0x00000000000188e0      0x242 Fusb307b/Src/observer.o
 .debug_info    0x0000000000018b22     0x3cd6 Fusb307b/Src/policy.o
 .debug_info    0x000000000001c7f8     0x4001 Fusb307b/Src/port.o
 .debug_info    0x00000000000207f9     0x36d9 Fusb307b/Src/protocol.o
 .debug_info    0x0000000000023ed2     0x1d1d Fusb307b/Src/registers.o
 .debug_info    0x0000000000025bef     0x324f Fusb307b/Src/systempolicy.o
 .debug_info    0x0000000000028e3e      0x1c6 Fusb307b/Src/timer.o
 .debug_info    0x0000000000029004     0x3802 Fusb307b/Src/typec.o
 .debug_info    0x000000000002c806     0x4d61 Fusb307b/Src/vdm.o
 .debug_info    0x0000000000031567      0x6c5 Fusb307b/Src/vendor_info.o

.debug_abbrev   0x0000000000000000     0x35c1
 .debug_abbrev  0x0000000000000000      0x321 Core/Src/main.o
 .debug_abbrev  0x0000000000000321      0x2b6 Core/Src/platform.o
 .debug_abbrev  0x00000000000005d7      0x197 Core/Src/stm32l4xx_hal_msp.o
 .debug_abbrev  0x000000000000076e       0xe2 Core/Src/stm32l4xx_it.o
 .debug_abbrev  0x0000000000000850      0x150 Core/Src/system_stm32l4xx.o
 .debug_abbrev  0x00000000000009a0       0x12 Core/Startup/startup_stm32l476mgyx.o
 .debug_abbrev  0x00000000000009b2      0x1fb Drivers/STM32L4xx_HAL_Driver/Src/stm32l4xx_hal.o
 .debug_abbrev  0x0000000000000bad      0x2fa Drivers/STM32L4xx_HAL_Driver/Src/stm32l4xx_hal_cortex.o
 .debug_abbrev  0x0000000000000ea7      0x1c0 Drivers/STM32L4xx_HAL_Driver/Src/stm32l4xx_hal_gpio.o
 .debug_abbrev  0x0000000000001067      0x22a Drivers/STM32L4xx_HAL_Driver/Src/stm32l4xx_hal_i2c.o
 .debug_abbrev  0x0000000000001291      0x1b9 Drivers/STM32L4xx_HAL_Driver/Src/stm32l4xx_hal_i2c_ex.o
 .debug_abbrev  0x000000000000144a      0x1cb Drivers/STM32L4xx_HAL_Driver/Src/stm32l4xx_hal_pwr_ex.o
 .debug_abbrev  0x0000000000001615      0x245 Drivers/STM32L4xx_HAL_Driver/Src/stm32l4xx_hal_rcc.o
 .debug_abbrev  0x000000000000185a      0x238 Drivers/STM32L4xx_HAL_Driver/Src/stm32l4xx_hal_rcc_ex.o
 .debug_abbrev  0x0000000000001a92      0x239 Fusb307b/Src/core.o
 .debug_abbrev  0x0000000000001ccb      0x2c3 Fusb307b/Src/display_port.o
 .debug_abbrev  0x0000000000001f8e      0x2d8 Fusb307b/Src/dpm.o
 .debug_abbrev  0x0000000000002266      0x11f Fusb307b/Src/observer.o
 .debug_abbrev  0x0000000000002385      0x24c Fusb307b/Src/policy.o
 .debug_abbrev  0x00000000000025d1      0x2c1 Fusb307b/Src/port.o
 .debug_abbrev  0x0000000000002892      0x24c Fusb307b/Src/protocol.o
 .debug_abbrev  0x0000000000002ade      0x1ba Fusb307b/Src/registers.o
 .debug_abbrev  0x0000000000002c98      0x1c2 Fusb307b/Src/systempolicy.o
 .debug_abbrev  0x0000000000002e5a      0x123 Fusb307b/Src/timer.o
 .debug_abbrev  0x0000000000002f7d      0x212 Fusb307b/Src/typec.o
 .debug_abbrev  0x000000000000318f      0x2d7 Fusb307b/Src/vdm.o
 .debug_abbrev  0x0000000000003466      0x15b Fusb307b/Src/vendor_info.o

.debug_aranges  0x0000000000000000     0x1250
 .debug_aranges
                0x0000000000000000       0x48 Core/Src/main.o
 .debug_aranges
                0x0000000000000048       0xe0 Core/Src/platform.o
 .debug_aranges
                0x0000000000000128       0x30 Core/Src/stm32l4xx_hal_msp.o
 .debug_aranges
                0x0000000000000158       0x68 Core/Src/stm32l4xx_it.o
 .debug_aranges
                0x00000000000001c0       0x28 Core/Src/system_stm32l4xx.o
 .debug_aranges
                0x00000000000001e8       0x28 Core/Startup/startup_stm32l476mgyx.o
 .debug_aranges
                0x0000000000000210      0x130 Drivers/STM32L4xx_HAL_Driver/Src/stm32l4xx_hal.o
 .debug_aranges
                0x0000000000000340      0x118 Drivers/STM32L4xx_HAL_Driver/Src/stm32l4xx_hal_cortex.o
 .debug_aranges
                0x0000000000000458       0x58 Drivers/STM32L4xx_HAL_Driver/Src/stm32l4xx_hal_gpio.o
 .debug_aranges
                0x00000000000004b0      0x288 Drivers/STM32L4xx_HAL_Driver/Src/stm32l4xx_hal_i2c.o
 .debug_aranges
                0x0000000000000738       0x48 Drivers/STM32L4xx_HAL_Driver/Src/stm32l4xx_hal_i2c_ex.o
 .debug_aranges
                0x0000000000000780      0x148 Drivers/STM32L4xx_HAL_Driver/Src/stm32l4xx_hal_pwr_ex.o
 .debug_aranges
                0x00000000000008c8       0x88 Drivers/STM32L4xx_HAL_Driver/Src/stm32l4xx_hal_rcc.o
 .debug_aranges
                0x0000000000000950       0xc0 Drivers/STM32L4xx_HAL_Driver/Src/stm32l4xx_hal_rcc_ex.o
 .debug_aranges
                0x0000000000000a10       0x60 Fusb307b/Src/core.o
 .debug_aranges
                0x0000000000000a70       0x90 Fusb307b/Src/display_port.o
 .debug_aranges
                0x0000000000000b00       0xb8 Fusb307b/Src/dpm.o
 .debug_aranges
                0x0000000000000bb8       0x30 Fusb307b/Src/observer.o
 .debug_aranges
                0x0000000000000be8      0x140 Fusb307b/Src/policy.o
 .debug_aranges
                0x0000000000000d28      0x1a0 Fusb307b/Src/port.o
 .debug_aranges
                0x0000000000000ec8       0x58 Fusb307b/Src/protocol.o
 .debug_aranges
                0x0000000000000f20       0x48 Fusb307b/Src/registers.o
 .debug_aranges
                0x0000000000000f68       0x20 Fusb307b/Src/systempolicy.o
 .debug_aranges
                0x0000000000000f88       0x48 Fusb307b/Src/timer.o
 .debug_aranges
                0x0000000000000fd0       0x98 Fusb307b/Src/typec.o
 .debug_aranges
                0x0000000000001068      0x1c0 Fusb307b/Src/vdm.o
 .debug_aranges
                0x0000000000001228       0x28 Fusb307b/Src/vendor_info.o

.debug_ranges   0x0000000000000000     0x10a8
 .debug_ranges  0x0000000000000000       0x38 Core/Src/main.o
 .debug_ranges  0x0000000000000038       0xd0 Core/Src/platform.o
 .debug_ranges  0x0000000000000108       0x20 Core/Src/stm32l4xx_hal_msp.o
 .debug_ranges  0x0000000000000128       0x58 Core/Src/stm32l4xx_it.o
 .debug_ranges  0x0000000000000180       0x18 Core/Src/system_stm32l4xx.o
 .debug_ranges  0x0000000000000198       0x20 Core/Startup/startup_stm32l476mgyx.o
 .debug_ranges  0x00000000000001b8      0x120 Drivers/STM32L4xx_HAL_Driver/Src/stm32l4xx_hal.o
 .debug_ranges  0x00000000000002d8      0x108 Drivers/STM32L4xx_HAL_Driver/Src/stm32l4xx_hal_cortex.o
 .debug_ranges  0x00000000000003e0       0x48 Drivers/STM32L4xx_HAL_Driver/Src/stm32l4xx_hal_gpio.o
 .debug_ranges  0x0000000000000428      0x278 Drivers/STM32L4xx_HAL_Driver/Src/stm32l4xx_hal_i2c.o
 .debug_ranges  0x00000000000006a0       0x38 Drivers/STM32L4xx_HAL_Driver/Src/stm32l4xx_hal_i2c_ex.o
 .debug_ranges  0x00000000000006d8      0x138 Drivers/STM32L4xx_HAL_Driver/Src/stm32l4xx_hal_pwr_ex.o
 .debug_ranges  0x0000000000000810       0x78 Drivers/STM32L4xx_HAL_Driver/Src/stm32l4xx_hal_rcc.o
 .debug_ranges  0x0000000000000888       0xb0 Drivers/STM32L4xx_HAL_Driver/Src/stm32l4xx_hal_rcc_ex.o
 .debug_ranges  0x0000000000000938       0x50 Fusb307b/Src/core.o
 .debug_ranges  0x0000000000000988       0x80 Fusb307b/Src/display_port.o
 .debug_ranges  0x0000000000000a08       0xa8 Fusb307b/Src/dpm.o
 .debug_ranges  0x0000000000000ab0       0x20 Fusb307b/Src/observer.o
 .debug_ranges  0x0000000000000ad0      0x130 Fusb307b/Src/policy.o
 .debug_ranges  0x0000000000000c00      0x190 Fusb307b/Src/port.o
 .debug_ranges  0x0000000000000d90       0x48 Fusb307b/Src/protocol.o
 .debug_ranges  0x0000000000000dd8       0x38 Fusb307b/Src/registers.o
 .debug_ranges  0x0000000000000e10       0x10 Fusb307b/Src/systempolicy.o
 .debug_ranges  0x0000000000000e20       0x38 Fusb307b/Src/timer.o
 .debug_ranges  0x0000000000000e58       0x88 Fusb307b/Src/typec.o
 .debug_ranges  0x0000000000000ee0      0x1b0 Fusb307b/Src/vdm.o
 .debug_ranges  0x0000000000001090       0x18 Fusb307b/Src/vendor_info.o

.debug_macro    0x0000000000000000    0x26529
 .debug_macro   0x0000000000000000      0x2b8 Core/Src/main.o
 .debug_macro   0x00000000000002b8      0xa72 Core/Src/main.o
 .debug_macro   0x0000000000000d2a       0xb4 Core/Src/main.o
 .debug_macro   0x0000000000000dde       0x2e Core/Src/main.o
 .debug_macro   0x0000000000000e0c       0x28 Core/Src/main.o
 .debug_macro   0x0000000000000e34       0x22 Core/Src/main.o
 .debug_macro   0x0000000000000e56       0x8e Core/Src/main.o
 .debug_macro   0x0000000000000ee4       0x51 Core/Src/main.o
 .debug_macro   0x0000000000000f35       0xef Core/Src/main.o
 .debug_macro   0x0000000000001024       0x6a Core/Src/main.o
 .debug_macro   0x000000000000108e      0x1df Core/Src/main.o
 .debug_macro   0x000000000000126d       0x1c Core/Src/main.o
 .debug_macro   0x0000000000001289       0x22 Core/Src/main.o
 .debug_macro   0x00000000000012ab       0xdf Core/Src/main.o
 .debug_macro   0x000000000000138a     0x102d Core/Src/main.o
 .debug_macro   0x00000000000023b7      0x11f Core/Src/main.o
 .debug_macro   0x00000000000024d6    0x1a11f Core/Src/main.o
 .debug_macro   0x000000000001c5f5       0x43 Core/Src/main.o
 .debug_macro   0x000000000001c638     0x3820 Core/Src/main.o
 .debug_macro   0x000000000001fe58      0x174 Core/Src/main.o
 .debug_macro   0x000000000001ffcc       0x5a Core/Src/main.o
 .debug_macro   0x0000000000020026     0x155f Core/Src/main.o
 .debug_macro   0x0000000000021585      0x59e Core/Src/main.o
 .debug_macro   0x0000000000021b23      0x241 Core/Src/main.o
 .debug_macro   0x0000000000021d64      0x13d Core/Src/main.o
 .debug_macro   0x0000000000021ea1      0x18b Core/Src/main.o
 .debug_macro   0x000000000002202c      0x26b Core/Src/main.o
 .debug_macro   0x0000000000022297      0x236 Core/Src/main.o
 .debug_macro   0x00000000000224cd      0x36e Core/Src/main.o
 .debug_macro   0x000000000002283b       0xe4 Core/Src/main.o
 .debug_macro   0x000000000002291f      0x22c Core/Src/main.o
 .debug_macro   0x0000000000022b4b       0x5e Core/Src/main.o
 .debug_macro   0x0000000000022ba9       0xa5 Core/Src/main.o
 .debug_macro   0x0000000000022c4e      0x122 Core/Src/main.o
 .debug_macro   0x0000000000022d70      0x3d4 Core/Src/main.o
 .debug_macro   0x0000000000023144      0x349 Core/Src/main.o
 .debug_macro   0x000000000002348d       0x10 Core/Src/main.o
 .debug_macro   0x000000000002349d      0x1a5 Core/Src/main.o
 .debug_macro   0x0000000000023642       0xe2 Core/Src/main.o
 .debug_macro   0x0000000000023724      0x12a Core/Src/main.o
 .debug_macro   0x000000000002384e       0x71 Core/Src/main.o
 .debug_macro   0x00000000000238bf      0x532 Core/Src/main.o
 .debug_macro   0x0000000000023df1       0x1c Core/Src/main.o
 .debug_macro   0x0000000000023e0d       0x76 Core/Src/main.o
 .debug_macro   0x0000000000023e83       0x10 Core/Src/main.o
 .debug_macro   0x0000000000023e93       0x1c Core/Src/main.o
 .debug_macro   0x0000000000023eaf       0xc4 Core/Src/main.o
 .debug_macro   0x0000000000023f73      0x23f Core/Src/platform.o
 .debug_macro   0x00000000000241b2       0x16 Core/Src/platform.o
 .debug_macro   0x00000000000241c8       0xd9 Core/Src/platform.o
 .debug_macro   0x00000000000242a1      0x124 Core/Src/platform.o
 .debug_macro   0x00000000000243c5      0x1cb Core/Src/stm32l4xx_hal_msp.o
 .debug_macro   0x0000000000024590      0x1d5 Core/Src/stm32l4xx_it.o
 .debug_macro   0x0000000000024765      0x1c7 Core/Src/system_stm32l4xx.o
 .debug_macro   0x000000000002492c      0x20f Drivers/STM32L4xx_HAL_Driver/Src/stm32l4xx_hal.o
 .debug_macro   0x0000000000024b3b      0x1c1 Drivers/STM32L4xx_HAL_Driver/Src/stm32l4xx_hal_cortex.o
 .debug_macro   0x0000000000024cfc      0x200 Drivers/STM32L4xx_HAL_Driver/Src/stm32l4xx_hal_gpio.o
 .debug_macro   0x0000000000024efc      0x286 Drivers/STM32L4xx_HAL_Driver/Src/stm32l4xx_hal_i2c.o
 .debug_macro   0x0000000000025182      0x1c1 Drivers/STM32L4xx_HAL_Driver/Src/stm32l4xx_hal_i2c_ex.o
 .debug_macro   0x0000000000025343      0x1e5 Drivers/STM32L4xx_HAL_Driver/Src/stm32l4xx_hal_pwr_ex.o
 .debug_macro   0x0000000000025528      0x203 Drivers/STM32L4xx_HAL_Driver/Src/stm32l4xx_hal_rcc.o
 .debug_macro   0x000000000002572b      0x1f7 Drivers/STM32L4xx_HAL_Driver/Src/stm32l4xx_hal_rcc_ex.o
 .debug_macro   0x0000000000025922       0xcc Fusb307b/Src/core.o
 .debug_macro   0x00000000000259ee       0x16 Fusb307b/Src/core.o
 .debug_macro   0x0000000000025a04       0xc6 Fusb307b/Src/display_port.o
 .debug_macro   0x0000000000025aca       0x22 Fusb307b/Src/display_port.o
 .debug_macro   0x0000000000025aec       0xd0 Fusb307b/Src/dpm.o
 .debug_macro   0x0000000000025bbc       0x10 Fusb307b/Src/dpm.o
 .debug_macro   0x0000000000025bcc       0x39 Fusb307b/Src/observer.o
 .debug_macro   0x0000000000025c05       0xbe Fusb307b/Src/observer.o
 .debug_macro   0x0000000000025cc3       0xf4 Fusb307b/Src/policy.o
 .debug_macro   0x0000000000025db7       0x10 Fusb307b/Src/policy.o
 .debug_macro   0x0000000000025dc7       0xc4 Fusb307b/Src/port.o
 .debug_macro   0x0000000000025e8b       0xd1 Fusb307b/Src/protocol.o
 .debug_macro   0x0000000000025f5c       0xa7 Fusb307b/Src/registers.o
 .debug_macro   0x0000000000026003       0xb5 Fusb307b/Src/systempolicy.o
 .debug_macro   0x00000000000260b8       0x3d Fusb307b/Src/timer.o
 .debug_macro   0x00000000000260f5       0xe1 Fusb307b/Src/typec.o
 .debug_macro   0x00000000000261d6       0xe8 Fusb307b/Src/vdm.o
 .debug_macro   0x00000000000262be       0x61 Fusb307b/Src/vendor_info.o
 .debug_macro   0x000000000002631f      0x19f Fusb307b/Src/vendor_info.o
 .debug_macro   0x00000000000264be       0x6b Fusb307b/Src/vendor_info.o

.debug_line     0x0000000000000000     0xbb60
 .debug_line    0x0000000000000000      0x8ad Core/Src/main.o
 .debug_line    0x00000000000008ad      0x8d1 Core/Src/platform.o
 .debug_line    0x000000000000117e      0x6d8 Core/Src/stm32l4xx_hal_msp.o
 .debug_line    0x0000000000001856      0x75f Core/Src/stm32l4xx_it.o
 .debug_line    0x0000000000001fb5      0x6d4 Core/Src/system_stm32l4xx.o
 .debug_line    0x0000000000002689       0x85 Core/Startup/startup_stm32l476mgyx.o
 .debug_line    0x000000000000270e      0x947 Drivers/STM32L4xx_HAL_Driver/Src/stm32l4xx_hal.o
 .debug_line    0x0000000000003055      0x9d2 Drivers/STM32L4xx_HAL_Driver/Src/stm32l4xx_hal_cortex.o
 .debug_line    0x0000000000003a27      0x867 Drivers/STM32L4xx_HAL_Driver/Src/stm32l4xx_hal_gpio.o
 .debug_line    0x000000000000428e     0x1a1f Drivers/STM32L4xx_HAL_Driver/Src/stm32l4xx_hal_i2c.o
 .debug_line    0x0000000000005cad      0x7ed Drivers/STM32L4xx_HAL_Driver/Src/stm32l4xx_hal_i2c_ex.o
 .debug_line    0x000000000000649a      0xa45 Drivers/STM32L4xx_HAL_Driver/Src/stm32l4xx_hal_pwr_ex.o
 .debug_line    0x0000000000006edf      0x9ae Drivers/STM32L4xx_HAL_Driver/Src/stm32l4xx_hal_rcc.o
 .debug_line    0x000000000000788d      0xc2f Drivers/STM32L4xx_HAL_Driver/Src/stm32l4xx_hal_rcc_ex.o
 .debug_line    0x00000000000084bc      0x264 Fusb307b/Src/core.o
 .debug_line    0x0000000000008720      0x3d3 Fusb307b/Src/display_port.o
 .debug_line    0x0000000000008af3      0x31b Fusb307b/Src/dpm.o
 .debug_line    0x0000000000008e0e       0xd9 Fusb307b/Src/observer.o
 .debug_line    0x0000000000008ee7      0xbda Fusb307b/Src/policy.o
 .debug_line    0x0000000000009ac1      0x809 Fusb307b/Src/port.o
 .debug_line    0x000000000000a2ca      0x32e Fusb307b/Src/protocol.o
 .debug_line    0x000000000000a5f8      0x2a7 Fusb307b/Src/registers.o
 .debug_line    0x000000000000a89f      0x12f Fusb307b/Src/systempolicy.o
 .debug_line    0x000000000000a9ce       0xf2 Fusb307b/Src/timer.o
 .debug_line    0x000000000000aac0      0x3d4 Fusb307b/Src/typec.o
 .debug_line    0x000000000000ae94      0xbd6 Fusb307b/Src/vdm.o
 .debug_line    0x000000000000ba6a       0xf6 Fusb307b/Src/vendor_info.o

.debug_str      0x0000000000000000    0xe9521
 .debug_str     0x0000000000000000    0xe4ac4 Core/Src/main.o
                                      0xe50e4 (size before relaxing)
 .debug_str     0x00000000000e4ac4      0x3b1 Core/Src/platform.o
                                      0xde71c (size before relaxing)
 .debug_str     0x00000000000e4e75       0x53 Core/Src/stm32l4xx_hal_msp.o
                                      0xdd855 (size before relaxing)
 .debug_str     0x00000000000e4ec8       0xd0 Core/Src/stm32l4xx_it.o
                                      0xdd29a (size before relaxing)
 .debug_str     0x00000000000e4f98       0xcd Core/Src/system_stm32l4xx.o
                                      0xdd3c8 (size before relaxing)
 .debug_str     0x00000000000e5065       0x36 Core/Startup/startup_stm32l476mgyx.o
                                         0x73 (size before relaxing)
 .debug_str     0x00000000000e509b      0x59c Drivers/STM32L4xx_HAL_Driver/Src/stm32l4xx_hal.o
                                      0xdde9f (size before relaxing)
 .debug_str     0x00000000000e5637      0x392 Drivers/STM32L4xx_HAL_Driver/Src/stm32l4xx_hal_cortex.o
                                      0xddc1b (size before relaxing)
 .debug_str     0x00000000000e59c9      0x224 Drivers/STM32L4xx_HAL_Driver/Src/stm32l4xx_hal_gpio.o
                                      0xdd647 (size before relaxing)
 .debug_str     0x00000000000e5bed      0xcfd Drivers/STM32L4xx_HAL_Driver/Src/stm32l4xx_hal_i2c.o
                                      0xde486 (size before relaxing)
 .debug_str     0x00000000000e68ea       0xb8 Drivers/STM32L4xx_HAL_Driver/Src/stm32l4xx_hal_i2c_ex.o
                                      0xdd8d1 (size before relaxing)
 .debug_str     0x00000000000e69a2      0x487 Drivers/STM32L4xx_HAL_Driver/Src/stm32l4xx_hal_pwr_ex.o
                                      0xdd8b6 (size before relaxing)
 .debug_str     0x00000000000e6e29      0x3a2 Drivers/STM32L4xx_HAL_Driver/Src/stm32l4xx_hal_rcc.o
                                      0xdd98a (size before relaxing)
 .debug_str     0x00000000000e71cb      0x3a6 Drivers/STM32L4xx_HAL_Driver/Src/stm32l4xx_hal_rcc_ex.o
                                      0xddb1b (size before relaxing)
 .debug_str     0x00000000000e7571      0x113 Fusb307b/Src/core.o
                                       0x9880 (size before relaxing)
 .debug_str     0x00000000000e7684      0x333 Fusb307b/Src/display_port.o
                                       0x93be (size before relaxing)
 .debug_str     0x00000000000e79b7      0x3f2 Fusb307b/Src/dpm.o
                                       0x9519 (size before relaxing)
 .debug_str     0x00000000000e7da9       0xb8 Fusb307b/Src/observer.o
                                       0x33d2 (size before relaxing)
 .debug_str     0x00000000000e7e61      0x4ba Fusb307b/Src/policy.o
                                       0xa1f3 (size before relaxing)
 .debug_str     0x00000000000e831b      0x3cb Fusb307b/Src/port.o
                                       0x9bfe (size before relaxing)
 .debug_str     0x00000000000e86e6       0xd1 Fusb307b/Src/protocol.o
                                       0x9d0f (size before relaxing)
 .debug_str     0x00000000000e87b7       0x7c Fusb307b/Src/registers.o
                                       0x7121 (size before relaxing)
 .debug_str     0x00000000000e8833       0x33 Fusb307b/Src/systempolicy.o
                                       0x90b2 (size before relaxing)
 .debug_str     0x00000000000e8866       0x73 Fusb307b/Src/timer.o
                                       0x359c (size before relaxing)
 .debug_str     0x00000000000e88d9      0x19d Fusb307b/Src/typec.o
                                       0x9e9b (size before relaxing)
 .debug_str     0x00000000000e8a76      0xa3b Fusb307b/Src/vdm.o
                                       0xa2a8 (size before relaxing)
 .debug_str     0x00000000000e94b1       0x70 Fusb307b/Src/vendor_info.o
                                       0x53a3 (size before relaxing)

.comment        0x0000000000000000       0x7b
 .comment       0x0000000000000000       0x7b Core/Src/main.o
                                         0x7c (size before relaxing)
 .comment       0x000000000000007b       0x7c Core/Src/platform.o
 .comment       0x000000000000007b       0x7c Core/Src/stm32l4xx_hal_msp.o
 .comment       0x000000000000007b       0x7c Core/Src/stm32l4xx_it.o
 .comment       0x000000000000007b       0x7c Core/Src/system_stm32l4xx.o
 .comment       0x000000000000007b       0x7c Drivers/STM32L4xx_HAL_Driver/Src/stm32l4xx_hal.o
 .comment       0x000000000000007b       0x7c Drivers/STM32L4xx_HAL_Driver/Src/stm32l4xx_hal_cortex.o
 .comment       0x000000000000007b       0x7c Drivers/STM32L4xx_HAL_Driver/Src/stm32l4xx_hal_gpio.o
 .comment       0x000000000000007b       0x7c Drivers/STM32L4xx_HAL_Driver/Src/stm32l4xx_hal_i2c.o
 .comment       0x000000000000007b       0x7c Drivers/STM32L4xx_HAL_Driver/Src/stm32l4xx_hal_i2c_ex.o
 .comment       0x000000000000007b       0x7c Drivers/STM32L4xx_HAL_Driver/Src/stm32l4xx_hal_pwr_ex.o
 .comment       0x000000000000007b       0x7c Drivers/STM32L4xx_HAL_Driver/Src/stm32l4xx_hal_rcc.o
 .comment       0x000000000000007b       0x7c Drivers/STM32L4xx_HAL_Driver/Src/stm32l4xx_hal_rcc_ex.o
 .comment       0x000000000000007b       0x7c Fusb307b/Src/core.o
 .comment       0x000000000000007b       0x7c Fusb307b/Src/display_port.o
 .comment       0x000000000000007b       0x7c Fusb307b/Src/dpm.o
 .comment       0x000000000000007b       0x7c Fusb307b/Src/observer.o
 .comment       0x000000000000007b       0x7c Fusb307b/Src/policy.o
 .comment       0x000000000000007b       0x7c Fusb307b/Src/port.o
 .comment       0x000000000000007b       0x7c Fusb307b/Src/protocol.o
 .comment       0x000000000000007b       0x7c Fusb307b/Src/registers.o
 .comment       0x000000000000007b       0x7c Fusb307b/Src/systempolicy.o
 .comment       0x000000000000007b       0x7c Fusb307b/Src/timer.o
 .comment       0x000000000000007b       0x7c Fusb307b/Src/typec.o
 .comment       0x000000000000007b       0x7c Fusb307b/Src/vdm.o
 .comment       0x000000000000007b       0x7c Fusb307b/Src/vendor_info.o

.debug_frame    0x0000000000000000     0x4a68
 .debug_frame   0x0000000000000000       0xdc Core/Src/main.o
 .debug_frame   0x00000000000000dc      0x3ac Core/Src/platform.o
 .debug_frame   0x0000000000000488       0x80 Core/Src/stm32l4xx_hal_msp.o
 .debug_frame   0x0000000000000508      0x128 Core/Src/stm32l4xx_it.o
 .debug_frame   0x0000000000000630       0x58 Core/Src/system_stm32l4xx.o
 .debug_frame   0x0000000000000688      0x498 Drivers/STM32L4xx_HAL_Driver/Src/stm32l4xx_hal.o
 .debug_frame   0x0000000000000b20      0x498 Drivers/STM32L4xx_HAL_Driver/Src/stm32l4xx_hal_cortex.o
 .debug_frame   0x0000000000000fb8      0x14c Drivers/STM32L4xx_HAL_Driver/Src/stm32l4xx_hal_gpio.o
 .debug_frame   0x0000000000001104      0xbc0 Drivers/STM32L4xx_HAL_Driver/Src/stm32l4xx_hal_i2c.o
 .debug_frame   0x0000000000001cc4      0x100 Drivers/STM32L4xx_HAL_Driver/Src/stm32l4xx_hal_i2c_ex.o
 .debug_frame   0x0000000000001dc4      0x524 Drivers/STM32L4xx_HAL_Driver/Src/stm32l4xx_hal_pwr_ex.o
 .debug_frame   0x00000000000022e8      0x1f4 Drivers/STM32L4xx_HAL_Driver/Src/stm32l4xx_hal_rcc.o
 .debug_frame   0x00000000000024dc      0x2fc Drivers/STM32L4xx_HAL_Driver/Src/stm32l4xx_hal_rcc_ex.o
 .debug_frame   0x00000000000027d8      0x14c Fusb307b/Src/core.o
 .debug_frame   0x0000000000002924      0x244 Fusb307b/Src/display_port.o
 .debug_frame   0x0000000000002b68      0x308 Fusb307b/Src/dpm.o
 .debug_frame   0x0000000000002e70       0x88 Fusb307b/Src/observer.o
 .debug_frame   0x0000000000002ef8      0x590 Fusb307b/Src/policy.o
 .debug_frame   0x0000000000003488      0x73c Fusb307b/Src/port.o
 .debug_frame   0x0000000000003bc4      0x138 Fusb307b/Src/protocol.o