policy.c:42:6:USBPDPolicyEngine	16	static
policy.c:305:6:PolicyErrorRecovery	16	static
policy.c:2053:6:PolicySinkStartup	24	static
policy.c:2117:6:PolicySinkSendHardReset	16	static
policy.c:2124:6:PolicySinkSoftReset	32	static
policy.c:2135:6:PolicySinkSendSoftReset	32	static
policy.c:2173:6:PolicySinkTransitionDefault	16	static
policy.c:2294:6:PolicySinkDiscovery	16	static
policy.c:2301:6:PolicySinkWaitCaps	16	static
policy.c:2339:6:PolicySinkEvaluateCaps	48	static
policy.c:2465:6:PolicySinkSelectCapability	32	static
policy.c:2573:6:PolicySinkTransitionSink	16	static
policy.c:2628:6:PolicySinkReady	16	static
policy.c:2856:6:PolicySinkGetSinkCap	32	static
policy.c:2897:6:PolicySinkGiveSinkCap	32	static
policy.c:2904:6:PolicySinkGetSourceCap	32	static
policy.c:2943:6:PolicySinkGiveSourceCap	16	static
policy.c:2956:6:PolicySinkSendDRSwap	32	static
policy.c:3009:6:PolicySinkEvaluateDRSwap	32	static
policy.c:3037:6:PolicySinkSendVCONNSwap	32	static
policy.c:3136:6:PolicySinkEvaluateVCONNSwap	32	static
policy.c:3208:6:PolicySinkSendPRSwap	16	static
policy.c:3320:6:PolicySinkEvaluatePRSwap	16	static
policy.c:3516:6:PolicySendNotSupported	32	static
policy.c:3562:6:PolicyNotSupported	16	static
policy.c:3568:6:PolicyDFPCBLSendSoftReset	32	static
policy.c:3606:6:PolicyDFPCBLSendReset	16	static
policy.c:3803:6:UpdateCapabilitiesRx	24	static
policy.c:3825:10:PolicySendHardReset	24	static
policy.c:3859:6:PolicySendGenericCommand	40	static
policy.c:3905:6:PolicySendGenericData	48	static
policy.c:3953:8:PolicySend	32	static
policy.c:4153:6:ProcessDmtBist	24	static
policy.c:4181:6:PolicyBISTCarrierMode2	16	static
policy.c:4227:6:PolicyBISTTestData	16	static
policy.c:4232:6:PolicyInvalidState	16	static
policy.c:4247:6:ProcessCableResetState	16	static
