port.c:39:6:InitializeVars	24	static
port.c:238:6:InitializePort	16	static
port.c:295:10:ReadRegister	24	static
port.c:301:10:ReadRegisters	24	static
port.c:312:6:ReadStatusRegisters	16	static
port.c:323:6:ReadAllRegisters	16	static
port.c:388:6:ReadRxRegisters	16	static
port.c:397:6:WriteRegister	24	static
port.c:403:6:WriteRegisters	24	static
port.c:409:6:WriteTxRegisters	16	static
port.c:422:6:ClearInterrupt	24	static
port.c:434:6:SendCommand	16	static
port.c:479:6:SetRpValue	16	static
port.c:498:6:UpdateSourceCurrent	16	static
port.c:504:6:UpdateSinkCurrent	16	static
port.c:514:9:GetVBusVoltage	24	static
port.c:543:10:IsVbusInRange	24	static
port.c:551:10:IsVbusVSafe0V	24	static
port.c:558:10:IsVbusVSafe5V	24	static
port.c:565:10:IsVbusOverVoltage	24	static
port.c:572:6:SetVBusSnkDisc	16	static
port.c:579:6:SetVBusStopDisc	16	static
port.c:586:6:SetVBusAlarm	16	static
port.c:604:12:DecodeCCTermination	16	static
port.c:657:12:DecodeCCTerminationSink	24	static
port.c:682:6:ResetDebounceVariables	16	static
port.c:690:6:DebounceCC	24	static
port.c:756:6:SetVConn	16	static
port.c:764:10:GetVConn	16	static
port.c:775:6:SetStateSink	16	static
port.c:807:6:DetectCCPin	16	static
port.c:845:6:UpdateVConnTermination	16	static
port.c:864:6:UpdateOrientation	16	static
port.c:914:6:ClearState	16	static
port.c:957:6:set_policy_msg_tx_sop	16	static
port.c:963:9:DecodeSopFromPdMsg	16	static
port.c:976:6:set_msg_id_count	24	static
port.c:982:6:set_message_id	24	static
port.c:988:13:ResetMessageIDs	16	static
port.c:996:6:ResetProtocolLayer	24	static
port.c:1038:6:PDEnable	24	static
port.c:1111:6:PDDisable	16	static
port.c:1146:6:set_sop_p_detect	16	static
port.c:1173:6:set_policy_state	16	static
port.c:1199:6:SetSinkTx	16	static
port.c:1267:6:set_vdm_msg_tx_sop	16	static
port.c:1274:6:LogTCState	16	static
port.c:1281:6:LogPEState	16	static
port.c:1288:6:PortPDReset	16	static
