vdm.c:39:13:CurrentSVDMVersion	16	static
vdm.c:47:6:PolicyVdm	16	static
vdm.c:94:6:PolicyGiveVdm	48	static
vdm.c:136:6:ConvertAndProcessVdmMessage	48	static
vdm.c:148:6:DoVdmCommand	40	static
vdm.c:207:6:AutoVdmDiscovery	16	static
vdm.c:295:9:RequestDiscoverIdentity	40	static
vdm.c:339:9:RequestDiscoverSvids	40	static
vdm.c:365:9:RequestDiscoverModes	40	static
vdm.c:391:9:RequestSendAttention	56	dynamic
vdm.c:418:9:RequestEnterMode	48	static
vdm.c:445:9:RequestExitMode	48	static
vdm.c:473:9:ProcessVdmMessage	32	static
vdm.c:537:10:evalResponseToSopVdm	24	static
vdm.c:562:10:evalResponseToCblVdm	24	static
vdm.c:571:9:ProcessDiscoverIdentity	192	static
vdm.c:743:9:ProcessDiscoverSvids	184	static
vdm.c:861:9:ProcessDiscoverModes	184	static
vdm.c:944:9:ProcessEnterMode	80	static
vdm.c:1008:9:ProcessExitMode	80	static
vdm.c:1079:9:ProcessAttention	32	static
vdm.c:1103:9:ProcessSvidSpecific	72	static
vdm.c:1134:6:SendVdmMessage	32	static
vdm.c:1151:6:SendVdmMessageWithTimeout	32	static
vdm.c:1158:6:StartVdmTimer	16	static
vdm.c:1184:6:ResetPolicyState	160	static
vdm.c:1273:10:VdmRequestIdentityInfo	64	static
vdm.c:1300:10:VdmRequestSvidInfo	56	static
vdm.c:1318:11:VdmRequestModesInfo	64	static
vdm.c:1347:10:VdmModeEntryRequest	24	static
vdm.c:1370:10:VdmModeExitRequest	24	static
vdm.c:1393:10:VdmEnterModeResult	24	static
vdm.c:1415:6:VdmExitModeResult	24	static
vdm.c:1429:6:VdmInformIdentity	16	static
vdm.c:1449:6:VdmInformSvids	24	static
vdm.c:1485:6:VdmInformModes	24	static
vdm.c:1522:6:VdmInformAttention	16	static
vdm.c:1528:6:VdmInitDpm	16	static
vdm.c:1541:9:getVdmTypeOf	24	static
vdm.c:1547:23:getUnstructuredVdmHeader	24	static
vdm.c:1556:21:getStructuredVdmHeader	24	static
vdm.c:1568:10:getIdHeader	24	static
vdm.c:1580:9:getBitsForUnstructuredVdmHeader	24	static
vdm.c:1594:9:getBitsForStructuredVdmHeader	24	static
vdm.c:1613:9:getBitsForIdHeader	24	static
vdm.c:1633:13:getCertStatVdo	24	static
vdm.c:1640:12:getProductVdo	24	static
vdm.c:1648:10:getCableVdo	24	static
vdm.c:1669:8:getAmaVdo	24	static
vdm.c:1686:9:getBitsForProductVdo	24	static
vdm.c:1697:9:getBitsForCertStatVdo	24	static
vdm.c:1706:9:getBitsForCableVdo	24	static
vdm.c:1741:9:getBitsForAmaVdo	24	static
