platform.c:83:6:PlatformInitialize	8	static
platform.c:110:6:InitializePeripheralClocks	4	static
platform.c:135:6:SystemClockConfig	4	static
platform.c:178:10:platform_i2c_read	120	static
platform.c:194:10:platform_i2c_write	120	static
platform.c:210:10:platform_get_device_irq_state	24	static
platform.c:232:6:platform_SetDebugPin	16	static
platform.c:238:6:platform_setHVSwitch	16	static
platform.c:244:10:platform_getHVSwitch	16	static
platform.c:250:6:platform_setPPSVoltage	16	static
platform.c:266:9:platform_getPPSVoltage	16	static
platform.c:275:6:platform_setPPSCurrent	16	static
platform.c:282:9:platform_getPPSCurrent	16	static
platform.c:291:6:InitializeTickTimer	8	static
platform.c:316:6:EnableTickTimer	16	static
platform.c:326:9:platform_current_time	4	static
platform.c:331:6:platform_delay	24	static
platform.c:337:6:SetTimeInterrupt	16	static
platform.c:347:6:ClearTimeInterrupt	4	static
platform.c:352:6:InitializeTSTimer	4	static
platform.c:375:6:EnableTSTimer	16	static
platform.c:387:6:platform_enable_timer	16	static
platform.c:393:9:platform_timestamp	4	static
platform.c:462:6:platform_printf	24	static
platform.c:534:6:WriteUART	16	static
platform.c:583:10:platform_dp_enable_pins	16	static
platform.c:588:6:platform_dp_status_update	16	static
