platform.c:83:6:PlatformInitialize	8	static
platform.c:110:10:platform_i2c_read	120	static
platform.c:126:10:platform_i2c_write	120	static
platform.c:142:10:platform_get_device_irq_state	24	static
platform.c:164:6:platform_SetDebugPin	16	static
platform.c:170:6:platform_setHVSwitch	16	static
platform.c:176:10:platform_getHVSwitch	16	static
platform.c:182:6:platform_setPPSVoltage	16	static
platform.c:198:9:platform_getPPSVoltage	16	static
platform.c:207:6:platform_setPPSCurrent	16	static
platform.c:214:9:platform_getPPSCurrent	16	static
platform.c:223:6:InitializeTickTimer	8	static
platform.c:248:6:EnableTickTimer	16	static
platform.c:258:9:platform_current_time	4	static
platform.c:263:6:platform_delay	24	static
platform.c:269:6:SetTimeInterrupt	16	static
platform.c:279:6:ClearTimeInterrupt	4	static
platform.c:284:6:InitializeTSTimer	4	static
platform.c:307:6:EnableTSTimer	16	static
platform.c:319:6:platform_enable_timer	16	static
platform.c:325:9:platform_timestamp	4	static
platform.c:394:6:platform_printf	24	static
platform.c:466:6:WriteUART	16	static
platform.c:515:10:platform_dp_enable_pins	16	static
platform.c:520:6:platform_dp_status_update	16	static
